"Hrvatske çume", d.o.o.                                        Stranica:       1
                                                               Datum: 05.03.2011

                                UREÑAJNI RAZREDI

GJ U.obl N.çum G.obl Vr1 Vr2 Zem Naziv                         Min.oph. Ophodnja
ÄÄÄÄÄÄÄÄÄÄÄÄÄÄÄÄÄÄÄÄÄÄÄÄÄÄÄÄÄÄÄÄÄÄÄÄÄÄÄÄÄÄÄÄÄÄÄÄÄÄÄÄÄÄÄÄÄÄÄÄÄÄÄÄÄÄÄÄÄÄÄÄÄÄÄÄÄÄÄÄ
095  N    11     11  01      111 Raynodobna sjemenja;a lu\njaka     0      10
095  N    11     11  02      111 Raynodobna sjemenja;a hrasta       0      10
095  N    11     11  10      111 Raynodobna sjemenja;a bukve        0      10
095  N    11     11  16      111 Raynodobna sjemenja;a obi;nog      0      10
095  N    11     11  27      111 Raynodobna sjemenja;a bagrema      0      10
095  N    11     31  10      111 Raynodobna panja;a bukve           0      10
095  N    11     51          211 Neobraslo proiyvodno tlo           0      10
095  N    12     11  02      111 Raynodobna sjemenja;a kitnjaka            10
095  N    12     11  10      111 Raynodobna sjemenja;a bukve s             10
095  N    12     11  27      111 Raynodobna sjemenja;a bagrema             10
