"Hrvatske Гume", d.o.o.                                                        Stranica:       1
GJ:  Mali Kalnik - Orehovec  2011-2020                                         Datum: 05.07.2011

VLASNIK:  Privatne Гume                                                              Obrazac O-8
                                        

URR: 111101   Raynodobna sjemenja;a lu\njaka                   Oph.:   0 Namjena: gospodarske   
здддддддддддддддддддддддддддддддддддддддддддддддддддддддддддддддддддддддддддддддддддддддддддддд©
Ё                     O P ▐ A   O S N O V A   S J E ╛ A  ( RAZNODOBNE ФUME )                   Ё
цддддддддддддддддбдддддддддддддддддддддддддддддддддддддддддддддддддддддддддбддддддддддддддддддд╢
Ё                Ё            Gospodarsko razdoblje 2011 - 2030            Ё                   Ё
Ё Vrste          цдддддддддддддддддддддддддддддддддддддбддддддддддддддддддд╢ Gospodarsko razd. Ё
Ё                Ё             Polurazdoblje           Ё   Polurazdoblje   Ё                   Ё
Ё drve├a         Ё              2011 - 2020            Ё    2021 - 2030    Ё    2031 - 2050    Ё
Ё                цдддддддддбдддддддддбдддддддбдддддддддедддддддддбдддддддддедддддддддбддддддддд╢
Ё                Ё         Ё  Drvna  Ё10-god Ё         Ё         Ё         Ё         Ё         Ё
Ё                Ё PovrГinaЁ  masa   ЁprirastЁ   Etat  Ё PovrГinaЁ   Etat  Ё PovrГinaЁ  Etat   Ё
Ё                цдддддддддедддддддддадддддддадддддддддедддддддддедддддддддедддддддддеддддддддд╢
Ё                Ё    ha   Ё             m3            Ё    ha   Ё    m3   Ё    ha   Ё   m3    Ё
цддддддддддддддддедддддддддедддддддддбдддддддбдддддддддедддддддддедддддддддедддддддддеддддддддд╢
ЁLU╕NJAK         Ё         Ё     2434Ё    450Ё      721Ё         Ё      607Ё         Ё     1126Ё
ЁKITNJAK         Ё         Ё      711Ё    140Ё      207Ё         Ё      195Ё         Ё      338Ё
ЁCER             Ё         Ё      170Ё     40Ё       40Ё         Ё       43Ё         Ё       80Ё
ЁO.BUKVA         Ё         Ё      543Ё    160Ё      112Ё         Ё      119Ё         Ё      231Ё
ЁO.GRAB          Ё         Ё     2672Ё   1070Ё      620Ё         Ё      603Ё         Ё     1295Ё
ЁBAGREM          Ё         Ё     1185Ё    560Ё      333Ё         Ё      358Ё         Ё      721Ё
ЁOTB             Ё         Ё      161Ё     50Ё        9Ё         Ё       10Ё         Ё       19Ё
ЁOMB             Ё         Ё      652Ё    280Ё      166Ё         Ё      156Ё         Ё      495Ё
цддддддддддддддддедддддддддедддддддддедддддддедддддддддедддддддддедддддддддедддддддддеддддддддд╢
ЁU k u p n o     Ё    31,96Ё     8528Ё   2750Ё     2208Ё    31,96Ё     2091Ё    63,92Ё     4305Ё
юддддддддддддддддадддддддддадддддддддадддддддадддддддддадддддддддадддддддддадддддддддаддддддддды
I/1 :  12D   24C   24F   25B   26F   27B                                                        
I/2 :  12D   24C   24F   25B   26F   27B                                                        
II  :  12D   24C   24F   25B   26F   27B                                                        
"Hrvatske Гume", d.o.o.                                                        Stranica:       1
GJ:  Mali Kalnik - Orehovec  2011-2020                                         Datum: 05.07.2011

VLASNIK:  Privatne Гume                                                              Obrazac O-8
                                        

URR: 111102   Raynodobna sjemenja;a hrasta kitnjaka            Oph.:   0 Namjena: gospodarske   
здддддддддддддддддддддддддддддддддддддддддддддддддддддддддддддддддддддддддддддддддддддддддддддд©
Ё                     O P ▐ A   O S N O V A   S J E ╛ A  ( RAZNODOBNE ФUME )                   Ё
цддддддддддддддддбдддддддддддддддддддддддддддддддддддддддддддддддддддддддддбддддддддддддддддддд╢
Ё                Ё            Gospodarsko razdoblje 2011 - 2030            Ё                   Ё
Ё Vrste          цдддддддддддддддддддддддддддддддддддддбддддддддддддддддддд╢ Gospodarsko razd. Ё
Ё                Ё             Polurazdoblje           Ё   Polurazdoblje   Ё                   Ё
Ё drve├a         Ё              2011 - 2020            Ё    2021 - 2030    Ё    2031 - 2050    Ё
Ё                цдддддддддбдддддддддбдддддддбдддддддддедддддддддбдддддддддедддддддддбддддддддд╢
Ё                Ё         Ё  Drvna  Ё10-god Ё         Ё         Ё         Ё         Ё         Ё
Ё                Ё PovrГinaЁ  masa   ЁprirastЁ   Etat  Ё PovrГinaЁ   Etat  Ё PovrГinaЁ  Etat   Ё
Ё                цдддддддддедддддддддадддддддадддддддддедддддддддедддддддддедддддддддеддддддддд╢
Ё                Ё    ha   Ё             m3            Ё    ha   Ё    m3   Ё    ha   Ё   m3    Ё
цддддддддддддддддедддддддддедддддддддбдддддддбдддддддддедддддддддедддддддддедддддддддеддддддддд╢
ЁLU╕NJAK         Ё         Ё     1293Ё    280Ё      212Ё         Ё      260Ё         Ё      403Ё
ЁKITNJAK         Ё         Ё    44855Ё   9340Ё    11464Ё         Ё    11335Ё         Ё    21456Ё
ЁCER             Ё         Ё     1042Ё    280Ё      171Ё         Ё      182Ё         Ё      342Ё
ЁO.BUKVA         Ё         Ё    17472Ё   5180Ё     4137Ё         Ё     4199Ё         Ё     7867Ё
ЁO.GRAB          Ё         Ё    23628Ё   9770Ё     5994Ё         Ё     5563Ё         Ё    10910Ё
ЁBAGREM          Ё         Ё    34282Ё  17420Ё    10734Ё         Ё    11447Ё         Ё    20849Ё
ЁOTB             Ё         Ё     3191Ё   1170Ё      388Ё         Ё      486Ё         Ё     1011Ё
ЁOMB             Ё         Ё     1206Ё    510Ё      102Ё         Ё      128Ё         Ё      282Ё
ЁC.BOR           Ё         Ё       48Ё     10Ё       48Ё         Ё         Ё         Ё         Ё
цддддддддддддддддедддддддддедддддддддедддддддедддддддддедддддддддедддддддддедддддддддеддддддддд╢
ЁU k u p n o     Ё   475,92Ё   127017Ё  43960Ё    33250Ё   475,92Ё    33600Ё   951,84Ё    63120Ё
юддддддддддддддддадддддддддадддддддддадддддддадддддддддадддддддддадддддддддадддддддддаддддддддды
I/1 :   2C    4B   11A   11C   12B   12C   13A   14A   14C   16A   17A   17B   18A   19A        
       20A   20B   21A   22A   22B   22C   23A   23B   24A   25A   26D   26E   27D              
       27E                                                                                      
I/2 :   2C    4B   11A   11C   12B   12C   13A   14A   14C   16A   17A   17B   18A   19A        
       20A   20B   21A   22A   22B   22C   23A   23B   24A   25A   26D   26E   27D              
       27E                                                                                      
II  :   2C    4B   11A   11C   12B   12C   13A   14A   14C   16A   17A   17B   18A   19A        
       20A   20B   21A   22A   22B   22C   23A   23B   24A   25A   26D   26E   27D              
       27E                                                                                      
"Hrvatske Гume", d.o.o.                                                        Stranica:       1
GJ:  Mali Kalnik - Orehovec  2011-2020                                         Datum: 05.07.2011

VLASNIK:  Privatne Гume                                                              Obrazac O-8
                                        

URR: 111110   Raynodobna sjemenja;a bukve                      Oph.:   0 Namjena: gospodarske   
здддддддддддддддддддддддддддддддддддддддддддддддддддддддддддддддддддддддддддддддддддддддддддддд©
Ё                     O P ▐ A   O S N O V A   S J E ╛ A  ( RAZNODOBNE ФUME )                   Ё
цддддддддддддддддбдддддддддддддддддддддддддддддддддддддддддддддддддддддддддбддддддддддддддддддд╢
Ё                Ё            Gospodarsko razdoblje 2011 - 2030            Ё                   Ё
Ё Vrste          цдддддддддддддддддддддддддддддддддддддбддддддддддддддддддд╢ Gospodarsko razd. Ё
Ё                Ё             Polurazdoblje           Ё   Polurazdoblje   Ё                   Ё
Ё drve├a         Ё              2011 - 2020            Ё    2021 - 2030    Ё    2031 - 2050    Ё
Ё                цдддддддддбдддддддддбдддддддбдддддддддедддддддддбдддддддддедддддддддбддддддддд╢
Ё                Ё         Ё  Drvna  Ё10-god Ё         Ё         Ё         Ё         Ё         Ё
Ё                Ё PovrГinaЁ  masa   ЁprirastЁ   Etat  Ё PovrГinaЁ   Etat  Ё PovrГinaЁ  Etat   Ё
Ё                цдддддддддедддддддддадддддддадддддддддедддддддддедддддддддедддддддддеддддддддд╢
Ё                Ё    ha   Ё             m3            Ё    ha   Ё    m3   Ё    ha   Ё   m3    Ё
цддддддддддддддддедддддддддедддддддддбдддддддбдддддддддедддддддддедддддддддедддддддддеддддддддд╢
ЁLU╕NJAK         Ё         Ё       68Ё     10Ё         Ё         Ё         Ё         Ё         Ё
ЁKITNJAK         Ё         Ё     7132Ё   1460Ё     1769Ё         Ё     1727Ё         Ё     3354Ё
ЁO.BUKVA         Ё         Ё    18321Ё   5440Ё     4196Ё         Ё     4302Ё         Ё     8446Ё
ЁO.GRAB          Ё         Ё     3401Ё   1320Ё      720Ё         Ё      737Ё         Ё     1453Ё
ЁBAGREM          Ё         Ё     6719Ё   3150Ё     2027Ё         Ё     1962Ё         Ё     3582Ё
ЁOTB             Ё         Ё      498Ё    190Ё       46Ё         Ё       54Ё         Ё      126Ё
ЁOMB             Ё         Ё      178Ё    100Ё         Ё         Ё         Ё         Ё         Ё
цддддддддддддддддедддддддддедддддддддедддддддедддддддддедддддддддедддддддддедддддддддеддддддддд╢
ЁU k u p n o     Ё   134,22Ё    36317Ё  11670Ё     8758Ё   134,22Ё     8782Ё   268,44Ё    16961Ё
юддддддддддддддддадддддддддадддддддддадддддддадддддддддадддддддддадддддддддадддддддддаддддддддды
I/1 :   1C    2D    3C    4C    5D   11B   12A   15A   15B   16C   18B   18C   19B              
I/2 :   1C    2D    3C    4C    5D   11B   12A   15A   15B   16C   18B   18C   19B              
II  :   1C    2D    3C    4C    5D   11B   12A   15A   15B   16C   18B   18C   19B              
"Hrvatske Гume", d.o.o.                                                        Stranica:       1
GJ:  Mali Kalnik - Orehovec  2011-2020                                         Datum: 05.07.2011

VLASNIK:  Privatne Гume                                                              Obrazac O-8
                                        

URR: 111116   Raynodobna sjemenja;a obi;nog graba              Oph.:   0 Namjena: gospodarske   
здддддддддддддддддддддддддддддддддддддддддддддддддддддддддддддддддддддддддддддддддддддддддддддд©
Ё                     O P ▐ A   O S N O V A   S J E ╛ A  ( RAZNODOBNE ФUME )                   Ё
цддддддддддддддддбдддддддддддддддддддддддддддддддддддддддддддддддддддддддддбддддддддддддддддддд╢
Ё                Ё            Gospodarsko razdoblje 2011 - 2030            Ё                   Ё
Ё Vrste          цдддддддддддддддддддддддддддддддддддддбддддддддддддддддддд╢ Gospodarsko razd. Ё
Ё                Ё             Polurazdoblje           Ё   Polurazdoblje   Ё                   Ё
Ё drve├a         Ё              2011 - 2020            Ё    2021 - 2030    Ё    2031 - 2050    Ё
Ё                цдддддддддбдддддддддбдддддддбдддддддддедддддддддбдддддддддедддддддддбддддддддд╢
Ё                Ё         Ё  Drvna  Ё10-god Ё         Ё         Ё         Ё         Ё         Ё
Ё                Ё PovrГinaЁ  masa   ЁprirastЁ   Etat  Ё PovrГinaЁ   Etat  Ё PovrГinaЁ  Etat   Ё
Ё                цдддддддддедддддддддадддддддадддддддддедддддддддедддддддддедддддддддеддддддддд╢
Ё                Ё    ha   Ё             m3            Ё    ha   Ё    m3   Ё    ha   Ё   m3    Ё
цддддддддддддддддедддддддддедддддддддбдддддддбдддддддддедддддддддедддддддддедддддддддеддддддддд╢
ЁLU╕NJAK         Ё         Ё      919Ё    170Ё      257Ё         Ё      236Ё         Ё      409Ё
ЁKITNJAK         Ё         Ё     1367Ё    300Ё      298Ё         Ё      305Ё         Ё      570Ё
ЁCER             Ё         Ё      770Ё    210Ё      141Ё         Ё      142Ё         Ё      296Ё
ЁO.BUKVA         Ё         Ё      512Ё    140Ё       75Ё         Ё       92Ё         Ё      120Ё
ЁO.GRAB          Ё         Ё     8291Ё   3310Ё     2033Ё         Ё     2060Ё         Ё     4029Ё
ЁBAGREM          Ё         Ё     3323Ё   1600Ё      950Ё         Ё      956Ё         Ё     2012Ё
ЁOTB             Ё         Ё      981Ё    340Ё      180Ё         Ё      168Ё         Ё      370Ё
ЁOMB             Ё         Ё      985Ё    390Ё      249Ё         Ё      241Ё         Ё      420Ё
ЁC.BOR           Ё         Ё      372Ё    120Ё      166Ё         Ё      149Ё         Ё      186Ё
цддддддддддддддддедддддддддедддддддддедддддддедддддддддедддддддддедддддддддедддддддддеддддддддд╢
ЁU k u p n o     Ё    79,05Ё    17520Ё   6580Ё     4349Ё    79,05Ё     4349Ё   158,10Ё     8412Ё
юддддддддддддддддадддддддддадддддддддадддддддадддддддддадддддддддадддддддддадддддддддаддддддддды
I/1 :  13B   18D   19C   20D   20E   24D   25C   26B   26C   27A   27F   27G                    
I/2 :  13B   18D   19C   20D   20E   24D   25C   26B   26C   27A   27F   27G                    
II  :  13B   18D   19C   20D   20E   24D   25C   26B   26C   27A   27F   27G                    
"Hrvatske Гume", d.o.o.                                                        Stranica:       1
GJ:  Mali Kalnik - Orehovec  2011-2020                                         Datum: 05.07.2011

VLASNIK:  Privatne Гume                                                              Obrazac O-8
                                        

URR: 111127   Raynodobna sjemenja;a bagrema                    Oph.:   0 Namjena: gospodarske   
здддддддддддддддддддддддддддддддддддддддддддддддддддддддддддддддддддддддддддддддддддддддддддддд©
Ё                     O P ▐ A   O S N O V A   S J E ╛ A  ( RAZNODOBNE ФUME )                   Ё
цддддддддддддддддбдддддддддддддддддддддддддддддддддддддддддддддддддддддддддбддддддддддддддддддд╢
Ё                Ё            Gospodarsko razdoblje 2011 - 2030            Ё                   Ё
Ё Vrste          цдддддддддддддддддддддддддддддддддддддбддддддддддддддддддд╢ Gospodarsko razd. Ё
Ё                Ё             Polurazdoblje           Ё   Polurazdoblje   Ё                   Ё
Ё drve├a         Ё              2011 - 2020            Ё    2021 - 2030    Ё    2031 - 2050    Ё
Ё                цдддддддддбдддддддддбдддддддбдддддддддедддддддддбдддддддддедддддддддбддддддддд╢
Ё                Ё         Ё  Drvna  Ё10-god Ё         Ё         Ё         Ё         Ё         Ё
Ё                Ё PovrГinaЁ  masa   ЁprirastЁ   Etat  Ё PovrГinaЁ   Etat  Ё PovrГinaЁ  Etat   Ё
Ё                цдддддддддедддддддддадддддддадддддддддедддддддддедддддддддедддддддддеддддддддд╢
Ё                Ё    ha   Ё             m3            Ё    ha   Ё    m3   Ё    ha   Ё   m3    Ё
цддддддддддддддддедддддддддедддддддддбдддддддбдддддддддедддддддддедддддддддедддддддддеддддддддд╢
ЁLU╕NJAK         Ё         Ё      476Ё     80Ё      112Ё         Ё      116Ё         Ё      229Ё
ЁKITNJAK         Ё         Ё     1964Ё    460Ё      386Ё         Ё      416Ё         Ё      885Ё
ЁO.BUKVA         Ё         Ё     1184Ё    390Ё      199Ё         Ё      214Ё         Ё      443Ё
ЁO.GRAB          Ё         Ё     4809Ё   2000Ё     1200Ё         Ё     1188Ё         Ё     2281Ё
ЁBAGREM          Ё         Ё    11002Ё   5940Ё     3363Ё         Ё     3221Ё         Ё     6620Ё
ЁOTB             Ё         Ё      776Ё    260Ё      115Ё         Ё      130Ё         Ё      247Ё
ЁOMB             Ё         Ё       82Ё     40Ё        8Ё         Ё        7Ё         Ё       15Ё
цддддддддддддддддедддддддддедддддддддедддддддедддддддддедддддддддедддддддддедддддддддеддддддддд╢
ЁU k u p n o     Ё    97,52Ё    20293Ё   9170Ё     5383Ё    97,52Ё     5292Ё   195,04Ё    10720Ё
юддддддддддддддддадддддддддадддддддддадддддддадддддддддадддддддддадддддддддадддддддддаддддддддды
I/1 :  14B   14D   15C   16B   18E   20C   22D   23C   24B   24E   26A   27C                    
I/2 :  14B   14D   15C   16B   18E   20C   22D   23C   24B   24E   26A   27C                    
II  :  14B   14D   15C   16B   18E   20C   22D   23C   24B   24E   26A   27C                    
"Hrvatske Гume", d.o.o.                                                        Stranica:       1
GJ:  Mali Kalnik - Orehovec  2011-2020                                         Datum: 05.07.2011

VLASNIK:  Privatne Гume                                                              Obrazac O-8
                                        

URR: 3C1102   raynodobna sjemanja;a kitnjaka posebne namjene   Oph.:     Namjena: zaГtitni      
здддддддддддддддддддддддддддддддддддддддддддддддддддддддддддддддддддддддддддддддддддддддддддддд©
Ё                     O P ▐ A   O S N O V A   S J E ╛ A  ( RAZNODOBNE ФUME )                   Ё
цддддддддддддддддбдддддддддддддддддддддддддддддддддддддддддддддддддддддддддбддддддддддддддддддд╢
Ё                Ё            Gospodarsko razdoblje 2011 - 2030            Ё                   Ё
Ё Vrste          цдддддддддддддддддддддддддддддддддддддбддддддддддддддддддд╢ Gospodarsko razd. Ё
Ё                Ё             Polurazdoblje           Ё   Polurazdoblje   Ё                   Ё
Ё drve├a         Ё              2011 - 2020            Ё    2021 - 2030    Ё    2031 - 2050    Ё
Ё                цдддддддддбдддддддддбдддддддбдддддддддедддддддддбдддддддддедддддддддбддддддддд╢
Ё                Ё         Ё  Drvna  Ё10-god Ё         Ё         Ё         Ё         Ё         Ё
Ё                Ё PovrГinaЁ  masa   ЁprirastЁ   Etat  Ё PovrГinaЁ   Etat  Ё PovrГinaЁ  Etat   Ё
Ё                цдддддддддедддддддддадддддддадддддддддедддддддддедддддддддедддддддддеддддддддд╢
Ё                Ё    ha   Ё             m3            Ё    ha   Ё    m3   Ё    ha   Ё   m3    Ё
цддддддддддддддддедддддддддедддддддддбдддддддбдддддддддедддддддддедддддддддедддддддддеддддддддд╢
ЁKITNJAK         Ё         Ё    23993Ё   5620Ё     4457Ё         Ё     4619Ё         Ё    10266Ё
ЁO.BUKVA         Ё         Ё     9224Ё   3310Ё     1976Ё         Ё     1995Ё         Ё     3943Ё
ЁO.GRAB          Ё         Ё     4695Ё   2230Ё      920Ё         Ё      916Ё         Ё     1823Ё
ЁBAGREM          Ё         Ё      795Ё    460Ё      126Ё         Ё      151Ё         Ё      294Ё
ЁOTB             Ё         Ё     1144Ё    470Ё      117Ё         Ё      190Ё         Ё      374Ё
ЁOMB             Ё         Ё       77Ё     50Ё         Ё         Ё       36Ё         Ё       48Ё
ЁC.BOR           Ё         Ё       15Ё     10Ё         Ё         Ё         Ё         Ё         Ё
цддддддддддддддддедддддддддедддддддддедддддддедддддддддедддддддддедддддддддедддддддддеддддддддд╢
ЁU k u p n o     Ё   175,57Ё    39943Ё  12150Ё     7596Ё   175,57Ё     7907Ё   351,14Ё    16748Ё
юддддддддддддддддадддддддддадддддддддадддддддадддддддддадддддддддадддддддддадддддддддаддддддддды
I/1 :   1B    2B    3B    4A    5A    6A    7A    9B   10A   10C                                
I/2 :   1B    2B    3B    4A    5A    6A    7A    9B   10A   10C                                
II  :   1B    2B    3B    4A    5A    6A    7A    9B   10A   10C                                
"Hrvatske Гume", d.o.o.                                                        Stranica:       1
GJ:  Mali Kalnik - Orehovec  2011-2020                                         Datum: 05.07.2011

VLASNIK:  Privatne Гume                                                              Obrazac O-8
                                        

URR: 3C1110   raynodobna sjemenja;a bukve posebne namjene      Oph.:     Namjena: zaГtitni      
здддддддддддддддддддддддддддддддддддддддддддддддддддддддддддддддддддддддддддддддддддддддддддддд©
Ё                     O P ▐ A   O S N O V A   S J E ╛ A  ( RAZNODOBNE ФUME )                   Ё
цддддддддддддддддбдддддддддддддддддддддддддддддддддддддддддддддддддддддддддбддддддддддддддддддд╢
Ё                Ё            Gospodarsko razdoblje 2011 - 2030            Ё                   Ё
Ё Vrste          цдддддддддддддддддддддддддддддддддддддбддддддддддддддддддд╢ Gospodarsko razd. Ё
Ё                Ё             Polurazdoblje           Ё   Polurazdoblje   Ё                   Ё
Ё drve├a         Ё              2011 - 2020            Ё    2021 - 2030    Ё    2031 - 2050    Ё
Ё                цдддддддддбдддддддддбдддддддбдддддддддедддддддддбдддддддддедддддддддбддддддддд╢
Ё                Ё         Ё  Drvna  Ё10-god Ё         Ё         Ё         Ё         Ё         Ё
Ё                Ё PovrГinaЁ  masa   ЁprirastЁ   Etat  Ё PovrГinaЁ   Etat  Ё PovrГinaЁ  Etat   Ё
Ё                цдддддддддедддддддддадддддддадддддддддедддддддддедддддддддедддддддддеддддддддд╢
Ё                Ё    ha   Ё             m3            Ё    ha   Ё    m3   Ё    ha   Ё   m3    Ё
цддддддддддддддддедддддддддедддддддддбдддддддбдддддддддедддддддддедддддддддедддддддддеддддддддд╢
ЁKITNJAK         Ё         Ё     3371Ё    790Ё      663Ё         Ё      697Ё         Ё     1410Ё
ЁCER             Ё         Ё       68Ё     10Ё        6Ё         Ё       11Ё         Ё       26Ё
ЁO.BUKVA         Ё         Ё     9224Ё   3050Ё     2000Ё         Ё     1868Ё         Ё     4114Ё
ЁO.GRAB          Ё         Ё     1916Ё    850Ё      377Ё         Ё      349Ё         Ё      778Ё
ЁBAGREM          Ё         Ё      492Ё    170Ё      116Ё         Ё      144Ё         Ё      229Ё
ЁOTB             Ё         Ё      398Ё    150Ё       32Ё         Ё       38Ё         Ё       83Ё
ЁOMB             Ё         Ё      260Ё    130Ё       38Ё         Ё       43Ё         Ё       92Ё
цддддддддддддддддедддддддддедддддддддедддддддедддддддддедддддддддедддддддддедддддддддеддддддддд╢
ЁU k u p n o     Ё    78,14Ё    15729Ё   5150Ё     3232Ё    78,14Ё     3150Ё   156,28Ё     6732Ё
юддддддддддддддддадддддддддадддддддддадддддддадддддддддадддддддддадддддддддадддддддддаддддддддды
I/1 :   1A    2A    3A    4E    4F    5B    5C    6B                                            
I/2 :   1A    2A    3A    4E    4F    5B    5C    6B                                            
II  :   1A    2A    3A    4E    4F    5B    5C    6B                                            
"Hrvatske Гume", d.o.o.                                                        Stranica:       1
GJ:  Mali Kalnik - Orehovec  2011-2020                                         Datum: 05.07.2011

VLASNIK:  Privatne Гume                                                              Obrazac O-8
                                        

URR: 3C1127   raynodobna sjemenja;a bagrema posebne namjene    Oph.:   0 Namjena: zaГtitni      
здддддддддддддддддддддддддддддддддддддддддддддддддддддддддддддддддддддддддддддддддддддддддддддд©
Ё                     O P ▐ A   O S N O V A   S J E ╛ A  ( RAZNODOBNE ФUME )                   Ё
цддддддддддддддддбдддддддддддддддддддддддддддддддддддддддддддддддддддддддддбддддддддддддддддддд╢
Ё                Ё            Gospodarsko razdoblje 2011 - 2030            Ё                   Ё
Ё Vrste          цдддддддддддддддддддддддддддддддддддддбддддддддддддддддддд╢ Gospodarsko razd. Ё
Ё                Ё             Polurazdoblje           Ё   Polurazdoblje   Ё                   Ё
Ё drve├a         Ё              2011 - 2020            Ё    2021 - 2030    Ё    2031 - 2050    Ё
Ё                цдддддддддбдддддддддбдддддддбдддддддддедддддддддбдддддддддедддддддддбддддддддд╢
Ё                Ё         Ё  Drvna  Ё10-god Ё         Ё         Ё         Ё         Ё         Ё
Ё                Ё PovrГinaЁ  masa   ЁprirastЁ   Etat  Ё PovrГinaЁ   Etat  Ё PovrГinaЁ  Etat   Ё
Ё                цдддддддддедддддддддадддддддадддддддддедддддддддедддддддддедддддддддеддддддддд╢
Ё                Ё    ha   Ё             m3            Ё    ha   Ё    m3   Ё    ha   Ё   m3    Ё
цддддддддддддддддедддддддддедддддддддбдддддддбдддддддддедддддддддедддддддддедддддддддеддддддддд╢
ЁKITNJAK         Ё         Ё      293Ё     90Ё       37Ё         Ё       35Ё         Ё       74Ё
ЁBAGREM          Ё         Ё      567Ё    360Ё      104Ё         Ё       91Ё         Ё      176Ё
ЁOTB             Ё         Ё       62Ё     40Ё        9Ё         Ё        9Ё         Ё       20Ё
цддддддддддддддддедддддддддедддддддддедддддддедддддддддедддддддддедддддддддедддддддддеддддддддд╢
ЁU k u p n o     Ё     9,46Ё      922Ё    490Ё      150Ё     9,46Ё      135Ё    18,92Ё      270Ё
юддддддддддддддддадддддддддадддддддддадддддддадддддддддадддддддддадддддддддадддддддддаддддддддды
I/1 :  10B                                                                                      
I/2 :  10B                                                                                      
II  :  10B                                                                                      
"Hrvatske Гume", d.o.o.                                                        Stranica:       1
GJ:  Mali Kalnik - Orehovec  2011-2020                                         Datum: 05.07.2011

VLASNIK:  Privatne Гume                                                              Obrazac O-8
                                        

URR: 3C3110   raynodobna panja;a bukve posebne namjene         Oph.:   0 Namjena: zaГtitni      
здддддддддддддддддддддддддддддддддддддддддддддддддддддддддддддддддддддддддддддддддддддддддддддд©
Ё                     O P ▐ A   O S N O V A   S J E ╛ A  ( RAZNODOBNE ФUME )                   Ё
цддддддддддддддддбдддддддддддддддддддддддддддддддддддддддддддддддддддддддддбддддддддддддддддддд╢
Ё                Ё            Gospodarsko razdoblje 2011 - 2030            Ё                   Ё
Ё Vrste          цдддддддддддддддддддддддддддддддддддддбддддддддддддддддддд╢ Gospodarsko razd. Ё
Ё                Ё             Polurazdoblje           Ё   Polurazdoblje   Ё                   Ё
Ё drve├a         Ё              2011 - 2020            Ё    2021 - 2030    Ё    2031 - 2050    Ё
Ё                цдддддддддбдддддддддбдддддддбдддддддддедддддддддбдддддддддедддддддддбддддддддд╢
Ё                Ё         Ё  Drvna  Ё10-god Ё         Ё         Ё         Ё         Ё         Ё
Ё                Ё PovrГinaЁ  masa   ЁprirastЁ   Etat  Ё PovrГinaЁ   Etat  Ё PovrГinaЁ  Etat   Ё
Ё                цдддддддддедддддддддадддддддадддддддддедддддддддедддддддддедддддддддеддддддддд╢
Ё                Ё    ha   Ё             m3            Ё    ha   Ё    m3   Ё    ha   Ё   m3    Ё
цддддддддддддддддедддддддддедддддддддбдддддддбдддддддддедддддддддедддддддддедддддддддеддддддддд╢
ЁKITNJAK         Ё         Ё      828Ё    180Ё       50Ё         Ё      120Ё         Ё      398Ё
ЁO.BUKVA         Ё         Ё     2815Ё   1040Ё      592Ё         Ё      571Ё         Ё     1305Ё
ЁO.GRAB          Ё         Ё      893Ё    420Ё      190Ё         Ё      173Ё         Ё      361Ё
ЁOTB             Ё         Ё      655Ё    240Ё      160Ё         Ё      148Ё         Ё      266Ё
ЁOMB             Ё         Ё      237Ё    120Ё       45Ё         Ё       43Ё         Ё      114Ё
ЁSMREKA          Ё         Ё         Ё       Ё         Ё         Ё         Ё         Ё         Ё
цддддддддддддддддедддддддддедддддддддедддддддедддддддддедддддддддедддддддддедддддддддеддддддддд╢
ЁU k u p n o     Ё    31,22Ё     5428Ё   2000Ё     1037Ё    31,22Ё     1055Ё    79,64Ё     2444Ё
юддддддддддддддддадддддддддадддддддддадддддддадддддддддадддддддддадддддддддадддддддддаддддддддды
I/1 :   8A    9A                                                                                
I/2 :   8A    9A                                                                                
II  :   8A    8B    9A                                                                          
"Hrvatske Гume", d.o.o.                                                        Stranica:       1
GJ:  Mali Kalnik - Orehovec  2011-2020                                         Datum: 05.07.2011

                                                                                     Obrazac O-8
                                         REKAPITULACIJA

VLASNIK:  Privatne Гume                 
N.ФUME:   gospodarske                   

здддддддддддддддддддддддддддддддддддддддддддддддддддддддддддддддддддддддддддддддддддддддддддддд©
Ё                     O P ▐ A   O S N O V A   S J E ╛ A  ( RAZNODOBNE ФUME )                   Ё
цддддддддддддддддбдддддддддддддддддддддддддддддддддддддддддддддддддддддддддбддддддддддддддддддд╢
Ё                Ё            Gospodarsko razdoblje 2011 - 2030            Ё                   Ё
Ё Vrste          цдддддддддддддддддддддддддддддддддддддбддддддддддддддддддд╢ Gospodarsko razd. Ё
Ё                Ё             Polurazdoblje           Ё   Polurazdoblje   Ё                   Ё
Ё drve├a         Ё              2011 - 2020            Ё    2021 - 2030    Ё    2031 - 2050    Ё
Ё                цдддддддддбдддддддддбдддддддбдддддддддедддддддддбдддддддддедддддддддбддддддддд╢
Ё                Ё         Ё  Drvna  Ё10-god Ё         Ё         Ё         Ё         Ё         Ё
Ё                Ё PovrГinaЁ  masa   ЁprirastЁ   Etat  Ё PovrГinaЁ   Etat  Ё PovrГinaЁ  Etat   Ё
Ё                цдддддддддедддддддддадддддддадддддддддедддддддддедддддддддедддддддддеддддддддд╢
Ё                Ё    ha   Ё             m3            Ё    ha   Ё    m3   Ё    ha   Ё   m3    Ё
цддддддддддддддддедддддддддедддддддддбдддддддбдддддддддедддддддддедддддддддедддддддддеддддддддд╢
ЁLU╕NJAK         Ё         Ё     5190Ё    990Ё     1302Ё         Ё     1219Ё         Ё     2167Ё
ЁKITNJAK         Ё         Ё    56029Ё  11700Ё    14124Ё         Ё    13978Ё         Ё    26603Ё
ЁCER             Ё         Ё     1982Ё    530Ё      352Ё         Ё      367Ё         Ё      718Ё
ЁO.BUKVA         Ё         Ё    38032Ё  11310Ё     8719Ё         Ё     8926Ё         Ё    17107Ё
ЁO.GRAB          Ё         Ё    42801Ё  17470Ё    10567Ё         Ё    10151Ё         Ё    19968Ё
ЁBAGREM          Ё         Ё    56511Ё  28670Ё    17407Ё         Ё    17944Ё         Ё    33784Ё
ЁOTB             Ё         Ё     5607Ё   2010Ё      738Ё         Ё      848Ё         Ё     1773Ё
ЁOMB             Ё         Ё     3103Ё   1320Ё      525Ё         Ё      532Ё         Ё     1212Ё
ЁC.BOR           Ё         Ё      420Ё    130Ё      214Ё         Ё      149Ё         Ё      186Ё
цддддддддддддддддедддддддддедддддддддедддддддедддддддддедддддддддедддддддддедддддддддеддддддддд╢
ЁU k u p n o     Ё   818,67Ё   209675Ё  74130Ё    53948Ё   818,67Ё    54114Ё  1637,34Ё   103518Ё
юддддддддддддддддадддддддддадддддддддадддддддадддддддддадддддддддадддддддддадддддддддаддддддддды
"Hrvatske Гume", d.o.o.                                                        Stranica:       2
GJ:  Mali Kalnik - Orehovec  2011-2020                                         Datum: 05.07.2011

                                                                                     Obrazac O-8
                                         REKAPITULACIJA

VLASNIK:  Privatne Гume                 
N.ФUME:   zaГtitni krajolik             

здддддддддддддддддддддддддддддддддддддддддддддддддддддддддддддддддддддддддддддддддддддддддддддд©
Ё                     O P ▐ A   O S N O V A   S J E ╛ A  ( RAZNODOBNE ФUME )                   Ё
цддддддддддддддддбдддддддддддддддддддддддддддддддддддддддддддддддддддддддддбддддддддддддддддддд╢
Ё                Ё            Gospodarsko razdoblje 2011 - 2030            Ё                   Ё
Ё Vrste          цдддддддддддддддддддддддддддддддддддддбддддддддддддддддддд╢ Gospodarsko razd. Ё
Ё                Ё             Polurazdoblje           Ё   Polurazdoblje   Ё                   Ё
Ё drve├a         Ё              2011 - 2020            Ё    2021 - 2030    Ё    2031 - 2050    Ё
Ё                цдддддддддбдддддддддбдддддддбдддддддддедддддддддбдддддддддедддддддддбддддддддд╢
Ё                Ё         Ё  Drvna  Ё10-god Ё         Ё         Ё         Ё         Ё         Ё
Ё                Ё PovrГinaЁ  masa   ЁprirastЁ   Etat  Ё PovrГinaЁ   Etat  Ё PovrГinaЁ  Etat   Ё
Ё                цдддддддддедддддддддадддддддадддддддддедддддддддедддддддддедддддддддеддддддддд╢
Ё                Ё    ha   Ё             m3            Ё    ha   Ё    m3   Ё    ha   Ё   m3    Ё
цддддддддддддддддедддддддддедддддддддбдддддддбдддддддддедддддддддедддддддддедддддддддеддддддддд╢
ЁKITNJAK         Ё         Ё    28485Ё   6680Ё     5207Ё         Ё     5471Ё         Ё    12148Ё
ЁCER             Ё         Ё       68Ё     10Ё        6Ё         Ё       11Ё         Ё       26Ё
ЁO.BUKVA         Ё         Ё    21263Ё   7400Ё     4568Ё         Ё     4434Ё         Ё     9362Ё
ЁO.GRAB          Ё         Ё     7504Ё   3500Ё     1487Ё         Ё     1438Ё         Ё     2962Ё
ЁBAGREM          Ё         Ё     1854Ё    990Ё      346Ё         Ё      386Ё         Ё      699Ё
ЁOTB             Ё         Ё     2259Ё    900Ё      318Ё         Ё      385Ё         Ё      743Ё
ЁOMB             Ё         Ё      574Ё    300Ё       83Ё         Ё      122Ё         Ё      254Ё
ЁSMREKA          Ё         Ё         Ё       Ё         Ё         Ё         Ё         Ё         Ё
ЁC.BOR           Ё         Ё       15Ё     10Ё         Ё         Ё         Ё         Ё         Ё
цддддддддддддддддедддддддддедддддддддедддддддедддддддддедддддддддедддддддддедддддддддеддддддддд╢
ЁU k u p n o     Ё   294,39Ё    62022Ё  19790Ё    12015Ё   294,39Ё    12247Ё   605,98Ё    26194Ё
юддддддддддддддддадддддддддадддддддддадддддддадддддддддадддддддддадддддддддадддддддддаддддддддды
"Hrvatske Гume", d.o.o.                                                        Stranica:       1
GJ:  Mali Kalnik - Orehovec  2011-2020                                         Datum: 05.07.2011

                                                                                     Obrazac O-8
                                         REKAPITULACIJA

Namjena Гume: GOSPODARSKE         

здддддддддддддддддддддддддддддддддддддддддддддддддддддддддддддддддддддддддддддддддддддддддддддд©
Ё                     O P ▐ A   O S N O V A   S J E ╛ A  ( RAZNODOBNE ФUME )                   Ё
цддддддддддддддддбдддддддддддддддддддддддддддддддддддддддддддддддддддддддддбддддддддддддддддддд╢
Ё                Ё            Gospodarsko razdoblje 2011 - 2030            Ё                   Ё
Ё Vrste          цдддддддддддддддддддддддддддддддддддддбддддддддддддддддддд╢ Gospodarsko razd. Ё
Ё                Ё             Polurazdoblje           Ё   Polurazdoblje   Ё                   Ё
Ё drve├a         Ё              2011 - 2020            Ё    2021 - 2030    Ё    2031 - 2050    Ё
Ё                цдддддддддбдддддддддбдддддддбдддддддддедддддддддбдддддддддедддддддддбддддддддд╢
Ё                Ё         Ё  Drvna  Ё10-god Ё         Ё         Ё         Ё         Ё         Ё
Ё                Ё PovrГinaЁ  masa   ЁprirastЁ   Etat  Ё PovrГinaЁ   Etat  Ё PovrГinaЁ  Etat   Ё
Ё                цдддддддддедддддддддадддддддадддддддддедддддддддедддддддддедддддддддеддддддддд╢
Ё                Ё    ha   Ё             m3            Ё    ha   Ё    m3   Ё    ha   Ё   m3    Ё
цддддддддддддддддедддддддддедддддддддбдддддддбдддддддддедддддддддедддддддддедддддддддеддддддддд╢
ЁLU╕NJAK         Ё         Ё     5190Ё    990Ё     1302Ё         Ё     1219Ё         Ё     2167Ё
ЁKITNJAK         Ё         Ё    56029Ё  11700Ё    14124Ё         Ё    13978Ё         Ё    26603Ё
ЁCER             Ё         Ё     1982Ё    530Ё      352Ё         Ё      367Ё         Ё      718Ё
ЁO.BUKVA         Ё         Ё    38032Ё  11310Ё     8719Ё         Ё     8926Ё         Ё    17107Ё
ЁO.GRAB          Ё         Ё    42801Ё  17470Ё    10567Ё         Ё    10151Ё         Ё    19968Ё
ЁBAGREM          Ё         Ё    56511Ё  28670Ё    17407Ё         Ё    17944Ё         Ё    33784Ё
ЁOTB             Ё         Ё     5607Ё   2010Ё      738Ё         Ё      848Ё         Ё     1773Ё
ЁOMB             Ё         Ё     3103Ё   1320Ё      525Ё         Ё      532Ё         Ё     1212Ё
ЁC.BOR           Ё         Ё      420Ё    130Ё      214Ё         Ё      149Ё         Ё      186Ё
цддддддддддддддддедддддддддедддддддддедддддддедддддддддедддддддддедддддддддедддддддддеддддддддд╢
ЁU k u p n o     Ё   818,67Ё   209675Ё  74130Ё    53948Ё   818,67Ё    54114Ё  1637,34Ё   103518Ё
юддддддддддддддддадддддддддадддддддддадддддддадддддддддадддддддддадддддддддадддддддддаддддддддды
"Hrvatske Гume", d.o.o.                                                        Stranica:       2
GJ:  Mali Kalnik - Orehovec  2011-2020                                         Datum: 05.07.2011

                                                                                     Obrazac O-8
                                         REKAPITULACIJA

Namjena Гume: POSEBNE NAMJENE     

здддддддддддддддддддддддддддддддддддддддддддддддддддддддддддддддддддддддддддддддддддддддддддддд©
Ё                     O P ▐ A   O S N O V A   S J E ╛ A  ( RAZNODOBNE ФUME )                   Ё
цддддддддддддддддбдддддддддддддддддддддддддддддддддддддддддддддддддддддддддбддддддддддддддддддд╢
Ё                Ё            Gospodarsko razdoblje 2011 - 2030            Ё                   Ё
Ё Vrste          цдддддддддддддддддддддддддддддддддддддбддддддддддддддддддд╢ Gospodarsko razd. Ё
Ё                Ё             Polurazdoblje           Ё   Polurazdoblje   Ё                   Ё
Ё drve├a         Ё              2011 - 2020            Ё    2021 - 2030    Ё    2031 - 2050    Ё
Ё                цдддддддддбдддддддддбдддддддбдддддддддедддддддддбдддддддддедддддддддбддддддддд╢
Ё                Ё         Ё  Drvna  Ё10-god Ё         Ё         Ё         Ё         Ё         Ё
Ё                Ё PovrГinaЁ  masa   ЁprirastЁ   Etat  Ё PovrГinaЁ   Etat  Ё PovrГinaЁ  Etat   Ё
Ё                цдддддддддедддддддддадддддддадддддддддедддддддддедддддддддедддддддддеддддддддд╢
Ё                Ё    ha   Ё             m3            Ё    ha   Ё    m3   Ё    ha   Ё   m3    Ё
цддддддддддддддддедддддддддедддддддддбдддддддбдддддддддедддддддддедддддддддедддддддддеддддддддд╢
ЁKITNJAK         Ё         Ё    28485Ё   6680Ё     5207Ё         Ё     5471Ё         Ё    12148Ё
ЁCER             Ё         Ё       68Ё     10Ё        6Ё         Ё       11Ё         Ё       26Ё
ЁO.BUKVA         Ё         Ё    21263Ё   7400Ё     4568Ё         Ё     4434Ё         Ё     9362Ё
ЁO.GRAB          Ё         Ё     7504Ё   3500Ё     1487Ё         Ё     1438Ё         Ё     2962Ё
ЁBAGREM          Ё         Ё     1854Ё    990Ё      346Ё         Ё      386Ё         Ё      699Ё
ЁOTB             Ё         Ё     2259Ё    900Ё      318Ё         Ё      385Ё         Ё      743Ё
ЁOMB             Ё         Ё      574Ё    300Ё       83Ё         Ё      122Ё         Ё      254Ё
ЁSMREKA          Ё         Ё         Ё       Ё         Ё         Ё         Ё         Ё         Ё
ЁC.BOR           Ё         Ё       15Ё     10Ё         Ё         Ё         Ё         Ё         Ё
цддддддддддддддддедддддддддедддддддддедддддддедддддддддедддддддддедддддддддедддддддддеддддддддд╢
ЁU k u p n o     Ё   294,39Ё    62022Ё  19790Ё    12015Ё   294,39Ё    12247Ё   605,98Ё    26194Ё
юддддддддддддддддадддддддддадддддддддадддддддадддддддддадддддддддадддддддддадддддддддаддддддддды
"Hrvatske Гume", d.o.o.                                                        Stranica:       1
GJ:  Mali Kalnik - Orehovec  2011-2020                                         Datum: 05.07.2011

                                                                                     Obrazac O-8
                                         REKAPITULACIJA

здддддддддддддддддддддддддддддддддддддддддддддддддддддддддддддддддддддддддддддддддддддддддддддд©
Ё                     O P ▐ A   O S N O V A   S J E ╛ A  ( RAZNODOBNE ФUME )                   Ё
цддддддддддддддддбдддддддддддддддддддддддддддддддддддддддддддддддддддддддддбддддддддддддддддддд╢
Ё                Ё            Gospodarsko razdoblje 2011 - 2030            Ё                   Ё
Ё Vrste          цдддддддддддддддддддддддддддддддддддддбддддддддддддддддддд╢ Gospodarsko razd. Ё
Ё                Ё             Polurazdoblje           Ё   Polurazdoblje   Ё                   Ё
Ё drve├a         Ё              2011 - 2020            Ё    2021 - 2030    Ё    2031 - 2050    Ё
Ё                цдддддддддбдддддддддбдддддддбдддддддддедддддддддбдддддддддедддддддддбддддддддд╢
Ё                Ё         Ё  Drvna  Ё10-god Ё         Ё         Ё         Ё         Ё         Ё
Ё                Ё PovrГinaЁ  masa   ЁprirastЁ   Etat  Ё PovrГinaЁ   Etat  Ё PovrГinaЁ  Etat   Ё
Ё                цдддддддддедддддддддадддддддадддддддддедддддддддедддддддддедддддддддеддддддддд╢
Ё                Ё    ha   Ё             m3            Ё    ha   Ё    m3   Ё    ha   Ё   m3    Ё
цддддддддддддддддедддддддддедддддддддбдддддддбдддддддддедддддддддедддддддддедддддддддеддддддддд╢
ЁLU╕NJAK         Ё         Ё     5190Ё    990Ё     1302Ё         Ё     1219Ё         Ё     2167Ё
ЁKITNJAK         Ё         Ё    84514Ё  18380Ё    19331Ё         Ё    19449Ё         Ё    38751Ё
ЁCER             Ё         Ё     2050Ё    540Ё      358Ё         Ё      378Ё         Ё      744Ё
ЁO.BUKVA         Ё         Ё    59295Ё  18710Ё    13287Ё         Ё    13360Ё         Ё    26469Ё
ЁO.GRAB          Ё         Ё    50305Ё  20970Ё    12054Ё         Ё    11589Ё         Ё    22930Ё
ЁBAGREM          Ё         Ё    58365Ё  29660Ё    17753Ё         Ё    18330Ё         Ё    34483Ё
ЁOTB             Ё         Ё     7866Ё   2910Ё     1056Ё         Ё     1233Ё         Ё     2516Ё
ЁOMB             Ё         Ё     3677Ё   1620Ё      608Ё         Ё      654Ё         Ё     1466Ё
ЁSMREKA          Ё         Ё         Ё       Ё         Ё         Ё         Ё         Ё         Ё
ЁC.BOR           Ё         Ё      435Ё    140Ё      214Ё         Ё      149Ё         Ё      186Ё
цддддддддддддддддедддддддддедддддддддедддддддедддддддддедддддддддедддддддддедддддддддеддддддддд╢
ЁU k u p n o     Ё  1113,06Ё   271697Ё  93920Ё    65963Ё  1113,06Ё    66361Ё  2243,32Ё   129712Ё
юддддддддддддддддадддддддддадддддддддадддддддадддддддддадддддддддадддддддддадддддддддаддддддддды
