"Hrvatske Гume", d.o.o.                                                                       Stranica:      1
GJ:  Mali Kalnik - Orehovec  2011-2020                                                        08.07.2011 10:39

                                                                                                  Obrazac O-13
                                  
                                  
                                                                             Oph.:   0 Namjena: gospodarske   
здддддддддддддддддддддддддддддддддддддддддддддддддддддддддддддддддддддддддддддддддддддддддддддддддддддддддддд©
Ё  UTVRяENI RADOVI BIOLOФKE OBNOVE ФUMA IZ ╛LANKA 28. TO╛KE 1. DO 9. ZAKONA O ФUMAMA                         Ё
цдддддддддддддддддддддддддддддддддддддддддддддддддддддбдддддддддддддддддддддддддддддддддддддддддбдддддддддддд╢
Ё                   Ureпajni razred                   Ё                Vrsta rada               Ё  PovrГina  Ё
цдддддддддддддддддддддддддддддддддддддддддддддддддддддедддддддддддддддддддддддддддддддддддддддддедддддддддддд╢
Ё                          1                          Ё                     2                   Ё     3      Ё
цдддддддддддддддддддддддддддддддддддддддддддддддддддддедддддддддддддддддддддддддддддддддддддддддедддддддддддд╢
ЁN111101   Raynodobna sjemenja;a lu\njaka             Ё1011 -Priprema staniГta za prirodno      Ё       3,50 Ё
Ё                                                     Ё1021 -Popunjavanje Гuma i Гum. zemljiГta Ё       1,10 Ё
Ё                                                     Ё1022 -Njega pod zastorom stare sastojine Ё       3,50 Ё
Ё                                                     Ё1023 -Njega pomladka i mladika           Ё       3,10 Ё
Ё                                                     Ё1081 -Doznaka stabala                    Ё      31,96 Ё
Ё                                                     Ё1082 -Obavljanje nadzora u izvrГ. radova Ё      31,96 Ё
юдддддддддддддддддддддддддддддддддддддддддддддддддддддадддддддддддддддддддддддддддддддддддддддддадддддддддддды
1011 :  24C   25B   26F   27B                                                                   
1021 :  24C   25B   26F   27B                                                                   
1022 :  24C   25B   26F   27B                                                                   
1023 :  24C   25B   26F   27B                                                                   
1081 :  12D   24C   24F   25B   26F   27B                                                       
1082 :  12D   24C   24F   25B   26F   27B                                                       
"Hrvatske Гume", d.o.o.                                                                       Stranica:      1
GJ:  Mali Kalnik - Orehovec  2011-2020                                                        08.07.2011 10:39

                                                                                                  Obrazac O-13
                                  
                                  
                                                                             Oph.:   0 Namjena: gospodarske   
здддддддддддддддддддддддддддддддддддддддддддддддддддддддддддддддддддддддддддддддддддддддддддддддддддддддддддд©
Ё  UTVRяENI RADOVI BIOLOФKE OBNOVE ФUMA IZ ╛LANKA 28. TO╛KE 1. DO 9. ZAKONA O ФUMAMA                         Ё
цдддддддддддддддддддддддддддддддддддддддддддддддддддддбдддддддддддддддддддддддддддддддддддддддддбдддддддддддд╢
Ё                   Ureпajni razred                   Ё                Vrsta rada               Ё  PovrГina  Ё
цдддддддддддддддддддддддддддддддддддддддддддддддддддддедддддддддддддддддддддддддддддддддддддддддедддддддддддд╢
Ё                          1                          Ё                     2                   Ё     3      Ё
цдддддддддддддддддддддддддддддддддддддддддддддддддддддедддддддддддддддддддддддддддддддддддддддддедддддддддддд╢
ЁN111102   Raynodobna sjemenja;a hrasta kitnjaka      Ё1011 -Priprema staniГta za prirodno      Ё      44,20 Ё
Ё                                                     Ё1021 -Popunjavanje Гuma i Гum. zemljiГta Ё      12,90 Ё
Ё                                                     Ё1022 -Njega pod zastorom stare sastojine Ё      44,20 Ё
Ё                                                     Ё1023 -Njega pomladka i mladika           Ё      32,15 Ё
Ё                                                     Ё1081 -Doznaka stabala                    Ё     475,92 Ё
Ё                                                     Ё1082 -Obavljanje nadzora u izvrГ. radova Ё     475,92 Ё
юдддддддддддддддддддддддддддддддддддддддддддддддддддддадддддддддддддддддддддддддддддддддддддддддадддддддддддды
1011 :   2C    4B   11A   11C   12B   12C   13A   14A   14C   16A   17A   17B   18A   19A   20A 
        20B   21A   22A   22B   22C   23A   23B   24A   25A   26D   26E   27D   27E             
1021 :   2C    4B   11A   11C   12B   12C   13A   14A   14C   16A   17A   17B   18A   19A   20A 
        20B   21A   22A   22B   22C   23A   23B   24A   25A   26D   26E   27D   27E             
1022 :   2C    4B   11A   11C   12B   12C   13A   14A   14C   16A   17A   17B   18A   19A   20A 
        20B   21A   22A   22B   22C   23A   23B   24A   25A   26D   26E   27D   27E             
1023 :   2C    4B   11A   11C   12B   12C   13A   14A   14C   16A   17A   17B   18A   19A   20A 
        20B   21A   22A   22B   22C   23A   23B   24A   25A   26D   26E   27D   27E             
1081 :   2C    4B   11A   11C   12B   12C   13A   14A   14C   16A   17A   17B   18A   19A   20A 
        20B   21A   22A   22B   22C   23A   23B   24A   25A   26D   26E   27D   27E             
1082 :   2C    4B   11A   11C   12B   12C   13A   14A   14C   16A   17A   17B   18A   19A   20A 
        20B   21A   22A   22B   22C   23A   23B   24A   25A   26D   26E   27D   27E             
"Hrvatske Гume", d.o.o.                                                                       Stranica:      1
GJ:  Mali Kalnik - Orehovec  2011-2020                                                        08.07.2011 10:39

                                                                                                  Obrazac O-13
                                  
                                  
                                                                             Oph.:   0 Namjena: gospodarske   
здддддддддддддддддддддддддддддддддддддддддддддддддддддддддддддддддддддддддддддддддддддддддддддддддддддддддддд©
Ё  UTVRяENI RADOVI BIOLOФKE OBNOVE ФUMA IZ ╛LANKA 28. TO╛KE 1. DO 9. ZAKONA O ФUMAMA                         Ё
цдддддддддддддддддддддддддддддддддддддддддддддддддддддбдддддддддддддддддддддддддддддддддддддддддбдддддддддддд╢
Ё                   Ureпajni razred                   Ё                Vrsta rada               Ё  PovrГina  Ё
цдддддддддддддддддддддддддддддддддддддддддддддддддддддедддддддддддддддддддддддддддддддддддддддддедддддддддддд╢
Ё                          1                          Ё                     2                   Ё     3      Ё
цдддддддддддддддддддддддддддддддддддддддддддддддддддддедддддддддддддддддддддддддддддддддддддддддедддддддддддд╢
ЁN111110   Raynodobna sjemenja;a bukve                Ё1011 -Priprema staniГta za prirodno      Ё      15,30 Ё
Ё                                                     Ё1021 -Popunjavanje Гuma i Гum. zemljiГta Ё       4,50 Ё
Ё                                                     Ё1022 -Njega pod zastorom stare sastojine Ё      15,30 Ё
Ё                                                     Ё1023 -Njega pomladka i mladika           Ё      10,10 Ё
Ё                                                     Ё1081 -Doznaka stabala                    Ё     134,22 Ё
Ё                                                     Ё1082 -Obavljanje nadzora u izvrГ. radova Ё     134,22 Ё
юдддддддддддддддддддддддддддддддддддддддддддддддддддддадддддддддддддддддддддддддддддддддддддддддадддддддддддды
1011 :   1C    2D   11B   12A   15A   15B   16C   18B   18C   19B                               
1021 :   1C    2D   11B   12A   15A   15B   16C   18B   18C   19B                               
1022 :   1C    2D   11B   12A   15A   15B   16C   18B   18C   19B                               
1023 :  11B   12A   15A   15B   16C   18B   18C   19B                                           
1081 :   1C    2D    3C    4C    5D   11B   12A   15A   15B   16C   18B   18C   19B             
1082 :   1C    2D    3C    4C    5D   11B   12A   15A   15B   16C   18B   18C   19B             
"Hrvatske Гume", d.o.o.                                                                       Stranica:      1
GJ:  Mali Kalnik - Orehovec  2011-2020                                                        08.07.2011 10:39

                                                                                                  Obrazac O-13
                                  
                                  
                                                                             Oph.:   0 Namjena: gospodarske   
здддддддддддддддддддддддддддддддддддддддддддддддддддддддддддддддддддддддддддддддддддддддддддддддддддддддддддд©
Ё  UTVRяENI RADOVI BIOLOФKE OBNOVE ФUMA IZ ╛LANKA 28. TO╛KE 1. DO 9. ZAKONA O ФUMAMA                         Ё
цдддддддддддддддддддддддддддддддддддддддддддддддддддддбдддддддддддддддддддддддддддддддддддддддддбдддддддддддд╢
Ё                   Ureпajni razred                   Ё                Vrsta rada               Ё  PovrГina  Ё
цдддддддддддддддддддддддддддддддддддддддддддддддддддддедддддддддддддддддддддддддддддддддддддддддедддддддддддд╢
Ё                          1                          Ё                     2                   Ё     3      Ё
цдддддддддддддддддддддддддддддддддддддддддддддддддддддедддддддддддддддддддддддддддддддддддддддддедддддддддддд╢
ЁN111116   Raynodobna sjemenja;a obi;nog graba        Ё1011 -Priprema staniГta za prirodno      Ё       2,15 Ё
Ё                                                     Ё1021 -Popunjavanje Гuma i Гum. zemljiГta Ё       0,65 Ё
Ё                                                     Ё1022 -Njega pod zastorom stare sastojine Ё       2,15 Ё
Ё                                                     Ё1023 -Njega pomladka i mladika           Ё       4,03 Ё
Ё                                                     Ё1081 -Doznaka stabala                    Ё      79,05 Ё
Ё                                                     Ё1082 -Obavljanje nadzora u izvrГ. radova Ё      79,05 Ё
юдддддддддддддддддддддддддддддддддддддддддддддддддддддадддддддддддддддддддддддддддддддддддддддддадддддддддддды
1011 :  18D   20D   24D   25C   27A                                                             
1021 :  18D   20D   24D   25C   27A                                                             
1022 :  18D   20D   24D   25C   27A                                                             
1023 :  18D   20D   24D   27A                                                                   
1081 :  13B   18D   19C   20D   20E   24D   25C   26B   26C   27A   27F   27G                   
1082 :  13B   18D   19C   20D   20E   24D   25C   26B   26C   27A   27F   27G                   
"Hrvatske Гume", d.o.o.                                                                       Stranica:      1
GJ:  Mali Kalnik - Orehovec  2011-2020                                                        08.07.2011 10:39

                                                                                                  Obrazac O-13
                                  
                                  
                                                                             Oph.:   0 Namjena: gospodarske   
здддддддддддддддддддддддддддддддддддддддддддддддддддддддддддддддддддддддддддддддддддддддддддддддддддддддддддд©
Ё  UTVRяENI RADOVI BIOLOФKE OBNOVE ФUMA IZ ╛LANKA 28. TO╛KE 1. DO 9. ZAKONA O ФUMAMA                         Ё
цдддддддддддддддддддддддддддддддддддддддддддддддддддддбдддддддддддддддддддддддддддддддддддддддддбдддддддддддд╢
Ё                   Ureпajni razred                   Ё                Vrsta rada               Ё  PovrГina  Ё
цдддддддддддддддддддддддддддддддддддддддддддддддддддддедддддддддддддддддддддддддддддддддддддддддедддддддддддд╢
Ё                          1                          Ё                     2                   Ё     3      Ё
цдддддддддддддддддддддддддддддддддддддддддддддддддддддедддддддддддддддддддддддддддддддддддддддддедддддддддддд╢
ЁN111127   Raynodobna sjemenja;a bagrema              Ё1011 -Priprema staniГta za prirodno      Ё       1,00 Ё
Ё                                                     Ё1021 -Popunjavanje Гuma i Гum. zemljiГta Ё       0,30 Ё
Ё                                                     Ё1022 -Njega pod zastorom stare sastojine Ё       1,00 Ё
Ё                                                     Ё1023 -Njega pomladka i mladika           Ё       1,10 Ё
Ё                                                     Ё1081 -Doznaka stabala                    Ё      96,52 Ё
Ё                                                     Ё1082 -Obavljanje nadzora u izvrГ. radova Ё      95,28 Ё
юдддддддддддддддддддддддддддддддддддддддддддддддддддддадддддддддддддддддддддддддддддддддддддддддадддддддддддды
1011 :  23C   27C                                                                               
1021 :  23C   27C                                                                               
1022 :  23C   27C                                                                               
1023 :  23C   27C                                                                               
1081 :  14B   14D   15C   16B   18E   20C   22D   23C   24B   24E   26A   27C                   
1082 :  14B   14D   15C   16B   18E   20C   22D   23C   24B   24E   26A   27C                   
"Hrvatske Гume", d.o.o.                                                                       Stranica:      1
GJ:  Mali Kalnik - Orehovec  2011-2020                                                        08.07.2011 10:39

                                                                                                  Obrazac O-13
                                  
                                  
                                                                             Oph.:     Namjena: zaГtitni      
здддддддддддддддддддддддддддддддддддддддддддддддддддддддддддддддддддддддддддддддддддддддддддддддддддддддддддд©
Ё  UTVRяENI RADOVI BIOLOФKE OBNOVE ФUMA IZ ╛LANKA 28. TO╛KE 1. DO 9. ZAKONA O ФUMAMA                         Ё
цдддддддддддддддддддддддддддддддддддддддддддддддддддддбдддддддддддддддддддддддддддддддддддддддддбдддддддддддд╢
Ё                   Ureпajni razred                   Ё                Vrsta rada               Ё  PovrГina  Ё
цдддддддддддддддддддддддддддддддддддддддддддддддддддддедддддддддддддддддддддддддддддддддддддддддедддддддддддд╢
Ё                          1                          Ё                     2                   Ё     3      Ё
цдддддддддддддддддддддддддддддддддддддддддддддддддддддедддддддддддддддддддддддддддддддддддддддддедддддддддддд╢
ЁN3C1102   raynodobna sjemanja;a kitnjaka posebne     Ё1011 -Priprema staniГta za prirodno      Ё      13,50 Ё
Ё                                                     Ё1021 -Popunjavanje Гuma i Гum. zemljiГta Ё       4,95 Ё
Ё                                                     Ё1022 -Njega pod zastorom stare sastojine Ё      12,50 Ё
Ё                                                     Ё1023 -Njega pomladka i mladika           Ё       7,52 Ё
Ё                                                     Ё1081 -Doznaka stabala                    Ё     160,24 Ё
Ё                                                     Ё1082 -Obavljanje nadzora u izvrГ. radova Ё     152,52 Ё
юдддддддддддддддддддддддддддддддддддддддддддддддддддддадддддддддддддддддддддддддддддддддддддддддадддддддддддды
1011 :   1B    2B    4A    4D    5A    6A    7A    9B                                           
1021 :   1B    2B    4A    4D    5A    6A    7A    9B                                           
1022 :   1B    2B    4A    5A    6A    7A    9B                                                 
1023 :   2B    4A    4D    5A    6A    7A    9B                                                 
1081 :   1B    2B    3B    4A    5A    6A    7A    9B   10C                                     
1082 :   1B    2B    3B    4A    5A    6A    7A    9B   10C                                     
"Hrvatske Гume", d.o.o.                                                                       Stranica:      1
GJ:  Mali Kalnik - Orehovec  2011-2020                                                        08.07.2011 10:39

                                                                                                  Obrazac O-13
                                  
                                  
                                                                             Oph.:     Namjena: zaГtitni      
здддддддддддддддддддддддддддддддддддддддддддддддддддддддддддддддддддддддддддддддддддддддддддддддддддддддддддд©
Ё  UTVRяENI RADOVI BIOLOФKE OBNOVE ФUMA IZ ╛LANKA 28. TO╛KE 1. DO 9. ZAKONA O ФUMAMA                         Ё
цдддддддддддддддддддддддддддддддддддддддддддддддддддддбдддддддддддддддддддддддддддддддддддддддддбдддддддддддд╢
Ё                   Ureпajni razred                   Ё                Vrsta rada               Ё  PovrГina  Ё
цдддддддддддддддддддддддддддддддддддддддддддддддддддддедддддддддддддддддддддддддддддддддддддддддедддддддддддд╢
Ё                          1                          Ё                     2                   Ё     3      Ё
цдддддддддддддддддддддддддддддддддддддддддддддддддддддедддддддддддддддддддддддддддддддддддддддддедддддддддддд╢
ЁN3C1110   raynodobna sjemenja;a bukve posebne namjeneЁ1011 -Priprema staniГta za prirodno      Ё       5,00 Ё
Ё                                                     Ё1021 -Popunjavanje Гuma i Гum. zemljiГta Ё       1,55 Ё
Ё                                                     Ё1022 -Njega pod zastorom stare sastojine Ё       5,00 Ё
Ё                                                     Ё1023 -Njega pomladka i mladika           Ё       0,60 Ё
Ё                                                     Ё1081 -Doznaka stabala                    Ё      78,14 Ё
Ё                                                     Ё1082 -Obavljanje nadzora u izvrГ. radova Ё      78,14 Ё
юдддддддддддддддддддддддддддддддддддддддддддддддддддддадддддддддддддддддддддддддддддддддддддддддадддддддддддды
1011 :   1A    2A    3A    5B    6B                                                             
1021 :   1A    2A    3A    5B    6B                                                             
1022 :   1A    2A    3A    5B    6B                                                             
1023 :   5B    6B                                                                               
1081 :   1A    2A    3A    4E    4F    5B    5C    6B                                           
1082 :   1A    2A    3A    4E    4F    5B    5C    6B                                           
"Hrvatske Гume", d.o.o.                                                                       Stranica:      1
GJ:  Mali Kalnik - Orehovec  2011-2020                                                        08.07.2011 10:39

                                                                                                  Obrazac O-13
                                  
                                  
                                                                             Oph.:   0 Namjena: zaГtitni      
здддддддддддддддддддддддддддддддддддддддддддддддддддддддддддддддддддддддддддддддддддддддддддддддддддддддддддд©
Ё  UTVRяENI RADOVI BIOLOФKE OBNOVE ФUMA IZ ╛LANKA 28. TO╛KE 1. DO 9. ZAKONA O ФUMAMA                         Ё
цдддддддддддддддддддддддддддддддддддддддддддддддддддддбдддддддддддддддддддддддддддддддддддддддддбдддддддддддд╢
Ё                   Ureпajni razred                   Ё                Vrsta rada               Ё  PovrГina  Ё
цдддддддддддддддддддддддддддддддддддддддддддддддддддддедддддддддддддддддддддддддддддддддддддддддедддддддддддд╢
Ё                          1                          Ё                     2                   Ё     3      Ё
цдддддддддддддддддддддддддддддддддддддддддддддддддддддедддддддддддддддддддддддддддддддддддддддддедддддддддддд╢
ЁN3C3110   raynodobna panja;a bukve posebne namjene   Ё1023 -Njega pomladka i mladika           Ё       8,60 Ё
Ё                                                     Ё1061 -Resurekcija i prevoпenje           Ё      29,22 Ё
Ё                                                     Ё1081 -Doznaka stabala                    Ё      31,22 Ё
Ё                                                     Ё1082 -Obavljanje nadzora u izvrГ. radova Ё      39,82 Ё
юдддддддддддддддддддддддддддддддддддддддддддддддддддддадддддддддддддддддддддддддддддддддддддддддадддддддддддды
1023 :   8B                                                                                     
1061 :   8A    9A                                                                               
1081 :   8A    9A                                                                               
1082 :   8A    8B    9A                                                                         
"Hrvatske Гume", d.o.o.                                                                       Stranica:      1
GJ:  Mali Kalnik - Orehovec  2011-2020                                                        08.07.2011 10:39

                                                REKAPITULACIJA                                    Obrazac O-13


здддддддддддддддддддддддддддддддддддддддддддддддддддддддддддддддддддддддддддддддддддддддддддддддддддддддддддд©
Ё  UTVRяENI RADOVI BIOLOФKE OBNOVE ФUMA IZ ╛LANKA 28. TO╛KE 1. DO 9. ZAKONA O ФUMAMA                         Ё
цддддддддддддддддддддддддддддддддддддддддддддддддддддддддддддддддддддддддддддддддддддддддддддбддддддддддддддд╢
Ё  V R S T A   R A D A                                                                       Ё    PovrГina   Ё
цддддддддддддддддддддддддддддддддддддддддддддддддддддддддддддддддддддддддддддддддддддддддддддеддддддддддддддд╢
Ё                                             1                                              Ё       2       Ё
цддддддддддддддддддддддддддддддддддддддддддддддддддддддддддддддддддддддддддддддддддддддддддддеддддддддддддддд╢
Ё  1011  - Priprema staniГta za prirodno pomlaп.                                             Ё        84,65  Ё
Ё  1021  - Popunjavanje Гuma i Гum. zemljiГta                                                Ё        25,95  Ё
Ё  1022  - Njega pod zastorom stare sastojine                                                Ё        83,65  Ё
Ё  1023  - Njega pomladka i mladika                                                          Ё        67,20  Ё
Ё  1061  - Resurekcija i prevoпenje                                                          Ё        29,22  Ё
Ё  1081  - Doznaka stabala                                                                   Ё      1087,27  Ё
Ё  1082  - Obavljanje nadzora u izvrГ. radova                                                Ё      1086,91  Ё
юддддддддддддддддддддддддддддддддддддддддддддддддддддддддддддддддддддддддддддддддддддддддддддаддддддддддддддды
