"Hrvatske Гume", d.o.o.                                                                       Stranica:      1
GJ:  Mali Kalnik - Orehovec  2011-2020                                                        08.07.2011 10:39

                                                                                                  Obrazac O-13
                                  
                                  
                                                                             Oph.:   0 Namjena: gospodarske   
здддддддддддддддддддддддддддддддддддддддддддддддддддддддддддддддддддддддддддддддддддддддддддддддддддддддддддд©
Ё  UTVRяENI RADOVI BIOLOФKE OBNOVE ФUMA IZ ╛LANKA 28. TO╛KE 1. DO 9. ZAKONA O ФUMAMA                         Ё
цдддддддддддддддддддддддддддддддддддддддддддддддддддддбдддддддддддддддддддддддддддддддддддддддддбдддддддддддд╢
Ё                   Ureпajni razred                   Ё                Vrsta rada               Ё  PovrГina  Ё
цдддддддддддддддддддддддддддддддддддддддддддддддддддддедддддддддддддддддддддддддддддддддддддддддедддддддддддд╢
Ё                          1                          Ё                     2                   Ё     3      Ё
цдддддддддддддддддддддддддддддддддддддддддддддддддддддедддддддддддддддддддддддддддддддддддддддддедддддддддддд╢
ЁN111101   Raynodobna sjemenja;a lu\njaka             Ё2101 -Rekonstrukcija i konverzija        Ё       1,50 Ё
Ё                                                     Ё2151 -Sanacija i obnova Гuma             Ё       1,63 Ё
юдддддддддддддддддддддддддддддддддддддддддддддддддддддадддддддддддддддддддддддддддддддддддддддддадддддддддддды
2101 :  12D   27B                                                                               
2151 :  24F                                                                                     
"Hrvatske Гume", d.o.o.                                                                       Stranica:      1
GJ:  Mali Kalnik - Orehovec  2011-2020                                                        08.07.2011 10:39

                                                                                                  Obrazac O-13
                                  
                                  
                                                                             Oph.:   0 Namjena: gospodarske   
здддддддддддддддддддддддддддддддддддддддддддддддддддддддддддддддддддддддддддддддддддддддддддддддддддддддддддд©
Ё  UTVRяENI RADOVI BIOLOФKE OBNOVE ФUMA IZ ╛LANKA 28. TO╛KE 1. DO 9. ZAKONA O ФUMAMA                         Ё
цдддддддддддддддддддддддддддддддддддддддддддддддддддддбдддддддддддддддддддддддддддддддддддддддддбдддддддддддд╢
Ё                   Ureпajni razred                   Ё                Vrsta rada               Ё  PovrГina  Ё
цдддддддддддддддддддддддддддддддддддддддддддддддддддддедддддддддддддддддддддддддддддддддддддддддедддддддддддд╢
Ё                          1                          Ё                     2                   Ё     3      Ё
цдддддддддддддддддддддддддддддддддддддддддддддддддддддедддддддддддддддддддддддддддддддддддддддддедддддддддддд╢
ЁN111102   Raynodobna sjemenja;a hrasta kitnjaka      Ё2101 -Rekonstrukcija i konverzija        Ё       9,40 Ё
юдддддддддддддддддддддддддддддддддддддддддддддддддддддадддддддддддддддддддддддддддддддддддддддддадддддддддддды
2101 :  12B   16A   17A   17B   18A   20A   21A   22A   22B   22C   26D   27D                   
"Hrvatske Гume", d.o.o.                                                                       Stranica:      1
GJ:  Mali Kalnik - Orehovec  2011-2020                                                        08.07.2011 10:39

                                                                                                  Obrazac O-13
                                  
                                  
                                                                             Oph.:   0 Namjena: gospodarske   
здддддддддддддддддддддддддддддддддддддддддддддддддддддддддддддддддддддддддддддддддддддддддддддддддддддддддддд©
Ё  UTVRяENI RADOVI BIOLOФKE OBNOVE ФUMA IZ ╛LANKA 28. TO╛KE 1. DO 9. ZAKONA O ФUMAMA                         Ё
цдддддддддддддддддддддддддддддддддддддддддддддддддддддбдддддддддддддддддддддддддддддддддддддддддбдддддддддддд╢
Ё                   Ureпajni razred                   Ё                Vrsta rada               Ё  PovrГina  Ё
цдддддддддддддддддддддддддддддддддддддддддддддддддддддедддддддддддддддддддддддддддддддддддддддддедддддддддддд╢
Ё                          1                          Ё                     2                   Ё     3      Ё
цдддддддддддддддддддддддддддддддддддддддддддддддддддддедддддддддддддддддддддддддддддддддддддддддедддддддддддд╢
ЁN111110   Raynodobna sjemenja;a bukve                Ё2101 -Rekonstrukcija i konverzija        Ё       2,00 Ё
юдддддддддддддддддддддддддддддддддддддддддддддддддддддадддддддддддддддддддддддддддддддддддддддддадддддддддддды
2101 :  12A   19B                                                                               
"Hrvatske Гume", d.o.o.                                                                       Stranica:      1
GJ:  Mali Kalnik - Orehovec  2011-2020                                                        08.07.2011 10:39

                                                                                                  Obrazac O-13
                                  
                                  
                                                                             Oph.:   0 Namjena: gospodarske   
здддддддддддддддддддддддддддддддддддддддддддддддддддддддддддддддддддддддддддддддддддддддддддддддддддддддддддд©
Ё  UTVRяENI RADOVI BIOLOФKE OBNOVE ФUMA IZ ╛LANKA 28. TO╛KE 1. DO 9. ZAKONA O ФUMAMA                         Ё
цдддддддддддддддддддддддддддддддддддддддддддддддддддддбдддддддддддддддддддддддддддддддддддддддддбдддддддддддд╢
Ё                   Ureпajni razred                   Ё                Vrsta rada               Ё  PovrГina  Ё
цдддддддддддддддддддддддддддддддддддддддддддддддддддддедддддддддддддддддддддддддддддддддддддддддедддддддддддд╢
Ё                          1                          Ё                     2                   Ё     3      Ё
цдддддддддддддддддддддддддддддддддддддддддддддддддддддедддддддддддддддддддддддддддддддддддддддддедддддддддддд╢
ЁN111116   Raynodobna sjemenja;a obi;nog graba        Ё2101 -Rekonstrukcija i konverzija        Ё       7,05 Ё
юдддддддддддддддддддддддддддддддддддддддддддддддддддддадддддддддддддддддддддддддддддддддддддддддадддддддддддды
2101 :  13B   18D   19C   20D   20E   24D   25C   26B   26C   27A   27G                         
"Hrvatske Гume", d.o.o.                                                                       Stranica:      1
GJ:  Mali Kalnik - Orehovec  2011-2020                                                        08.07.2011 10:39

                                                                                                  Obrazac O-13
                                  
                                  
                                                                             Oph.:   0 Namjena: gospodarske   
здддддддддддддддддддддддддддддддддддддддддддддддддддддддддддддддддддддддддддддддддддддддддддддддддддддддддддд©
Ё  UTVRяENI RADOVI BIOLOФKE OBNOVE ФUMA IZ ╛LANKA 28. TO╛KE 1. DO 9. ZAKONA O ФUMAMA                         Ё
цдддддддддддддддддддддддддддддддддддддддддддддддддддддбдддддддддддддддддддддддддддддддддддддддддбдддддддддддд╢
Ё                   Ureпajni razred                   Ё                Vrsta rada               Ё  PovrГina  Ё
цдддддддддддддддддддддддддддддддддддддддддддддддддддддедддддддддддддддддддддддддддддддддддддддддедддддддддддд╢
Ё                          1                          Ё                     2                   Ё     3      Ё
цдддддддддддддддддддддддддддддддддддддддддддддддддддддедддддддддддддддддддддддддддддддддддддддддедддддддддддд╢
ЁN111127   Raynodobna sjemenja;a bagrema              Ё2101 -Rekonstrukcija i konverzija        Ё       9,00 Ё
юдддддддддддддддддддддддддддддддддддддддддддддддддддддадддддддддддддддддддддддддддддддддддддддддадддддддддддды
2101 :  14B   14D   15C   16B   22D   23C   24B   26A   27C                                     
"Hrvatske Гume", d.o.o.                                                                       Stranica:      1
GJ:  Mali Kalnik - Orehovec  2011-2020                                                        08.07.2011 10:39

                                                                                                  Obrazac O-13
                                  
                                  
                                                                             Oph.:     Namjena: gospodarske   
здддддддддддддддддддддддддддддддддддддддддддддддддддддддддддддддддддддддддддддддддддддддддддддддддддддддддддд©
Ё  UTVRяENI RADOVI BIOLOФKE OBNOVE ФUMA IZ ╛LANKA 28. TO╛KE 1. DO 9. ZAKONA O ФUMAMA                         Ё
цдддддддддддддддддддддддддддддддддддддддддддддддддддддбдддддддддддддддддддддддддддддддддддддддддбдддддддддддд╢
Ё                   Ureпajni razred                   Ё                Vrsta rada               Ё  PovrГina  Ё
цдддддддддддддддддддддддддддддддддддддддддддддддддддддедддддддддддддддддддддддддддддддддддддддддедддддддддддд╢
Ё                          1                          Ё                     2                   Ё     3      Ё
цдддддддддддддддддддддддддддддддддддддддддддддддддддддедддддддддддддддддддддддддддддддддддддддддедддддддддддд╢
ЁN1132     sikara                                     Ё2111 -PoГumljavanje i podizanje          Ё       1,57 Ё
Ё                                                     Ё2121 -Priprema staniГta, njega novop.    Ё       1,57 Ё
юдддддддддддддддддддддддддддддддддддддддддддддддддддддадддддддддддддддддддддддддддддддддддддддддадддддддддддды
2111 :  27H                                                                                     
2121 :  27H                                                                                     
"Hrvatske Гume", d.o.o.                                                                       Stranica:      1
GJ:  Mali Kalnik - Orehovec  2011-2020                                                        08.07.2011 10:39

                                                                                                  Obrazac O-13
                                  
                                  
                                                                             Oph.:     Namjena: zaГtitni      
здддддддддддддддддддддддддддддддддддддддддддддддддддддддддддддддддддддддддддддддддддддддддддддддддддддддддддд©
Ё  UTVRяENI RADOVI BIOLOФKE OBNOVE ФUMA IZ ╛LANKA 28. TO╛KE 1. DO 9. ZAKONA O ФUMAMA                         Ё
цдддддддддддддддддддддддддддддддддддддддддддддддддддддбдддддддддддддддддддддддддддддддддддддддддбдддддддддддд╢
Ё                   Ureпajni razred                   Ё                Vrsta rada               Ё  PovrГina  Ё
цдддддддддддддддддддддддддддддддддддддддддддддддддддддедддддддддддддддддддддддддддддддддддддддддедддддддддддд╢
Ё                          1                          Ё                     2                   Ё     3      Ё
цдддддддддддддддддддддддддддддддддддддддддддддддддддддедддддддддддддддддддддддддддддддддддддддддедддддддддддд╢
ЁN3C1102   raynodobna sjemanja;a kitnjaka posebne     Ё2101 -Rekonstrukcija i konverzija        Ё       1,72 Ё
юдддддддддддддддддддддддддддддддддддддддддддддддддддддадддддддддддддддддддддддддддддддддддддддддадддддддддддды
2101 :   2B    4D                                                                               
"Hrvatske Гume", d.o.o.                                                                       Stranica:      1
GJ:  Mali Kalnik - Orehovec  2011-2020                                                        08.07.2011 10:39

                                                                                                  Obrazac O-13
                                  
                                  
                                                                             Oph.:   0 Namjena: zaГtitni      
здддддддддддддддддддддддддддддддддддддддддддддддддддддддддддддддддддддддддддддддддддддддддддддддддддддддддддд©
Ё  UTVRяENI RADOVI BIOLOФKE OBNOVE ФUMA IZ ╛LANKA 28. TO╛KE 1. DO 9. ZAKONA O ФUMAMA                         Ё
цдддддддддддддддддддддддддддддддддддддддддддддддддддддбдддддддддддддддддддддддддддддддддддддддддбдддддддддддд╢
Ё                   Ureпajni razred                   Ё                Vrsta rada               Ё  PovrГina  Ё
цдддддддддддддддддддддддддддддддддддддддддддддддддддддедддддддддддддддддддддддддддддддддддддддддедддддддддддд╢
Ё                          1                          Ё                     2                   Ё     3      Ё
цдддддддддддддддддддддддддддддддддддддддддддддддддддддедддддддддддддддддддддддддддддддддддддддддедддддддддддд╢
ЁN3C3110   raynodobna panja;a bukve posebne namjene   Ё2101 -Rekonstrukcija i konverzija        Ё       3,00 Ё
Ё                                                     Ё2151 -Sanacija i obnova Гuma             Ё       8,60 Ё
юдддддддддддддддддддддддддддддддддддддддддддддддддддддадддддддддддддддддддддддддддддддддддддддддадддддддддддды
2101 :   8A    9A                                                                               
2151 :   8B                                                                                     
"Hrvatske Гume", d.o.o.                                                                       Stranica:      1
GJ:  Mali Kalnik - Orehovec  2011-2020                                                        08.07.2011 10:39

                                                REKAPITULACIJA                                    Obrazac O-13


здддддддддддддддддддддддддддддддддддддддддддддддддддддддддддддддддддддддддддддддддддддддддддддддддддддддддддд©
Ё  UTVRяENI RADOVI BIOLOФKE OBNOVE ФUMA IZ ╛LANKA 28. TO╛KE 1. DO 9. ZAKONA O ФUMAMA                         Ё
цддддддддддддддддддддддддддддддддддддддддддддддддддддддддддддддддддддддддддддддддддддддддддддбддддддддддддддд╢
Ё  V R S T A   R A D A                                                                       Ё    PovrГina   Ё
цддддддддддддддддддддддддддддддддддддддддддддддддддддддддддддддддддддддддддддддддддддддддддддеддддддддддддддд╢
Ё                                             1                                              Ё       2       Ё
цддддддддддддддддддддддддддддддддддддддддддддддддддддддддддддддддддддддддддддддддддддддддддддеддддддддддддддд╢
Ё  2101  - Rekonstrukcija i konverzija                                                       Ё        33,67  Ё
Ё  2111  - PoГumljavanje i podizanje                                                         Ё         1,57  Ё
Ё  2121  - Priprema staniГta, njega novop. sast.                                             Ё         1,57  Ё
Ё  2151  - Sanacija i obnova Гuma                                                            Ё        10,23  Ё
юддддддддддддддддддддддддддддддддддддддддддддддддддддддддддддддддддддддддддддддддддддддддддддаддддддддддддддды
