  "Hrvatske Гume", d.o.o.                                                                                            Stranica:       1
  GJ:  Carevdar - ╛vrstec  2011-2020                                                                                 Datum: 19.04.2011

                                                                                                                           Obrazac O-5
  VLASNIK:                                
                                          
  Namjena Гume:    gospodarske   
  Ureпajni razred: 111101   HRAST LU╕NJAK IZ SJEMENA                          Ophodnja:  10
  здддддддддддддбддддддддбддддддддддддддддддддддддддддддддддддддддддддддддддддддддддддддддддддбддддддддддддддддддддддбдддддддбддддддд©
  Ё             Ё        Ё                  D E B LJ I N S K I   R A Z R E D I                Ё                      Ё       Ё       Ё
  Ё             Ё        цддддддддддддддддддддддбддддддддддддддддддддддбдддддддддддддддддддддд╢      U K U P N O     ЁNormalaЁ Omjer Ё
  Ё Vrsta       ЁPovrГinaЁ      10 - 30 cm      Ё       31 - 50 cm     Ё        > 50 cm       цдддддддддддбдддддддддд╢       Ё smjeseЁ
  Ё drve├a      Ё        цдддддддддддбддддддддддедддддддддддбддддддддддедддддддддддбдддддддддд╢           Ё          Ёpo 1 haЁ       Ё
  Ё             Ё        Ё Drvna masaЁ  Prirast Ё Drvna masaЁ  Prirast Ё Drvna masaЁ  Prirast Ё Drvna masaЁ  Prirast Ё       Ё       Ё
  Ё             цддддддддедддддддддддеддддддддддедддддддддддеддддддддддедддддддддддеддддддддддедддддддддддеддддддддддедддддддеддддддд╢
  Ё             Ё   ha   Ё     m3    Ё    m3    Ё     m3    Ё     m3   Ё     m3    Ё     m3   Ё     m3    Ё     m3   Ё       Ё   %   Ё
  цдддддддддддддеддддддддедддддддддддеддддддддддедддддддддддеддддддддддедддддддддддеддддддддддедддддддддддеддддддддддедддддддеддддддд╢
  ЁLU╕NJAK      Ё        Ё         78Ё          Ё        581Ё          Ё        975Ё          Ё       1634Ё          Ё       Ё 24,80 Ё
  ЁKITNJAK      Ё        Ё         11Ё          Ё        141Ё          Ё        188Ё          Ё        340Ё          Ё       Ё  5,16 Ё
  ЁCER          Ё        Ё         23Ё          Ё         40Ё          Ё           Ё          Ё         63Ё          Ё       Ё  0,96 Ё
  ЁO.BUKVA      Ё        Ё        114Ё          Ё        227Ё          Ё        346Ё          Ё        687Ё          Ё       Ё 10,43 Ё
  ЁO.GRAB       Ё        Ё        747Ё          Ё        759Ё          Ё           Ё          Ё       1506Ё          Ё       Ё 22,86 Ё
  ЁBAGREM       Ё        Ё       1169Ё          Ё        597Ё          Ё        150Ё          Ё       1916Ё          Ё       Ё 29,08 Ё
  ЁOTB          Ё        Ё        141Ё          Ё        184Ё          Ё           Ё          Ё        325Ё          Ё       Ё  4,93 Ё
  ЁC.JOHA       Ё        Ё           Ё          Ё         38Ё          Ё         48Ё          Ё         86Ё          Ё       Ё  1,31 Ё
  ЁOMB          Ё        Ё         11Ё          Ё         20Ё          Ё           Ё          Ё         31Ё          Ё       Ё  0,47 Ё
  цдддддддддддддеддддддддедддддддддддеддддддддддедддддддддддеддддддддддедддддддддддеддддддддддедддддддддддеддддддддддедддддддеддддддд╢
  ЁU k u p n o  Ё   27,87Ё       2294Ё          Ё       2587Ё          Ё       1707Ё          Ё       6588Ё          Ё       Ё100,00 Ё
  цдддддддддддддаддддддддедддддддддддеддддддддддедддддддддддеддддддддддедддддддддддеддддддддддедддддддддддеддддддддддедддддддеддддддд╢
  Ёm3 / 1 ha             Ё         82Ё          Ё         93Ё          Ё         61Ё          Ё        236Ё          Ё       Ё       Ё
  цдддддддддддддбддддддддедддддддддддаддддддддддадддддддддддаддддддддддадддддддддддаддддддддддадддддддддддаддддддддддадддддддаддддддд╢
  ЁNeobraslo pr.Ё        Ё                                                                           0,00   27,87                    Ё
  юдддддддддддддаддддддддаддддддддддддддддддддддддддддддддддддддддддддддддддддддддддддддддддддддддддддддддддддддддддддддддддддддддддды
Odsjeci:  10 A ,  21 A                                                                                                           
  "Hrvatske Гume", d.o.o.                                                                                            Stranica:       1
  GJ:  Carevdar - ╛vrstec  2011-2020                                                                                 Datum: 19.04.2011

                                                                                                                           Obrazac O-5
  VLASNIK:                                
                                          
  Namjena Гume:    gospodarske   
  Ureпajni razred: 111102   HRAST KITNJAK IZ SJEMENA                          Ophodnja:  10
  здддддддддддддбддддддддбддддддддддддддддддддддддддддддддддддддддддддддддддддддддддддддддддддбддддддддддддддддддддддбдддддддбддддддд©
  Ё             Ё        Ё                  D E B LJ I N S K I   R A Z R E D I                Ё                      Ё       Ё       Ё
  Ё             Ё        цддддддддддддддддддддддбддддддддддддддддддддддбдддддддддддддддддддддд╢      U K U P N O     ЁNormalaЁ Omjer Ё
  Ё Vrsta       ЁPovrГinaЁ      10 - 30 cm      Ё       31 - 50 cm     Ё        > 50 cm       цдддддддддддбдддддддддд╢       Ё smjeseЁ
  Ё drve├a      Ё        цдддддддддддбддддддддддедддддддддддбддддддддддедддддддддддбдддддддддд╢           Ё          Ёpo 1 haЁ       Ё
  Ё             Ё        Ё Drvna masaЁ  Prirast Ё Drvna masaЁ  Prirast Ё Drvna masaЁ  Prirast Ё Drvna masaЁ  Prirast Ё       Ё       Ё
  Ё             цддддддддедддддддддддеддддддддддедддддддддддеддддддддддедддддддддддеддддддддддедддддддддддеддддддддддедддддддеддддддд╢
  Ё             Ё   ha   Ё     m3    Ё    m3    Ё     m3    Ё     m3   Ё     m3    Ё     m3   Ё     m3    Ё     m3   Ё       Ё   %   Ё
  цдддддддддддддеддддддддедддддддддддеддддддддддедддддддддддеддддддддддедддддддддддеддддддддддедддддддддддеддддддддддедддддддеддддддд╢
  ЁKITNJAK      Ё        Ё        133Ё          Ё       2190Ё          Ё       2195Ё          Ё       4518Ё          Ё       Ё 25,26 Ё
  ЁCER          Ё        Ё           Ё          Ё         56Ё          Ё           Ё          Ё         56Ё          Ё       Ё  0,31 Ё
  ЁO.BUKVA      Ё        Ё        754Ё          Ё       2214Ё          Ё       1292Ё          Ё       4260Ё          Ё       Ё 23,82 Ё
  ЁO.GRAB       Ё        Ё       2571Ё          Ё       2182Ё          Ё        217Ё          Ё       4970Ё          Ё       Ё 27,79 Ё
  ЁBAGREM       Ё        Ё       1355Ё          Ё       1365Ё          Ё         83Ё          Ё       2803Ё          Ё       Ё 15,67 Ё
  ЁOTB          Ё        Ё        342Ё          Ё        215Ё          Ё         92Ё          Ё        649Ё          Ё       Ё  3,63 Ё
  ЁC.JOHA       Ё        Ё        126Ё          Ё        239Ё          Ё           Ё          Ё        365Ё          Ё       Ё  2,04 Ё
  ЁOMB          Ё        Ё        107Ё          Ё         34Ё          Ё           Ё          Ё        141Ё          Ё       Ё  0,79 Ё
  ЁOC           Ё        Ё           Ё          Ё        123Ё          Ё           Ё          Ё        123Ё          Ё       Ё  0,69 Ё
  цдддддддддддддеддддддддедддддддддддеддддддддддедддддддддддеддддддддддедддддддддддеддддддддддедддддддддддеддддддддддедддддддеддддддд╢
  ЁU k u p n o  Ё   77,87Ё       5388Ё          Ё       8618Ё          Ё       3879Ё          Ё      17885Ё          Ё       Ё100,00 Ё
  цдддддддддддддаддддддддедддддддддддеддддддддддедддддддддддеддддддддддедддддддддддеддддддддддедддддддддддеддддддддддедддддддеддддддд╢
  Ёm3 / 1 ha             Ё         69Ё          Ё        111Ё          Ё         50Ё          Ё        230Ё          Ё       Ё       Ё
  цдддддддддддддбддддддддедддддддддддаддддддддддадддддддддддаддддддддддадддддддддддаддддддддддадддддддддддаддддддддддадддддддаддддддд╢
  ЁNeobraslo pr.Ё        Ё                                                                           0,00   77,87                    Ё
  юдддддддддддддаддддддддаддддддддддддддддддддддддддддддддддддддддддддддддддддддддддддддддддддддддддддддддддддддддддддддддддддддддддды
Odsjeci:   7 A ,  17 A                                                                                                           
  "Hrvatske Гume", d.o.o.                                                                                            Stranica:       1
  GJ:  Carevdar - ╛vrstec  2011-2020                                                                                 Datum: 19.04.2011

                                                                                                                           Obrazac O-5
  VLASNIK:                                
                                          
  Namjena Гume:    gospodarske   
  Ureпajni razred: 111110   BUKVA OBI╛NA IZ SJEMENA                           Ophodnja:  10
  здддддддддддддбддддддддбддддддддддддддддддддддддддддддддддддддддддддддддддддддддддддддддддддбддддддддддддддддддддддбдддддддбддддддд©
  Ё             Ё        Ё                  D E B LJ I N S K I   R A Z R E D I                Ё                      Ё       Ё       Ё
  Ё             Ё        цддддддддддддддддддддддбддддддддддддддддддддддбдддддддддддддддддддддд╢      U K U P N O     ЁNormalaЁ Omjer Ё
  Ё Vrsta       ЁPovrГinaЁ      10 - 30 cm      Ё       31 - 50 cm     Ё        > 50 cm       цдддддддддддбдддддддддд╢       Ё smjeseЁ
  Ё drve├a      Ё        цдддддддддддбддддддддддедддддддддддбддддддддддедддддддддддбдддддддддд╢           Ё          Ёpo 1 haЁ       Ё
  Ё             Ё        Ё Drvna masaЁ  Prirast Ё Drvna masaЁ  Prirast Ё Drvna masaЁ  Prirast Ё Drvna masaЁ  Prirast Ё       Ё       Ё
  Ё             цддддддддедддддддддддеддддддддддедддддддддддеддддддддддедддддддддддеддддддддддедддддддддддеддддддддддедддддддеддддддд╢
  Ё             Ё   ha   Ё     m3    Ё    m3    Ё     m3    Ё     m3   Ё     m3    Ё     m3   Ё     m3    Ё     m3   Ё       Ё   %   Ё
  цдддддддддддддеддддддддедддддддддддеддддддддддедддддддддддеддддддддддедддддддддддеддддддддддедддддддддддеддддддддддедддддддеддддддд╢
  ЁLU╕NJAK      Ё        Ё         28Ё          Ё        296Ё          Ё        581Ё          Ё        905Ё          Ё       Ё  7,36 Ё
  ЁKITNJAK      Ё        Ё         59Ё          Ё        212Ё          Ё        332Ё          Ё        603Ё          Ё       Ё  4,90 Ё
  ЁCER          Ё        Ё           Ё          Ё        161Ё          Ё        174Ё          Ё        335Ё          Ё       Ё  2,72 Ё
  ЁO.BUKVA      Ё        Ё        525Ё          Ё       1349Ё          Ё       1530Ё          Ё       3404Ё          Ё       Ё 27,68 Ё
  ЁO.GRAB       Ё        Ё       1145Ё          Ё       1001Ё          Ё        127Ё          Ё       2273Ё          Ё       Ё 18,48 Ё
  ЁBAGREM       Ё        Ё       1459Ё          Ё       1372Ё          Ё        380Ё          Ё       3211Ё          Ё       Ё 26,11 Ё
  ЁOTB          Ё        Ё        276Ё          Ё        337Ё          Ё         63Ё          Ё        676Ё          Ё       Ё  5,50 Ё
  ЁC.JOHA       Ё        Ё        211Ё          Ё        182Ё          Ё           Ё          Ё        393Ё          Ё       Ё  3,20 Ё
  ЁOMB          Ё        Ё        301Ё          Ё        126Ё          Ё           Ё          Ё        427Ё          Ё       Ё  3,47 Ё
  ЁOC           Ё        Ё           Ё          Ё         71Ё          Ё           Ё          Ё         71Ё          Ё       Ё  0,58 Ё
  цдддддддддддддеддддддддедддддддддддеддддддддддедддддддддддеддддддддддедддддддддддеддддддддддедддддддддддеддддддддддедддддддеддддддд╢
  ЁU k u p n o  Ё   45,26Ё       4004Ё          Ё       5107Ё          Ё       3187Ё          Ё      12298Ё          Ё       Ё100,00 Ё
  цдддддддддддддаддддддддедддддддддддеддддддддддедддддддддддеддддддддддедддддддддддеддддддддддедддддддддддеддддддддддедддддддеддддддд╢
  Ёm3 / 1 ha             Ё         88Ё          Ё        113Ё          Ё         70Ё          Ё        272Ё          Ё       Ё       Ё
  цдддддддддддддбддддддддедддддддддддаддддддддддадддддддддддаддддддддддадддддддддддаддддддддддадддддддддддаддддддддддадддддддаддддддд╢
  ЁNeobraslo pr.Ё        Ё                                                                           0,00   45,26                    Ё
  юдддддддддддддаддддддддаддддддддддддддддддддддддддддддддддддддддддддддддддддддддддддддддддддддддддддддддддддддддддддддддддддддддддды
Odsjeci:   9 A ,  13 C ,  22 A                                                                                                   
  "Hrvatske Гume", d.o.o.                                                                                            Stranica:       1
  GJ:  Carevdar - ╛vrstec  2011-2020                                                                                 Datum: 19.04.2011

                                                                                                                           Obrazac O-5
  VLASNIK:                                
                                          
  Namjena Гume:    gospodarske   
  Ureпajni razred: 111116   GRAB OBI╛NI IZ SJEMENA                            Ophodnja:  10
  здддддддддддддбддддддддбддддддддддддддддддддддддддддддддддддддддддддддддддддддддддддддддддддбддддддддддддддддддддддбдддддддбддддддд©
  Ё             Ё        Ё                  D E B LJ I N S K I   R A Z R E D I                Ё                      Ё       Ё       Ё
  Ё             Ё        цддддддддддддддддддддддбддддддддддддддддддддддбдддддддддддддддддддддд╢      U K U P N O     ЁNormalaЁ Omjer Ё
  Ё Vrsta       ЁPovrГinaЁ      10 - 30 cm      Ё       31 - 50 cm     Ё        > 50 cm       цдддддддддддбдддддддддд╢       Ё smjeseЁ
  Ё drve├a      Ё        цдддддддддддбддддддддддедддддддддддбддддддддддедддддддддддбдддддддддд╢           Ё          Ёpo 1 haЁ       Ё
  Ё             Ё        Ё Drvna masaЁ  Prirast Ё Drvna masaЁ  Prirast Ё Drvna masaЁ  Prirast Ё Drvna masaЁ  Prirast Ё       Ё       Ё
  Ё             цддддддддедддддддддддеддддддддддедддддддддддеддддддддддедддддддддддеддддддддддедддддддддддеддддддддддедддддддеддддддд╢
  Ё             Ё   ha   Ё     m3    Ё    m3    Ё     m3    Ё     m3   Ё     m3    Ё     m3   Ё     m3    Ё     m3   Ё       Ё   %   Ё
  цдддддддддддддеддддддддедддддддддддеддддддддддедддддддддддеддддддддддедддддддддддеддддддддддедддддддддддеддддддддддедддддддеддддддд╢
  ЁLU╕NJAK      Ё        Ё         34Ё          Ё        497Ё          Ё       1015Ё          Ё       1546Ё          Ё       Ё  6,52 Ё
  ЁKITNJAK      Ё        Ё        101Ё          Ё        428Ё          Ё        581Ё          Ё       1110Ё          Ё       Ё  4,68 Ё
  ЁCER          Ё        Ё           Ё          Ё        111Ё          Ё        129Ё          Ё        240Ё          Ё       Ё  1,01 Ё
  ЁO.BUKVA      Ё        Ё        515Ё          Ё       1379Ё          Ё        732Ё          Ё       2626Ё          Ё       Ё 11,07 Ё
  ЁO.GRAB       Ё        Ё       4355Ё          Ё       3571Ё          Ё        703Ё          Ё       8629Ё          Ё       Ё 36,38 Ё
  ЁBAGREM       Ё        Ё       3390Ё          Ё       2322Ё          Ё        313Ё          Ё       6025Ё          Ё       Ё 25,40 Ё
  ЁOTB          Ё        Ё        510Ё          Ё        822Ё          Ё        108Ё          Ё       1440Ё          Ё       Ё  6,07 Ё
  ЁC.JOHA       Ё        Ё        913Ё          Ё        215Ё          Ё         96Ё          Ё       1224Ё          Ё       Ё  5,16 Ё
  ЁOMB          Ё        Ё        182Ё          Ё        185Ё          Ё           Ё          Ё        367Ё          Ё       Ё  1,55 Ё
  ЁOC           Ё        Ё         90Ё          Ё        207Ё          Ё        213Ё          Ё        510Ё          Ё       Ё  2,15 Ё
  цдддддддддддддеддддддддедддддддддддеддддддддддедддддддддддеддддддддддедддддддддддеддддддддддедддддддддддеддддддддддедддддддеддддддд╢
  ЁU k u p n o  Ё  115,59Ё      10090Ё          Ё       9737Ё          Ё       3890Ё          Ё      23717Ё          Ё       Ё100,00 Ё
  цдддддддддддддаддддддддедддддддддддеддддддддддедддддддддддеддддддддддедддддддддддеддддддддддедддддддддддеддддддддддедддддддеддддддд╢
  Ёm3 / 1 ha             Ё         87Ё          Ё         84Ё          Ё         34Ё          Ё        205Ё          Ё       Ё       Ё
  цдддддддддддддбддддддддедддддддддддаддддддддддадддддддддддаддддддддддадддддддддддаддддддддддадддддддддддаддддддддддадддддддаддддддд╢
  ЁNeobraslo pr.Ё        Ё                                                                           0,00  115,59                    Ё
  юдддддддддддддаддддддддаддддддддддддддддддддддддддддддддддддддддддддддддддддддддддддддддддддддддддддддддддддддддддддддддддддддддддды
Odsjeci:  13 B ,  14 A ,  16 A ,  18 A ,  21 B ,  21 C                                                                           
  "Hrvatske Гume", d.o.o.                                                                                            Stranica:       1
  GJ:  Carevdar - ╛vrstec  2011-2020                                                                                 Datum: 19.04.2011

                                                                                                                           Obrazac O-5
  VLASNIK:                                
                                          
  Namjena Гume:    gospodarske   
  Ureпajni razred: 111127   BAGREM IZ SJEMENA                                 Ophodnja:  10
  здддддддддддддбддддддддбддддддддддддддддддддддддддддддддддддддддддддддддддддддддддддддддддддбддддддддддддддддддддддбдддддддбддддддд©
  Ё             Ё        Ё                  D E B LJ I N S K I   R A Z R E D I                Ё                      Ё       Ё       Ё
  Ё             Ё        цддддддддддддддддддддддбддддддддддддддддддддддбдддддддддддддддддддддд╢      U K U P N O     ЁNormalaЁ Omjer Ё
  Ё Vrsta       ЁPovrГinaЁ      10 - 30 cm      Ё       31 - 50 cm     Ё        > 50 cm       цдддддддддддбдддддддддд╢       Ё smjeseЁ
  Ё drve├a      Ё        цдддддддддддбддддддддддедддддддддддбддддддддддедддддддддддбдддддддддд╢           Ё          Ёpo 1 haЁ       Ё
  Ё             Ё        Ё Drvna masaЁ  Prirast Ё Drvna masaЁ  Prirast Ё Drvna masaЁ  Prirast Ё Drvna masaЁ  Prirast Ё       Ё       Ё
  Ё             цддддддддедддддддддддеддддддддддедддддддддддеддддддддддедддддддддддеддддддддддедддддддддддеддддддддддедддддддеддддддд╢
  Ё             Ё   ha   Ё     m3    Ё    m3    Ё     m3    Ё     m3   Ё     m3    Ё     m3   Ё     m3    Ё     m3   Ё       Ё   %   Ё
  цдддддддддддддеддддддддедддддддддддеддддддддддедддддддддддеддддддддддедддддддддддеддддддддддедддддддддддеддддддддддедддддддеддддддд╢
  ЁLU╕NJAK      Ё        Ё        119Ё          Ё        838Ё          Ё       2355Ё          Ё       3312Ё          Ё       Ё  4,39 Ё
  ЁKITNJAK      Ё        Ё        261Ё          Ё       3276Ё          Ё       3649Ё          Ё       7186Ё          Ё       Ё  9,51 Ё
  ЁCER          Ё        Ё         54Ё          Ё         58Ё          Ё        102Ё          Ё        214Ё          Ё       Ё  0,28 Ё
  ЁO.BUKVA      Ё        Ё       1181Ё          Ё       3297Ё          Ё       2625Ё          Ё       7103Ё          Ё       Ё  9,40 Ё
  ЁO.GRAB       Ё        Ё       8732Ё          Ё       6290Ё          Ё        351Ё          Ё      15373Ё          Ё       Ё 20,35 Ё
  ЁBAGREM       Ё        Ё      17714Ё          Ё      11451Ё          Ё       2364Ё          Ё      31529Ё          Ё       Ё 41,74 Ё
  ЁOTB          Ё        Ё       2015Ё          Ё       2416Ё          Ё        953Ё          Ё       5384Ё          Ё       Ё  7,13 Ё
  ЁC.JOHA       Ё        Ё       2360Ё          Ё       1163Ё          Ё        257Ё          Ё       3780Ё          Ё       Ё  5,00 Ё
  ЁOMB          Ё        Ё        730Ё          Ё        645Ё          Ё        263Ё          Ё       1638Ё          Ё       Ё  2,17 Ё
  ЁOC           Ё        Ё         10Ё          Ё           Ё          Ё           Ё          Ё         10Ё          Ё       Ё  0,01 Ё
  цдддддддддддддеддддддддедддддддддддеддддддддддедддддддддддеддддддддддедддддддддддеддддддддддедддддддддддеддддддддддедддддддеддддддд╢
  ЁU k u p n o  Ё  414,17Ё      33176Ё          Ё      29434Ё          Ё      12919Ё          Ё      75529Ё          Ё       Ё100,00 Ё
  цдддддддддддддаддддддддедддддддддддеддддддддддедддддддддддеддддддддддедддддддддддеддддддддддедддддддддддеддддддддддедддддддеддддддд╢
  Ёm3 / 1 ha             Ё         80Ё          Ё         71Ё          Ё         31Ё          Ё        182Ё          Ё       Ё       Ё
  цдддддддддддддбддддддддедддддддддддаддддддддддадддддддддддаддддддддддадддддддддддаддддддддддадддддддддддаддддддддддадддддддаддддддд╢
  ЁNeobraslo pr.Ё        Ё                                                                           0,00  414,17                    Ё
  юдддддддддддддаддддддддаддддддддддддддддддддддддддддддддддддддддддддддддддддддддддддддддддддддддддддддддддддддддддддддддддддддддддды
Odsjeci:   1 A ,   2 A ,   4 A ,   5 A ,   7 B ,   8 A ,  10 B ,  12 B ,  13 A ,  15 A ,  17 B ,  18 B ,  19 A ,  20 A ,  22 B , 
         23 A                                                                                                                    
  "Hrvatske Гume", d.o.o.                                                                                            Stranica:       1
  GJ:  Carevdar - ╛vrstec  2011-2020                                                                                 Datum: 19.04.2011

                                                                                                                           Obrazac O-5
  VLASNIK:                                
                                          
  Namjena Гume:    gospodarske   
  Ureпajni razred: 111143   JOHA CRNA IZ SJEMENA                              Ophodnja:  10
  здддддддддддддбддддддддбддддддддддддддддддддддддддддддддддддддддддддддддддддддддддддддддддддбддддддддддддддддддддддбдддддддбддддддд©
  Ё             Ё        Ё                  D E B LJ I N S K I   R A Z R E D I                Ё                      Ё       Ё       Ё
  Ё             Ё        цддддддддддддддддддддддбддддддддддддддддддддддбдддддддддддддддддддддд╢      U K U P N O     ЁNormalaЁ Omjer Ё
  Ё Vrsta       ЁPovrГinaЁ      10 - 30 cm      Ё       31 - 50 cm     Ё        > 50 cm       цдддддддддддбдддддддддд╢       Ё smjeseЁ
  Ё drve├a      Ё        цдддддддддддбддддддддддедддддддддддбддддддддддедддддддддддбдддддддддд╢           Ё          Ёpo 1 haЁ       Ё
  Ё             Ё        Ё Drvna masaЁ  Prirast Ё Drvna masaЁ  Prirast Ё Drvna masaЁ  Prirast Ё Drvna masaЁ  Prirast Ё       Ё       Ё
  Ё             цддддддддедддддддддддеддддддддддедддддддддддеддддддддддедддддддддддеддддддддддедддддддддддеддддддддддедддддддеддддддд╢
  Ё             Ё   ha   Ё     m3    Ё    m3    Ё     m3    Ё     m3   Ё     m3    Ё     m3   Ё     m3    Ё     m3   Ё       Ё   %   Ё
  цдддддддддддддеддддддддедддддддддддеддддддддддедддддддддддеддддддддддедддддддддддеддддддддддедддддддддддеддддддддддедддддддеддддддд╢
  ЁLU╕NJAK      Ё        Ё         86Ё          Ё        219Ё          Ё        625Ё          Ё        930Ё          Ё       Ё  3,33 Ё
  ЁKITNJAK      Ё        Ё         80Ё          Ё        624Ё          Ё           Ё          Ё        704Ё          Ё       Ё  2,52 Ё
  ЁCER          Ё        Ё         13Ё          Ё           Ё          Ё           Ё          Ё         13Ё          Ё       Ё  0,05 Ё
  ЁO.BUKVA      Ё        Ё        141Ё          Ё        202Ё          Ё        177Ё          Ё        520Ё          Ё       Ё  1,86 Ё
  ЁO.GRAB       Ё        Ё       1333Ё          Ё        566Ё          Ё         61Ё          Ё       1960Ё          Ё       Ё  7,02 Ё
  ЁBAGREM       Ё        Ё       4817Ё          Ё       1556Ё          Ё           Ё          Ё       6373Ё          Ё       Ё 22,81 Ё
  ЁOTB          Ё        Ё        668Ё          Ё        639Ё          Ё         98Ё          Ё       1405Ё          Ё       Ё  5,03 Ё
  ЁC.JOHA       Ё        Ё      10754Ё          Ё       3091Ё          Ё         41Ё          Ё      13886Ё          Ё       Ё 49,71 Ё
  ЁOMB          Ё        Ё        957Ё          Ё        787Ё          Ё        399Ё          Ё       2143Ё          Ё       Ё  7,67 Ё
  цдддддддддддддеддддддддедддддддддддеддддддддддедддддддддддеддддддддддедддддддддддеддддддддддедддддддддддеддддддддддедддддддеддддддд╢
  ЁU k u p n o  Ё  136,45Ё      18849Ё          Ё       7684Ё          Ё       1401Ё          Ё      27934Ё          Ё       Ё100,00 Ё
  цдддддддддддддаддддддддедддддддддддеддддддддддедддддддддддеддддддддддедддддддддддеддддддддддедддддддддддеддддддддддедддддддеддддддд╢
  Ёm3 / 1 ha             Ё        138Ё          Ё         56Ё          Ё         10Ё          Ё        205Ё          Ё       Ё       Ё
  цдддддддддддддбддддддддедддддддддддаддддддддддадддддддддддаддддддддддадддддддддддаддддддддддадддддддддддаддддддддддадддддддаддддддд╢
  ЁNeobraslo pr.Ё        Ё                                                                           0,00  136,45                    Ё
  юдддддддддддддаддддддддаддддддддддддддддддддддддддддддддддддддддддддддддддддддддддддддддддддддддддддддддддддддддддддддддддддддддддды
Odsjeci:   2 B ,   3 A ,   5 B ,   6 A ,   9 B ,  11 A ,  12 A ,  12 C ,  16 B ,  18 C ,  19 B                                   
"Hrvatske Гume", d.o.o.                                                                                            Stranica:       1
GJ:  Carevdar - ╛vrstec  2011-2020                                                                                 Datum: 19.04.2011

                                                           REKAPITULACIJA                                                Obrazac O-5
VLASNIK:                                
N.ФUME:   gospodarske                   

здддддддддддддбддддддддбддддддддддддддддддддддддддддддддддддддддддддддддддддддддддддддддддддбддддддддддддддддддддддбдддддддбддддддд©
Ё             Ё        Ё                  D E B LJ I N S K I   R A Z R E D I                Ё                      Ё       Ё       Ё
Ё             Ё        цддддддддддддддддддддддбддддддддддддддддддддддбдддддддддддддддддддддд╢      U K U P N O     ЁNormalaЁ Omjer Ё
Ё Vrsta       ЁPovrГinaЁ      10 - 30 cm      Ё       31 - 50 cm     Ё        > 50 cm       цдддддддддддбдддддддддд╢       Ё smjeseЁ
Ё drve├a      Ё        цдддддддддддбддддддддддедддддддддддбддддддддддедддддддддддбдддддддддд╢           Ё          Ёpo 1 haЁ       Ё
Ё             Ё        Ё Drvna masaЁ  Prirast Ё Drvna masaЁ  Prirast Ё Drvna masaЁ  Prirast Ё Drvna masaЁ  Prirast Ё       Ё       Ё
Ё             цддддддддедддддддддддеддддддддддедддддддддддеддддддддддедддддддддддеддддддддддедддддддддддеддддддддддедддддддеддддддд╢
Ё             Ё   ha   Ё     m3    Ё    m3    Ё     m3    Ё     m3   Ё     m3    Ё     m3   Ё     m3    Ё     m3   Ё       Ё   %   Ё
цдддддддддддддеддддддддедддддддддддеддддддддддедддддддддддеддддддддддедддддддддддеддддддддддедддддддддддеддддддддддедддддддеддддддд╢
ЁLU╕NJAK      Ё        Ё        345Ё          Ё       2431Ё          Ё       5551Ё          Ё       8327Ё          Ё       Ё  5,08 Ё
ЁKITNJAK      Ё        Ё        645Ё          Ё       6871Ё          Ё       6945Ё          Ё      14461Ё          Ё       Ё  8,82 Ё
ЁCER          Ё        Ё         90Ё          Ё        426Ё          Ё        405Ё          Ё        921Ё          Ё       Ё  0,56 Ё
ЁO.BUKVA      Ё        Ё       3230Ё          Ё       8668Ё          Ё       6702Ё          Ё      18600Ё          Ё       Ё 11,34 Ё
ЁO.GRAB       Ё        Ё      18883Ё          Ё      14369Ё          Ё       1459Ё          Ё      34711Ё          Ё       Ё 21,17 Ё
ЁBAGREM       Ё        Ё      29904Ё          Ё      18663Ё          Ё       3290Ё          Ё      51857Ё          Ё       Ё 31,63 Ё
ЁOTB          Ё        Ё       3952Ё          Ё       4613Ё          Ё       1314Ё          Ё       9879Ё          Ё       Ё  6,03 Ё
ЁC.JOHA       Ё        Ё      14364Ё          Ё       4928Ё          Ё        442Ё          Ё      19734Ё          Ё       Ё 12,04 Ё
ЁOMB          Ё        Ё       2288Ё          Ё       1797Ё          Ё        662Ё          Ё       4747Ё          Ё       Ё  2,90 Ё
ЁOC           Ё        Ё        100Ё          Ё        401Ё          Ё        213Ё          Ё        714Ё          Ё       Ё  0,44 Ё
цдддддддддддддеддддддддедддддддддддеддддддддддедддддддддддеддддддддддедддддддддддеддддддддддедддддддддддеддддддддддедддддддеддддддд╢
ЁU k u p n o  Ё  817,21Ё      73801Ё          Ё      63167Ё          Ё      26983Ё          Ё     163951Ё          Ё       Ё100,00 Ё
цдддддддддддддаддддддддедддддддддддеддддддддддедддддддддддеддддддддддедддддддддддеддддддддддедддддддддддеддддддддддедддддддеддддддд╢
Ёm3 / 1 ha             Ё         90Ё          Ё         77Ё          Ё         33Ё          Ё        201Ё          Ё       Ё       Ё
цдддддддддддддбддддддддедддддддддддаддддддддддадддддддддддаддддддддддадддддддддддаддддддддддадддддддддддаддддддддддадддддддаддддддд╢
ЁNeobraslo pr.Ё        Ё                                                                                                           Ё
юдддддддддддддаддддддддаддддддддддддддддддддддддддддддддддддддддддддддддддддддддддддддддддддддддддддддддддддддддддддддддддддддддддды
"Hrvatske Гume", d.o.o.                                                                                            Stranica:       1
GJ:  Carevdar - ╛vrstec  2011-2020                                                                                 Datum: 19.04.2011

                                                           REKAPITULACIJA                                                Obrazac O-5
Namjena Гume: GOSPODARSKE         

здддддддддддддбддддддддбддддддддддддддддддддддддддддддддддддддддддддддддддддддддддддддддддддбддддддддддддддддддддддбдддддддбддддддд©
Ё             Ё        Ё                  D E B LJ I N S K I   R A Z R E D I                Ё                      Ё       Ё       Ё
Ё             Ё        цддддддддддддддддддддддбддддддддддддддддддддддбдддддддддддддддддддддд╢      U K U P N O     ЁNormalaЁ Omjer Ё
Ё Vrsta       ЁPovrГinaЁ      10 - 30 cm      Ё       31 - 50 cm     Ё        > 50 cm       цдддддддддддбдддддддддд╢       Ё smjeseЁ
Ё drve├a      Ё        цдддддддддддбддддддддддедддддддддддбддддддддддедддддддддддбдддддддддд╢           Ё          Ёpo 1 haЁ       Ё
Ё             Ё        Ё Drvna masaЁ  Prirast Ё Drvna masaЁ  Prirast Ё Drvna masaЁ  Prirast Ё Drvna masaЁ  Prirast Ё       Ё       Ё
Ё             цддддддддедддддддддддеддддддддддедддддддддддеддддддддддедддддддддддеддддддддддедддддддддддеддддддддддедддддддеддддддд╢
Ё             Ё   ha   Ё     m3    Ё    m3    Ё     m3    Ё     m3   Ё     m3    Ё     m3   Ё     m3    Ё     m3   Ё       Ё   %   Ё
цдддддддддддддеддддддддедддддддддддеддддддддддедддддддддддеддддддддддедддддддддддеддддддддддедддддддддддеддддддддддедддддддеддддддд╢
ЁLU╕NJAK      Ё        Ё        345Ё          Ё       2431Ё          Ё       5551Ё          Ё       8327Ё          Ё       Ё  5,08 Ё
ЁKITNJAK      Ё        Ё        645Ё          Ё       6871Ё          Ё       6945Ё          Ё      14461Ё          Ё       Ё  8,82 Ё
ЁCER          Ё        Ё         90Ё          Ё        426Ё          Ё        405Ё          Ё        921Ё          Ё       Ё  0,56 Ё
ЁO.BUKVA      Ё        Ё       3230Ё          Ё       8668Ё          Ё       6702Ё          Ё      18600Ё          Ё       Ё 11,34 Ё
ЁO.GRAB       Ё        Ё      18883Ё          Ё      14369Ё          Ё       1459Ё          Ё      34711Ё          Ё       Ё 21,17 Ё
ЁBAGREM       Ё        Ё      29904Ё          Ё      18663Ё          Ё       3290Ё          Ё      51857Ё          Ё       Ё 31,63 Ё
ЁOTB          Ё        Ё       3952Ё          Ё       4613Ё          Ё       1314Ё          Ё       9879Ё          Ё       Ё  6,03 Ё
ЁC.JOHA       Ё        Ё      14364Ё          Ё       4928Ё          Ё        442Ё          Ё      19734Ё          Ё       Ё 12,04 Ё
ЁOMB          Ё        Ё       2288Ё          Ё       1797Ё          Ё        662Ё          Ё       4747Ё          Ё       Ё  2,90 Ё
ЁOC           Ё        Ё        100Ё          Ё        401Ё          Ё        213Ё          Ё        714Ё          Ё       Ё  0,44 Ё
цдддддддддддддеддддддддедддддддддддеддддддддддедддддддддддеддддддддддедддддддддддеддддддддддедддддддддддеддддддддддедддддддеддддддд╢
ЁU k u p n o  Ё  817,21Ё      73801Ё          Ё      63167Ё          Ё      26983Ё          Ё     163951Ё          Ё       Ё100,00 Ё
цдддддддддддддаддддддддедддддддддддеддддддддддедддддддддддеддддддддддедддддддддддеддддддддддедддддддддддеддддддддддедддддддеддддддд╢
Ёm3 / 1 ha             Ё         90Ё          Ё         77Ё          Ё         33Ё          Ё        201Ё          Ё       Ё       Ё
цдддддддддддддбддддддддедддддддддддаддддддддддадддддддддддаддддддддддадддддддддддаддддддддддадддддддддддаддддддддддадддддддаддддддд╢
ЁNeobraslo pr.Ё        Ё                                                                                                           Ё
юдддддддддддддаддддддддаддддддддддддддддддддддддддддддддддддддддддддддддддддддддддддддддддддддддддддддддддддддддддддддддддддддддддды
"Hrvatske Гume", d.o.o.                                                                                            Stranica:       1
GJ:  Carevdar - ╛vrstec  2011-2020                                                                                 Datum: 19.04.2011

                                                                                                                         Obrazac O-5


здддддддддддддбддддддддбддддддддддддддддддддддддддддддддддддддддддддддддддддддддддддддддддддбддддддддддддддддддддддбдддддддбддддддд©
Ё             Ё        Ё                  D E B LJ I N S K I   R A Z R E D I                Ё                      Ё       Ё       Ё
Ё             Ё        цддддддддддддддддддддддбддддддддддддддддддддддбдддддддддддддддддддддд╢      U K U P N O     ЁNormalaЁ Omjer Ё
Ё Vrsta       ЁPovrГinaЁ      10 - 30 cm      Ё       31 - 50 cm     Ё        > 50 cm       цдддддддддддбдддддддддд╢       Ё smjeseЁ
Ё drve├a      Ё        цдддддддддддбддддддддддедддддддддддбддддддддддедддддддддддбдддддддддд╢           Ё          Ёpo 1 haЁ       Ё
Ё             Ё        Ё Drvna masaЁ  Prirast Ё Drvna masaЁ  Prirast Ё Drvna masaЁ  Prirast Ё Drvna masaЁ  Prirast Ё       Ё       Ё
Ё             цддддддддедддддддддддеддддддддддедддддддддддеддддддддддедддддддддддеддддддддддедддддддддддеддддддддддедддддддеддддддд╢
Ё             Ё   ha   Ё     m3    Ё    m3    Ё     m3    Ё     m3   Ё     m3    Ё     m3   Ё     m3    Ё     m3   Ё       Ё   %   Ё
цдддддддддддддеддддддддедддддддддддеддддддддддедддддддддддеддддддддддедддддддддддеддддддддддедддддддддддеддддддддддедддддддеддддддд╢
ЁLU╕NJAK      Ё        Ё        345Ё          Ё       2431Ё          Ё       5551Ё          Ё       8327Ё          Ё       Ё  5,08 Ё
ЁKITNJAK      Ё        Ё        645Ё          Ё       6871Ё          Ё       6945Ё          Ё      14461Ё          Ё       Ё  8,82 Ё
ЁCER          Ё        Ё         90Ё          Ё        426Ё          Ё        405Ё          Ё        921Ё          Ё       Ё  0,56 Ё
ЁO.BUKVA      Ё        Ё       3230Ё          Ё       8668Ё          Ё       6702Ё          Ё      18600Ё          Ё       Ё 11,34 Ё
ЁO.GRAB       Ё        Ё      18883Ё          Ё      14369Ё          Ё       1459Ё          Ё      34711Ё          Ё       Ё 21,17 Ё
ЁBAGREM       Ё        Ё      29904Ё          Ё      18663Ё          Ё       3290Ё          Ё      51857Ё          Ё       Ё 31,63 Ё
ЁOTB          Ё        Ё       3952Ё          Ё       4613Ё          Ё       1314Ё          Ё       9879Ё          Ё       Ё  6,03 Ё
ЁC.JOHA       Ё        Ё      14364Ё          Ё       4928Ё          Ё        442Ё          Ё      19734Ё          Ё       Ё 12,04 Ё
ЁOMB          Ё        Ё       2288Ё          Ё       1797Ё          Ё        662Ё          Ё       4747Ё          Ё       Ё  2,90 Ё
ЁOC           Ё        Ё        100Ё          Ё        401Ё          Ё        213Ё          Ё        714Ё          Ё       Ё  0,44 Ё
цдддддддддддддеддддддддедддддддддддеддддддддддедддддддддддеддддддддддедддддддддддеддддддддддедддддддддддеддддддддддедддддддеддддддд╢
ЁU k u p n o  Ё  817,21Ё      73801Ё          Ё      63167Ё          Ё      26983Ё          Ё     163951Ё          Ё       Ё100,00 Ё
цдддддддддддддаддддддддедддддддддддеддддддддддедддддддддддеддддддддддедддддддддддеддддддддддедддддддддддеддддддддддедддддддеддддддд╢
Ёm3 / 1 ha             Ё         90Ё          Ё         77Ё          Ё         33Ё          Ё        201Ё          Ё       Ё       Ё
цдддддддддддддбддддддддедддддддддддаддддддддддадддддддддддаддддддддддадддддддддддаддддддддддадддддддддддаддддддддддадддддддаддддддд╢
ЁNeobraslo pr.Ё        Ё                                                                                                           Ё
юдддддддддддддаддддддддаддддддддддддддддддддддддддддддддддддддддддддддддддддддддддддддддддддддддддддддддддддддддддддддддддддддддддды
