   "Hrvatske çume", d.o.o.                                                                                           Stranica:      1
   GJ:  Mali Kalnik - Orehovec  2011-2020                                                                            04.07.2011 11:59

                                                Mjerenje visina srednjeg ploçnog stabla                                              
                                                  i utvrÐivanje elemenata po tablicama                                               

                                 
   ÚÄÄÄÄÄÄÄÄÄÄÄÄÄÄÄÄÄÄÄÄÄÄÄÄÄÄÄÄÂÄÄÄÄÄÄÄÄÄÂÄÄÄÄÂÄÄÄÄÄÄÄÄÂÄÄÄÄÂÄÄÄÄÄÂÄÄÄÄÄÄÄÄÄÄÄÄÄÄÄÄÄÄÄÂÄÄÄÄÄÄÄÄÄÄÄÂÄÄÄÄÄÄÄÄÄÄÄÄÄÄÄÄÄÄÄÄÄÄÄÄÄÄÄÄÄÄÄÄ¿
   ³                            ³         ³ Op-³        ³Dob-³     ³     IZMJERENO     ³SR. VISINA ³        UTVRÑENO - tablice      ³
   ³                            ³  Glavna ³hod-³ Odjel  ³ni  ³Sta- ÃÄÄÄÄÄÄÂÄÄÄÄÄÂÄÄÄÄÄÄÅÄÄÄÄÄÄÄÄÄÄÄÅÄÄÄÄÄÄÄÄÄÂÄÄÄÄÄÄÄÄÄÄÂÄÄÄÄÄÄÄÄÄÄÄ´
   ³      UreÐajni razred       ³  vrsta  ³nja ³ Odsjek ³raz-³rost ³  N   ³  D  ³   G  ³     H     ³         ³     Z    ³     G     ³
   ³                            ³  drve†a ³god.³        ³red ³     ³kom/ha³  cm ³ m2/ha³     m     ³ Bonitet ³   m3/ha  ³   m2/ha   ³
   ÃÄÄÄÄÄÄÄÄÄÄÄÄÄÄÄÄÄÄÄÄÄÄÄÄÄÄÄÄÅÄÄÄÄÄÄÄÄÄÅÄÄÄÄÅÄÄÄÄÄÄÄÄÅÄÄÄÄÅÄÄÄÄÄÅÄÄÄÄÄÄÅÄÄÄÄÄÅÄÄÄÄÄÄÅÄÄÄÄÄÄÄÄÄÄÄÅÄÄÄÄÄÄÄÄÄÅÄÄÄÄÄÄÄÄÄÄÅÄÄÄÄÄÄÄÄÄÄÄ´
   ³Raynodobna sjemenja;a lu\nja³LU¦NJAK  ³    ³        ³    ³     ³      ³     ³      ³           ³         ³          ³           ³
   ³                            ³         ³ 10 ³  12 D  ³    ³   0 ³    18³47,50³  3,19³           ³         ³          ³           ³
   ³                            ³         ³ 10 ³  24 C  ³    ³   0 ³    39³50,53³  7,82³           ³         ³          ³           ³
   ³                            ³         ³ 10 ³  24 F  ³    ³   0 ³    20³35,77³  2,01³           ³         ³          ³           ³
   ³                            ³         ³ 10 ³  25 B  ³    ³   0 ³    27³55,58³  6,55³           ³         ³          ³           ³
   ³                            ³         ³ 10 ³  26 F  ³    ³   0 ³    34³51,64³  7,12³           ³         ³          ³           ³
   ³                            ³         ³ 10 ³  27 B  ³    ³   0 ³    29³45,91³  4,80³           ³         ³          ³           ³
   ³Raynodobna sjemenja;a hrasta³KITNJAK  ³    ³        ³    ³     ³      ³     ³      ³           ³         ³          ³           ³
   ³                            ³         ³ 10 ³   2 C  ³    ³   0 ³   147³29,43³ 10,00³           ³         ³          ³           ³
   ³                            ³         ³ 10 ³   4 B  ³    ³   0 ³   141³30,27³ 10,15³           ³         ³          ³           ³
   ³                            ³         ³ 10 ³  11 A  ³    ³   0 ³    53³39,58³  6,52³           ³         ³          ³           ³
   ³                            ³         ³ 10 ³  11 C  ³    ³   0 ³   203³33,48³ 17,87³           ³         ³          ³           ³
   ³                            ³         ³ 10 ³  12 B  ³    ³   0 ³    82³35,42³  8,08³           ³         ³          ³           ³
   ³                            ³         ³ 10 ³  12 C  ³    ³   0 ³    88³36,84³  9,38³           ³         ³          ³           ³
   ³                            ³         ³ 10 ³  13 A  ³    ³   0 ³   105³35,15³ 10,19³           ³         ³          ³           ³
   ³                            ³         ³ 10 ³  14 A  ³    ³   0 ³    64³36,86³  6,83³           ³         ³          ³           ³
   ³                            ³         ³ 10 ³  14 C  ³    ³   0 ³   103³46,34³ 17,37³           ³         ³          ³           ³
   ³                            ³         ³ 10 ³  16 A  ³    ³   0 ³    37³43,54³  5,51³           ³         ³          ³           ³
   ³                            ³         ³ 10 ³  17 A  ³    ³   0 ³    45³43,73³  6,76³           ³         ³          ³           ³
   ³                            ³         ³ 10 ³  17 B  ³    ³   0 ³    56³34,12³  5,12³           ³         ³          ³           ³
   ³                            ³         ³ 10 ³  18 A  ³    ³   0 ³    32³46,87³  5,52³           ³         ³          ³           ³
   ³                            ³         ³ 10 ³  19 A  ³    ³   0 ³    54³38,30³  6,22³           ³         ³          ³           ³
   ³                            ³         ³ 10 ³  20 A  ³    ³   0 ³   116³36,40³ 12,07³           ³         ³          ³           ³
   ³                            ³         ³ 10 ³  20 B  ³    ³   0 ³    57³46,38³  9,63³           ³         ³          ³           ³
   ³                            ³         ³ 10 ³  21 A  ³    ³   0 ³    66³37,01³  7,10³           ³         ³          ³           ³
   ³                            ³         ³ 10 ³  22 A  ³    ³   0 ³    68³41,16³  9,05³           ³         ³          ³           ³
   ³                            ³         ³ 10 ³  22 B  ³    ³   0 ³    82³37,13³  8,88³           ³         ³          ³           ³
   ³                            ³         ³ 10 ³  22 C  ³    ³   0 ³    27³48,61³  5,01³           ³         ³          ³           ³
   ³                            ³         ³ 10 ³  23 A  ³    ³   0 ³    48³44,48³  7,46³           ³         ³          ³           ³
   ³                            ³         ³ 10 ³  23 B  ³    ³   0 ³   149³35,48³ 14,73³           ³         ³          ³           ³
   ³                            ³         ³ 10 ³  24 A  ³    ³   0 ³    51³43,62³  7,62³           ³         ³          ³           ³
   ³                            ³         ³ 10 ³  25 A  ³    ³   0 ³    61³34,40³  5,67³           ³         ³          ³           ³
   ³                            ³         ³ 10 ³  26 D  ³    ³   0 ³    83³36,68³  8,77³           ³         ³          ³           ³
   ³                            ³         ³ 10 ³  26 E  ³    ³   0 ³   122³41,13³ 16,21³           ³         ³          ³           ³
   ³                            ³         ³ 10 ³  27 D  ³    ³   0 ³    95³36,79³ 10,10³           ³         ³          ³           ³
   ³                            ³         ³ 10 ³  27 E  ³    ³   0 ³   152³39,39³ 18,52³           ³         ³          ³           ³
   ³Raynodobna sjemenja;a bukve ³O.BUKVA  ³    ³        ³    ³     ³      ³     ³      ³           ³         ³          ³           ³
   ³                            ³         ³ 10 ³   1 C  ³    ³   0 ³   432³20,30³ 13,98³           ³         ³          ³           ³
   ³                            ³         ³ 10 ³   2 D  ³    ³   0 ³   325³26,79³ 18,32³           ³         ³          ³           ³
   ³                            ³         ³ 10 ³   3 C  ³    ³   0 ³   380³21,85³ 14,25³           ³         ³          ³           ³
   ³                            ³         ³ 10 ³   4 C  ³    ³   0 ³   372³25,44³ 18,91³           ³         ³          ³           ³
   ³                            ³         ³ 10 ³   5 D  ³    ³   0 ³   543³20,54³ 17,99³           ³         ³          ³           ³
   ³                            ³         ³ 10 ³  11 B  ³    ³   0 ³   192³28,95³ 12,64³           ³         ³          ³           ³
   ³                            ³         ³ 10 ³  12 A  ³    ³   0 ³   142³29,34³  9,60³           ³         ³          ³           ³
   ³                            ³         ³ 10 ³  15 A  ³    ³   0 ³   262³29,96³ 18,47³           ³         ³          ³           ³
   ³                            ³         ³ 10 ³  15 B  ³    ³   0 ³   234³31,13³ 17,81³           ³         ³          ³           ³
   ³                            ³         ³ 10 ³  16 C  ³    ³   0 ³    84³29,55³  5,76³           ³         ³          ³           ³
   ³                            ³         ³ 10 ³  18 B  ³    ³   0 ³   200³27,28³ 11,69³           ³         ³          ³           ³
   ³                            ³         ³ 10 ³  18 C  ³    ³   0 ³   300³25,45³ 15,26³           ³         ³          ³           ³
   ³                            ³         ³ 10 ³  19 B  ³    ³   0 ³    73³36,29³  7,55³           ³         ³          ³           ³
   ³Raynodobna sjemenja;a obi;no³O.GRAB   ³    ³        ³    ³     ³      ³     ³      ³           ³         ³          ³           ³
   ³                            ³         ³ 10 ³  13 B  ³    ³   0 ³   226³21,16³  7,95³           ³         ³          ³           ³
   ÀÄÄÄÄÄÄÄÄÄÄÄÄÄÄÄÄÄÄÄÄÄÄÄÄÄÄÄÄÁÄÄÄÄÄÄÄÄÄÁÄÄÄÄÁÄÄÄÄÄÄÄÄÁÄÄÄÄÁÄÄÄÄÄÁÄÄÄÄÄÄÁÄÄÄÄÄÁÄÄÄÄÄÄÁÄÄÄÄÄÄÄÄÄÄÄÁÄÄÄÄÄÄÄÄÄÁÄÄÄÄÄÄÄÄÄÄÁÄÄÄÄÄÄÄÄÄÄÄÙ   "Hrvatske çume", d.o.o.                                                                                           Stranica:      2
   GJ:  Mali Kalnik - Orehovec  2011-2020                                                                            04.07.2011 11:59

                                                Mjerenje visina srednjeg ploçnog stabla                                              
                                                  i utvrÐivanje elemenata po tablicama                                               

                                 
   ÚÄÄÄÄÄÄÄÄÄÄÄÄÄÄÄÄÄÄÄÄÄÄÄÄÄÄÄÄÂÄÄÄÄÄÄÄÄÄÂÄÄÄÄÂÄÄÄÄÄÄÄÄÂÄÄÄÄÂÄÄÄÄÄÂÄÄÄÄÄÄÄÄÄÄÄÄÄÄÄÄÄÄÄÂÄÄÄÄÄÄÄÄÄÄÄÂÄÄÄÄÄÄÄÄÄÄÄÄÄÄÄÄÄÄÄÄÄÄÄÄÄÄÄÄÄÄÄÄ¿
   ³                            ³         ³ Op-³        ³Dob-³     ³     IZMJERENO     ³SR. VISINA ³        UTVRÑENO - tablice      ³
   ³                            ³  Glavna ³hod-³ Odjel  ³ni  ³Sta- ÃÄÄÄÄÄÄÂÄÄÄÄÄÂÄÄÄÄÄÄÅÄÄÄÄÄÄÄÄÄÄÄÅÄÄÄÄÄÄÄÄÄÂÄÄÄÄÄÄÄÄÄÄÂÄÄÄÄÄÄÄÄÄÄÄ´
   ³      UreÐajni razred       ³  vrsta  ³nja ³ Odsjek ³raz-³rost ³  N   ³  D  ³   G  ³     H     ³         ³     Z    ³     G     ³
   ³                            ³  drve†a ³god.³        ³red ³     ³kom/ha³  cm ³ m2/ha³     m     ³ Bonitet ³   m3/ha  ³   m2/ha   ³
   ÃÄÄÄÄÄÄÄÄÄÄÄÄÄÄÄÄÄÄÄÄÄÄÄÄÄÄÄÄÅÄÄÄÄÄÄÄÄÄÅÄÄÄÄÅÄÄÄÄÄÄÄÄÅÄÄÄÄÅÄÄÄÄÄÅÄÄÄÄÄÄÅÄÄÄÄÄÅÄÄÄÄÄÄÅÄÄÄÄÄÄÄÄÄÄÄÅÄÄÄÄÄÄÄÄÄÅÄÄÄÄÄÄÄÄÄÄÅÄÄÄÄÄÄÄÄÄÄÄ´
   ³                            ³         ³ 10 ³  18 D  ³    ³   0 ³   116³33,23³ 10,06³           ³         ³          ³           ³
   ³                            ³         ³ 10 ³  19 C  ³    ³   0 ³   158³20,78³  5,36³           ³         ³          ³           ³
   ³                            ³         ³ 10 ³  20 D  ³    ³   0 ³   665³18,45³ 17,78³           ³         ³          ³           ³
   ³                            ³         ³ 10 ³  20 E  ³    ³   0 ³   246³24,80³ 11,88³           ³         ³          ³           ³
   ³                            ³         ³ 10 ³  24 D  ³    ³   0 ³   172³22,40³  6,78³           ³         ³          ³           ³
   ³                            ³         ³ 10 ³  25 C  ³    ³   0 ³   439³21,89³ 16,52³           ³         ³          ³           ³
   ³                            ³         ³ 10 ³  26 B  ³    ³   0 ³   383³18,75³ 10,57³           ³         ³          ³           ³
   ³                            ³         ³ 10 ³  26 C  ³    ³   0 ³   221³21,20³  7,80³           ³         ³          ³           ³
   ³                            ³         ³ 10 ³  27 A  ³    ³   0 ³   336³23,02³ 13,99³           ³         ³          ³           ³
   ³                            ³         ³ 10 ³  27 F  ³    ³   0 ³   330³20,31³ 10,69³           ³         ³          ³           ³
   ³                            ³         ³ 10 ³  27 G  ³    ³   0 ³   170³22,43³  6,72³           ³         ³          ³           ³
   ³Raynodobna sjemenja;a bagrem³BAGREM   ³    ³        ³    ³     ³      ³     ³      ³           ³         ³          ³           ³
   ³                            ³         ³ 10 ³  14 B  ³    ³   0 ³   462³20,12³ 14,69³           ³         ³          ³           ³
   ³                            ³         ³ 10 ³  14 D  ³    ³   0 ³   495³19,65³ 15,01³           ³         ³          ³           ³
   ³                            ³         ³ 10 ³  15 C  ³    ³   0 ³   308³19,27³  8,98³           ³         ³          ³           ³
   ³                            ³         ³ 10 ³  16 B  ³    ³   0 ³   319³20,79³ 10,83³           ³         ³          ³           ³
   ³                            ³         ³ 10 ³  18 E  ³    ³   0 ³   755³17,70³ 18,57³           ³         ³          ³           ³
   ³                            ³         ³ 10 ³  20 C  ³    ³   0 ³   987³19,10³ 28,28³           ³         ³          ³           ³
   ³                            ³         ³ 10 ³  22 D  ³    ³   0 ³   384³21,26³ 13,63³           ³         ³          ³           ³
   ³                            ³         ³ 10 ³  23 C  ³    ³   0 ³   392³19,99³ 12,30³           ³         ³          ³           ³
   ³                            ³         ³ 10 ³  24 B  ³    ³   0 ³   180³29,81³ 12,56³           ³         ³          ³           ³
   ³                            ³         ³ 10 ³  24 E  ³    ³   0 ³   633³19,54³ 18,98³           ³         ³          ³           ³
   ³                            ³         ³ 10 ³  26 A  ³    ³   0 ³   180³24,72³  8,64³           ³         ³          ³           ³
   ³                            ³         ³ 10 ³  27 C  ³    ³   0 ³   414³18,77³ 11,46³           ³         ³          ³           ³
   ³raynodobna sjemanja;a kitnja³KITNJAK  ³    ³        ³    ³     ³      ³     ³      ³           ³         ³          ³           ³
   ³                            ³         ³ 10 ³   1 B  ³    ³   0 ³   159³28,50³ 10,14³           ³         ³          ³           ³
   ³                            ³         ³ 10 ³   2 B  ³    ³   0 ³    84³29,55³  5,76³           ³         ³          ³           ³
   ³                            ³         ³ 10 ³   3 B  ³    ³   0 ³   124³30,45³  9,03³           ³         ³          ³           ³
   ³                            ³         ³ 10 ³   4 A  ³    ³   0 ³   195³30,02³ 13,80³           ³         ³          ³           ³
   ³                            ³         ³ 10 ³   4 D  ³    ³   0 ³   333³14,70³  5,65³           ³         ³          ³           ³
   ³                            ³         ³ 10 ³   5 A  ³    ³   0 ³   185³29,12³ 12,32³           ³         ³          ³           ³
   ³                            ³         ³ 10 ³   6 A  ³    ³   0 ³   348³23,13³ 14,62³           ³         ³          ³           ³
   ³                            ³         ³ 10 ³   7 A  ³    ³   0 ³   251³28,46³ 15,97³           ³         ³          ³           ³
   ³                            ³         ³ 10 ³   9 B  ³    ³   0 ³    37³35,44³  3,65³           ³         ³          ³           ³
   ³                            ³         ³ 10 ³  10 A  ³    ³   0 ³   394³26,78³ 22,19³           ³         ³          ³           ³
   ³                            ³         ³ 10 ³  10 C  ³    ³   0 ³   117³21,40³  4,21³           ³         ³          ³           ³
   ³raynodobna sjemenja;a bukve ³O.BUKVA  ³    ³        ³    ³     ³      ³     ³      ³           ³         ³          ³           ³
   ³                            ³         ³ 10 ³   1 A  ³    ³   0 ³   578³20,34³ 18,78³           ³         ³          ³           ³
   ³                            ³         ³ 10 ³   2 A  ³    ³   0 ³   257³23,08³ 10,75³           ³         ³          ³           ³
   ³                            ³         ³ 10 ³   3 A  ³    ³   0 ³   313³21,63³ 11,50³           ³         ³          ³           ³
   ³                            ³         ³ 10 ³   4 E  ³    ³   0 ³   550³18,87³ 15,38³           ³         ³          ³           ³
   ³                            ³         ³ 10 ³   4 F  ³    ³   0 ³   660³20,86³ 22,55³           ³         ³          ³           ³
   ³                            ³         ³ 10 ³   5 B  ³    ³   0 ³   222³31,32³ 17,10³           ³         ³          ³           ³
   ³                            ³         ³ 10 ³   5 C  ³    ³   0 ³   375³18,34³  9,91³           ³         ³          ³           ³
   ³                            ³         ³ 10 ³   6 B  ³    ³   0 ³   311³20,99³ 10,76³           ³         ³          ³           ³
   ³raynodobna sjemenja;a bagrem³BAGREM   ³    ³        ³    ³     ³      ³     ³      ³           ³         ³          ³           ³
   ³                            ³         ³ 10 ³  10 B  ³    ³   0 ³   441³15,59³  8,42³           ³         ³          ³           ³
   ³raynodobna panja;a bukve pos³O.BUKVA  ³    ³        ³    ³     ³      ³     ³      ³           ³         ³          ³           ³
   ³                            ³         ³ 10 ³   8 A  ³    ³   0 ³   514³19,47³ 15,30³           ³         ³          ³           ³
   ³                            ³         ³ 10 ³   8 B  ³    ³   0 ³   110³15,66³  2,12³           ³         ³          ³           ³
   ³                            ³         ³ 10 ³   9 A  ³    ³   0 ³   199³20,69³  6,69³           ³         ³          ³           ³
   ÀÄÄÄÄÄÄÄÄÄÄÄÄÄÄÄÄÄÄÄÄÄÄÄÄÄÄÄÄÁÄÄÄÄÄÄÄÄÄÁÄÄÄÄÁÄÄÄÄÄÄÄÄÁÄÄÄÄÁÄÄÄÄÄÁÄÄÄÄÄÄÁÄÄÄÄÄÁÄÄÄÄÄÄÁÄÄÄÄÄÄÄÄÄÄÄÁÄÄÄÄÄÄÄÄÄÁÄÄÄÄÄÄÄÄÄÄÁÄÄÄÄÄÄÄÄÄÄÄÙ
    