"Hrvatske зume", d.o.o.                                                         Stranica:      1
GJ:  Mali Kalnik - Orehovec  2011-2020                                          05.07.2011 08:39


                                 KONTROLNA LISTA ETATA - RAZNODOBNO



Odsjek Povrз. Vrsta        Zaliha Prirast  10-30   31-50     >50     I/1     I/2    II/1    II/2
ДДДДДДДДДДДДДДДДДДДДДДДДДДДДДДДДДДДДДДДДДДДДДДДДДДДДДДДДДДДДДДДДДДДДДДДДДДДДДДДДДДДДДДДДДДДДДДДД
  1 A   14,72 KITNJAK          994    250    109      40      60     209     219     229     229
              O.BUKVA         2409    840    434      48      96     578     554     578     602
              O.GRAB           168     70     32                      32      34      35      37
              BAGREM           383    120     15      28      73     116     144     123     106
              OTB               52     20                                                       
              OMB              163     70     29                      29      33      34      36
             ДДДДДДДДДДДДДДДДДДДДДДДДДДДДДДДДДДДДДДДДДДДДДДДДДДДДДДДДДДДДДДДДДДДДДДДДДДДДДДДДДДД
                              4169   1370    619     116     229     964     984     999    1010

  1 B   22,43 KITNJAK         2394    560    179     157      67     403     431     527     551
              O.BUKVA         2342    710    306      85     151     542     542     539     586
              O.GRAB           551    240    105                     105     120     123     127
              BAGREM           114     50                                                       
              OTB              169     60                                                       
              OMB               17     10                                                       
             ДДДДДДДДДДДДДДДДДДДДДДДДДДДДДДДДДДДДДДДДДДДДДДДДДДДДДДДДДДДДДДДДДДДДДДДДДДДДДДДДДДД
                              5587   1630    590     242     218    1050    1093    1189    1264

  1 C    8,45 KITNJAK          692    190    107      16      25     148     152     159     159
              O.BUKVA         1030    360    149      30      40     219     237     247     258
              O.GRAB            81     30     17                      17      17      18      18
              BAGREM           122     30                     42      42      35      33      31
              OTB               26     10                                                       
              OMB               26     10                                                       
             ДДДДДДДДДДДДДДДДДДДДДДДДДДДДДДДДДДДДДДДДДДДДДДДДДДДДДДДДДДДДДДДДДДДДДДДДДДДДДДДДДДД
                              1977    630    273      46     107     426     441     457     466

  2 A    8,64 KITNJAK          340     70             26      26      52      61      68      75
              O.BUKVA          857    270    130      43             173     189     197     206
              O.GRAB           277    110     60                      60      61      64      64
              BAGREM            45     20                                                       
              OTB              144     50     17               9      26      27      29      32
              OMB               52     30      9                       9      10      11      11
             ДДДДДДДДДДДДДДДДДДДДДДДДДДДДДДДДДДДДДДДДДДДДДДДДДДДДДДДДДДДДДДДДДДДДДДДДДДДДДДДДДДД
                              1715    550    216      69      35     320     348     369     388

  2 B   22,66 KITNJAK         1406    310    103      61     126     290     281     295     309
              O.BUKVA         1053    350    161      40      19     220     200     221     232
              O.GRAB           658    290    116      18             134     138     145     151
              BAGREM           525    310    103                     103     110     116     131
              OTB              255     90     23      11      15      49      51      54      56
              OMB                1                                                              
             ДДДДДДДДДДДДДДДДДДДДДДДДДДДДДДДДДДДДДДДДДДДДДДДДДДДДДДДДДДДДДДДДДДДДДДДДДДДДДДДДДДД
                              3898   1350    506     130     160     796     780     831     879

  2 C    5,35 KITNJAK                         32      43      27     102     109     126     138
              O.BUKVA                                                                           
              O.GRAB                          32      11              43      41      45      50
              BAGREM                          11                      11      11      12      13
              OTB                             11       8              19      23      24      26
              OMB                                                                               
             ДДДДДДДДДДДДДДДДДДДДДДДДДДДДДДДДДДДДДДДДДДДДДДДДДДДДДДДДДДДДДДДДДДДДДДДДДДДДДДДДДДД
                                              86      62      27     175     184     207     227

  2 D    4,94 KITNJAK          281     50             25      30      55      62      67      70
              O.BUKVA          878    260     99      74             173     202     211     220"Hrvatske зume", d.o.o.                                                         Stranica:      2
GJ:  Mali Kalnik - Orehovec  2011-2020                                          05.07.2011 08:39


                                 KONTROLNA LISTA ETATA - RAZNODOBNO



Odsjek Povrз. Vrsta        Zaliha Prirast  10-30   31-50     >50     I/1     I/2    II/1    II/2
ДДДДДДДДДДДДДДДДДДДДДДДДДДДДДДДДДДДДДДДДДДДДДДДДДДДДДДДДДДДДДДДДДДДДДДДДДДДДДДДДДДДДДДДДДДДДДДДД
              O.GRAB            22     10      3                       3       3       4       4
              BAGREM            19     10      3                       3       3       4       5
              OTB               24     10                                                       
             ДДДДДДДДДДДДДДДДДДДДДДДДДДДДДДДДДДДДДДДДДДДДДДДДДДДДДДДДДДДДДДДДДДДДДДДДДДДДДДДДДДД
                              1224    340    105      99      30     234     270     286     299

  3 A   27,15 KITNJAK          957    220     81      81             162     172     191     211
              O.BUKVA         2820    930    365      91      96     552     451     536     592
              O.GRAB           665    320    133                     133     100     120     140
              BAGREM            26     20                                                       
              OTB               96     40                                                       
              OMB               25     20                                                       
             ДДДДДДДДДДДДДДДДДДДДДДДДДДДДДДДДДДДДДДДДДДДДДДДДДДДДДДДДДДДДДДДДДДДДДДДДДДДДДДДДДДД
                              4589   1550    579     172      96     847     723     847     943

  3 B    7,72 KITNJAK          749    170     46      54      31     131     142     157     172
              O.BUKVA          208     80     47                      47      48      44      42
              O.GRAB           458    230    124                     124     115     105     105
              OTB               60     20      8                       8      10      10      10
             ДДДДДДДДДДДДДДДДДДДДДДДДДДДДДДДДДДДДДДДДДДДДДДДДДДДДДДДДДДДДДДДДДДДДДДДДДДДДДДДДДДД
                              1475    500    225      54      31     310     315     316     329

  3 C    1,91 KITNJAK          103     20                     15      15      15       9       9
              O.BUKVA          239     80     25       5              30      38      37      37
              O.GRAB            31     10      4                       4       5       5       5
              BAGREM            13     10      2                       2       2       2       2
             ДДДДДДДДДДДДДДДДДДДДДДДДДДДДДДДДДДДДДДДДДДДДДДДДДДДДДДДДДДДДДДДДДДДДДДДДДДДДДДДДДДД
                               386    120     31       5      15      51      60      53      53

  4 A   17,22 KITNJAK         2539    570    155     189     103     447     482     533     584
              O.BUKVA         1471    570    310      34      17     361     338     324     324
              O.GRAB           327    160     69                      69      72      75      78
              OTB               55     20                                                       
             ДДДДДДДДДДДДДДДДДДДДДДДДДДДДДДДДДДДДДДДДДДДДДДДДДДДДДДДДДДДДДДДДДДДДДДДДДДДДДДДДДДД
                              4392   1320    534     223     120     877     892     932     986

  4 B   11,61 KITNJAK         1268    280     58      93      58     209     228     254     279
              O.BUKVA          898    300    113      35      23     171     183     184     186
              O.GRAB            49     20     10                      10      10      10      10
              OTB               32     20                                                       
              OMB                8                                                              
             ДДДДДДДДДДДДДДДДДДДДДДДДДДДДДДДДДДДДДДДДДДДДДДДДДДДДДДДДДДДДДДДДДДДДДДДДДДДДДДДДДДД
                              2255    620    181     128      81     390     421     448     475

  4 C    6,96 KITNJAK          273     50      7      14      56      77      71      66      63
              O.BUKVA         1238    390    209      70             279     285     297     310
              O.GRAB           185    100     42                      42      41      44      45
              OTB               94     40     14       3              17      19      20      21
              OMB               12     10                                                       
             ДДДДДДДДДДДДДДДДДДДДДДДДДДДДДДДДДДДДДДДДДДДДДДДДДДДДДДДДДДДДДДДДДДДДДДДДДДДДДДДДДДД
                              1802    590    272      87      56     415     416     427     439

  4 D    1,72 KITNJAK                                                                           
              O.GRAB                                                                            
              BAGREM                                                                            
              OTB                                                                               "Hrvatske зume", d.o.o.                                                         Stranica:      3
GJ:  Mali Kalnik - Orehovec  2011-2020                                          05.07.2011 08:39


                                 KONTROLNA LISTA ETATA - RAZNODOBNO



Odsjek Povrз. Vrsta        Zaliha Prirast  10-30   31-50     >50     I/1     I/2    II/1    II/2
ДДДДДДДДДДДДДДДДДДДДДДДДДДДДДДДДДДДДДДДДДДДДДДДДДДДДДДДДДДДДДДДДДДДДДДДДДДДДДДДДДДДДДДДДДДДДДДДД
             ДДДДДДДДДДДДДДДДДДДДДДДДДДДДДДДДДДДДДДДДДДДДДДДДДДДДДДДДДДДДДДДДДДДДДДДДДДДДДДДДДДД
                                                                                                

  4 E    1,52 CER               68     10              6               6      11      12      14
              O.BUKVA          189     70     46                      46      42      38      36
              O.GRAB            13     10                                                       
              OTB                4                                                              
             ДДДДДДДДДДДДДДДДДДДДДДДДДДДДДДДДДДДДДДДДДДДДДДДДДДДДДДДДДДДДДДДДДДДДДДДДДДДДДДДДДДД
                               274     90     46       6              52      53      50      50

  4 F    0,60 O.BUKVA          117     40     17       4              21      28      27      28
              O.GRAB            11     10                                                       
             ДДДДДДДДДДДДДДДДДДДДДДДДДДДДДДДДДДДДДДДДДДДДДДДДДДДДДДДДДДДДДДДДДДДДДДДДДДДДДДДДДДД
                               128     50     17       4              21      28      27      28

  5 A   18,70 KITNJAK         2441    560    151     235      19     405     464     513     561
              O.BUKVA         1388    520    252      35             287     346     335     325
              O.GRAB           275    130     56                      56      59      57      55
              BAGREM             4                                                              
              OTB               45     20                                                       
              OMB                2                                                              
             ДДДДДДДДДДДДДДДДДДДДДДДДДДДДДДДДДДДДДДДДДДДДДДДДДДДДДДДДДДДДДДДДДДДДДДДДДДДДДДДДДДД
                              4155   1230    459     270      19     748     869     905     941

  5 B    6,14 KITNJAK          195     40     12              55      67      68      12      23
              O.BUKVA         1099    280     31      61     154     246     220     242     264
              O.GRAB           137     60     31                      31      30      31      32
              OTB               59     20      6                       6      11      11      11
             ДДДДДДДДДДДДДДДДДДДДДДДДДДДДДДДДДДДДДДДДДДДДДДДДДДДДДДДДДДДДДДДДДДДДДДДДДДДДДДДДДДД
                              1490    400     80      61     209     350     329     296     330

  5 C    7,02 KITNJAK           40     10                                                       
              O.BUKVA          557    220    112                     112     114     104     100
              O.GRAB           259    120     47                      47      47      46      43
              BAGREM             7                                                              
              OTB               33     20                                                       
              OMB               16     10                                                       
             ДДДДДДДДДДДДДДДДДДДДДДДДДДДДДДДДДДДДДДДДДДДДДДДДДДДДДДДДДДДДДДДДДДДДДДДДДДДДДДДДДДД
                               912    380    159                     159     161     150     143

  5 D    5,69 KITNJAK          397    100     28      34              62      77      91     105
              O.BUKVA          896    310    171      40             211     214     203     193
              O.GRAB           116     60     23       3              26      22      21      21
              OTB                3                                                              
             ДДДДДДДДДДДДДДДДДДДДДДДДДДДДДДДДДДДДДДДДДДДДДДДДДДДДДДДДДДДДДДДДДДДДДДДДДДДДДДДДДДД
                              1412    470    222      77             299     313     315     319

  6 A   12,65 KITNJAK         1809    490    253      76      63     392     380     362     398
              O.BUKVA          751    300    147      12             159     165     166     162
              O.GRAB           131     70     30                      30      29      28      27
              OTB              129     60     25                      25      27      27      29
             ДДДДДДДДДДДДДДДДДДДДДДДДДДДДДДДДДДДДДДДДДДДДДДДДДДДДДДДДДДДДДДДДДДДДДДДДДДДДДДДДДДД
                              2820    920    455      88      63     606     601     583     616

  6 B   12,35 KITNJAK          845    200     99      49      25     173     177     186     186
              O.BUKVA         1176    400    198      37      37     272     270     282     282"Hrvatske зume", d.o.o.                                                         Stranica:      4
GJ:  Mali Kalnik - Orehovec  2011-2020                                          05.07.2011 08:39


                                 KONTROLNA LISTA ETATA - RAZNODOBNO



Odsjek Povrз. Vrsta        Zaliha Prirast  10-30   31-50     >50     I/1     I/2    II/1    II/2
ДДДДДДДДДДДДДДДДДДДДДДДДДДДДДДДДДДДДДДДДДДДДДДДДДДДДДДДДДДДДДДДДДДДДДДДДДДДДДДДДДДДДДДДДДДДДДДДД
              O.GRAB           386    150     62      12              74      77      81      85
              BAGREM            31     10                                                       
              OTB               10                                                              
              OMB                4                                                              
             ДДДДДДДДДДДДДДДДДДДДДДДДДДДДДДДДДДДДДДДДДДДДДДДДДДДДДДДДДДДДДДДДДДДДДДДДДДДДДДДДДДД
                              2452    760    359      98      62     519     524     549     553

  7 A   52,68 KITNJAK         8887   2050    843     738     211    1792    1866    1955    2044
              O.BUKVA         1761    680    316                     316     314     285     276
              O.GRAB          1649    830    263                     263     257     252     249
              BAGREM             7     10                                     23      12       6
              OTB              186     90                                     68      64      60
              OMB               22     20                                     36      27      21
             ДДДДДДДДДДДДДДДДДДДДДДДДДДДДДДДДДДДДДДДДДДДДДДДДДДДДДДДДДДДДДДДДДДДДДДДДДДДДДДДДДДД
                             12512   3680   1422     738     211    2371    2564    2595    2656

  8 A   14,45 KITNJAK          337     80                                     42      36      50
              O.BUKVA         1848    690    361      29             390     369     379     388
              O.GRAB           317    160     72                      72      54      56      57
              OTB              245    110     43                      43      51      49      44
              OMB               26     20                                                       
             ДДДДДДДДДДДДДДДДДДДДДДДДДДДДДДДДДДДДДДДДДДДДДДДДДДДДДДДДДДДДДДДДДДДДДДДДДДДДДДДДДДД
                              2773   1060    476      29             505     516     520     539

  8 B    8,60 KITNJAK                                                                 74      44
              O.BUKVA                                                                 68      41
              O.GRAB                                                                   9       6
              OTB                                                                               
              SMREKA                                                                            
             ДДДДДДДДДДДДДДДДДДДДДДДДДДДДДДДДДДДДДДДДДДДДДДДДДДДДДДДДДДДДДДДДДДДДДДДДДДДДДДДДДДД
                                                                                     151      91

  9 A   16,77 KITNJAK          491    100             50              50      78      89     105
              O.BUKVA          967    350    168      34             202     202     215     214
              O.GRAB           576    260    101      17             118     119     117     116
              OTB              410    130     50      17      50     117      97      87      86
              OMB              211    100     45                      45      43      44      70
             ДДДДДДДДДДДДДДДДДДДДДДДДДДДДДДДДДДДДДДДДДДДДДДДДДДДДДДДДДДДДДДДДДДДДДДДДДДДДДДДДДДД
                              2655    940    364     118      50     532     539     552     591

  9 B    4,58 KITNJAK          189     40      5      14              19      23      28      38
              O.BUKVA           61     20      9       5              14      13      13      12
              O.GRAB           272    120     69       5              74      68      63      63
              BAGREM            71     50     23                      23      18      16      13
              OTB               23     10                                                       
             ДДДДДДДДДДДДДДДДДДДДДДДДДДДДДДДДДДДДДДДДДДДДДДДДДДДДДДДДДДДДДДДДДДДДДДДДДДДДДДДДДДД
                               616    240    106      24             130     122     120     126

 10 A   15,33 KITNJAK         3515    850    279     229      61     569     540     631     585
              O.BUKVA          189     80     30                      30      29      30      27
              O.GRAB           281    120     46                      46      39      41      44
              BAGREM            72     40                                                       
              OTB              193     80     15              15      30      30      29      27
              OMB               35     20                                                       
              C.BOR             15     10                                                       
"Hrvatske зume", d.o.o.                                                         Stranica:      5
GJ:  Mali Kalnik - Orehovec  2011-2020                                          05.07.2011 08:39


                                 KONTROLNA LISTA ETATA - RAZNODOBNO



Odsjek Povrз. Vrsta        Zaliha Prirast  10-30   31-50     >50     I/1     I/2    II/1    II/2
ДДДДДДДДДДДДДДДДДДДДДДДДДДДДДДДДДДДДДДДДДДДДДДДДДДДДДДДДДДДДДДДДДДДДДДДДДДДДДДДДДДДДДДДДДДДДДДДД
             ДДДДДДДДДДДДДДДДДДДДДДДДДДДДДДДДДДДДДДДДДДДДДДДДДДДДДДДДДДДДДДДДДДДДДДДДДДДДДДДДДДД
                              4300   1200    370     229      76     675     638     731     683

 10 B    9,46 KITNJAK          293     90     28       9              37      35      36      38
              BAGREM           567    360     95       9             104      91      91      85
              OTB               62     40      9                       9       9      10      10
             ДДДДДДДДДДДДДДДДДДДДДДДДДДДДДДДДДДДДДДДДДДДДДДДДДДДДДДДДДДДДДДДДДДДДДДДДДДДДДДДДДДД
                               922    490    132      18             150     135     137     133

 10 C    1,60 KITNJAK           64     20      6       3               9      10      11      12
              O.GRAB            93     40     16       3              19      19      18      17
              BAGREM             2                                                              
              OTB               29     20      5                       5       4       4       4
             ДДДДДДДДДДДДДДДДДДДДДДДДДДДДДДДДДДДДДДДДДДДДДДДДДДДДДДДДДДДДДДДДДДДДДДДДДДДДДДДДДДД
                               188     80     27       6              33      33      33      33

 11 A   36,06 KITNJAK                                                                           
              O.BUKVA                                                                           
              O.GRAB                                                                            
              BAGREM                                                                            
              OTB                                                                               
              OMB                                                                               
             ДДДДДДДДДДДДДДДДДДДДДДДДДДДДДДДДДДДДДДДДДДДДДДДДДДДДДДДДДДДДДДДДДДДДДДДДДДДДДДДДДДД
                                                                                                

 11 B    9,95 KITNJAK         1063    220     20      80     149     249     244     244     244
              O.BUKVA         1297    390     80      70     149     299     297     298     289
              O.GRAB            57     30                                                       
              BAGREM           655    300     70     100             170     164     166     168
             ДДДДДДДДДДДДДДДДДДДДДДДДДДДДДДДДДДДДДДДДДДДДДДДДДДДДДДДДДДДДДДДДДДДДДДДДДДДДДДДДДДД
                              3072    940    170     250     298     718     705     708     701

 11 C    1,26 KITNJAK          271     60     13      14      51      78      70      63      59
              O.BUKVA            4                                                              
              O.GRAB            78     40     13       5              18      21      20      19
              BAGREM             9     10                                                       
              OTB               10                                                              
             ДДДДДДДДДДДДДДДДДДДДДДДДДДДДДДДДДДДДДДДДДДДДДДДДДДДДДДДДДДДДДДДДДДДДДДДДДДДДДДДДДДД
                               372    110     26      19      51      96      91      83      78

 12 A   28,81 LU¦NJAK           68     10                                                       
              KITNJAK         1229    260             86     173     259     264     273     294
              O.BUKVA         2911    850    162     120     453     735     699     670     679
              O.GRAB          1413    520    134     129      29     292     309     301     322
              BAGREM          1568    720    144     173     115     432     411     400     377
              OTB              227     80             29              29      35      39      46
              OMB               87     50                                                       
             ДДДДДДДДДДДДДДДДДДДДДДДДДДДДДДДДДДДДДДДДДДДДДДДДДДДДДДДДДДДДДДДДДДДДДДДДДДДДДДДДДДД
                              7503   2490    440     537     770    1747    1718    1683    1718

 12 B   13,63 KITNJAK         1320    300     27      96     136     259     281     294     322
              O.BUKVA           53     20      9                       9       9       9       9
              O.GRAB           135     80     27                      27      30      31      32
              BAGREM          1702    860    299     212             511     581     591     601
              OTB               84     30                                                       
"Hrvatske зume", d.o.o.                                                         Stranica:      6
GJ:  Mali Kalnik - Orehovec  2011-2020                                          05.07.2011 08:39


                                 KONTROLNA LISTA ETATA - RAZNODOBNO



Odsjek Povrз. Vrsta        Zaliha Prirast  10-30   31-50     >50     I/1     I/2    II/1    II/2
ДДДДДДДДДДДДДДДДДДДДДДДДДДДДДДДДДДДДДДДДДДДДДДДДДДДДДДДДДДДДДДДДДДДДДДДДДДДДДДДДДДДДДДДДДДДДДДДД
             ДДДДДДДДДДДДДДДДДДДДДДДДДДДДДДДДДДДДДДДДДДДДДДДДДДДДДДДДДДДДДДДДДДДДДДДДДДДДДДДДДДД
                              3294   1290    362     308     136     806     901     925     964

 12 C    8,50 KITNJAK          971    210     26      47     213     286     262     233     223
              O.GRAB           301    140     51       9              60      64      63      63
              BAGREM           829    520    170      43             213     219     206     200
              OTB               72     30              9               9      11      12      13
              OMB                1                                                              
             ДДДДДДДДДДДДДДДДДДДДДДДДДДДДДДДДДДДДДДДДДДДДДДДДДДДДДДДДДДДДДДДДДДДДДДДДДДДДДДДДДДД
                              2174    900    247     108     213     568     556     514     499

 12 D    4,15 LU¦NJAK          176     30             17              17      19      54      89
              O.BUKVA            2                                                              
              O.GRAB           241     90     33      25              58      45      44      43
              BAGREM            88     30             20              20      29      28      28
              OTB               57     20              9               9      10      10       9
              OMB              549    230    104      62             166     156     275     220
             ДДДДДДДДДДДДДДДДДДДДДДДДДДДДДДДДДДДДДДДДДДДДДДДДДДДДДДДДДДДДДДДДДДДДДДДДДДДДДДДДДДД
                              1113    400    137     133             270     259     411     389

 13 A   23,46 KITNJAK         2923    630     70     164     587     821     760     702     672
              O.BUKVA          271     80             23              23      37      43      46
              O.GRAB          1572    750    356      50             406     363     350     354
              BAGREM           724    390    117      70             187     185     188     179
              OTB              251    110     23                      23      30      39      41
              OMB              410    160     23      23              46      56      63      75
              C.BOR             48     10                     48      48                        
             ДДДДДДДДДДДДДДДДДДДДДДДДДДДДДДДДДДДДДДДДДДДДДДДДДДДДДДДДДДДДДДДДДДДДДДДДДДДДДДДДДДД
                              6199   2130    589     330     635    1554    1431    1385    1367

 13 B   10,52 KITNJAK          127     30             11              11      19      22      27
              O.GRAB           775    310    130      54             184     178     173     184
              BAGREM           561    270     84      63             147     150     145     143
              OTB              288     70     11      11      53      75      55      63      64
              OMB              604    230     42      53      63     158     154     140     135
              C.BOR            372    120            101      65     166     149     186        
             ДДДДДДДДДДДДДДДДДДДДДДДДДДДДДДДДДДДДДДДДДДДДДДДДДДДДДДДДДДДДДДДДДДДДДДДДДДДДДДДДДДД
                              2727   1030    267     293     181     741     705     729     553

 14 A   18,02 LU¦NJAK           85     20                                                       
              KITNJAK         1498    330     18     108     180     306     300     315     330
              O.BUKVA         1713    510     90      54     360     504     480     428     394
              O.GRAB           601    230     54      36     101     191     138     138     132
              BAGREM          1221    660    216      90             306     293     293     305
              OTB               61     30     18                      18       9       9       9
             ДДДДДДДДДДДДДДДДДДДДДДДДДДДДДДДДДДДДДДДДДДДДДДДДДДДДДДДДДДДДДДДДДДДДДДДДДДДДДДДДДДД
                              5179   1780    396     288     641    1325    1220    1183    1170

 14 B    9,75 KITNJAK           75     20                                                     23
              O.BUKVA            9     10                                                       
              O.GRAB           547    230     78      59             137     127     126     126
              BAGREM          1262    720    244      98             342     333     320     309
              OTB              273     90     10      20              30      43      39      44
             ДДДДДДДДДДДДДДДДДДДДДДДДДДДДДДДДДДДДДДДДДДДДДДДДДДДДДДДДДДДДДДДДДДДДДДДДДДДДДДДДДДД
                              2166   1070    332     177             509     503     485     502
"Hrvatske зume", d.o.o.                                                         Stranica:      7
GJ:  Mali Kalnik - Orehovec  2011-2020                                          05.07.2011 08:39


                                 KONTROLNA LISTA ETATA - RAZNODOBNO



Odsjek Povrз. Vrsta        Zaliha Prirast  10-30   31-50     >50     I/1     I/2    II/1    II/2
ДДДДДДДДДДДДДДДДДДДДДДДДДДДДДДДДДДДДДДДДДДДДДДДДДДДДДДДДДДДДДДДДДДДДДДДДДДДДДДДДДДДДДДДДДДДДДДДД
 14 C    1,64 KITNJAK          371     70             23      82     105     111      96      85
              O.BUKVA           28     10      5                       5       5       6       6
              O.GRAB            81     40     16       3              19      19      19      20
              BAGREM            75     40     21                      21      20      19      19
              OTB               34     10              5               5       5       6       6
             ДДДДДДДДДДДДДДДДДДДДДДДДДДДДДДДДДДДДДДДДДДДДДДДДДДДДДДДДДДДДДДДДДДДДДДДДДДДДДДДДДДД
                               589    170     42      31      82     155     160     146     136

 14 D    5,28 KITNJAK          138     50     21                      21      29      29      28
              O.BUKVA           99     40     16                      16      18      19      21
              O.GRAB           225     90     37      11              48      45      49      51
              BAGREM           685    400    162      32             194     193     181     169
              OTB               26     20      5                       5       5       5       5
              OMB                2                                                              
             ДДДДДДДДДДДДДДДДДДДДДДДДДДДДДДДДДДДДДДДДДДДДДДДДДДДДДДДДДДДДДДДДДДДДДДДДДДДДДДДДДДД
                              1175    600    241      43             284     290     283     274

 15 A   19,33 KITNJAK          483    100             19     116     135     126     120     111
              O.BUKVA         3801   1080    135     193     580     908     889     841     869
              O.GRAB           173     70     19      19              38      36      38      38
              BAGREM           620    280     58      77             135     150     156     162
              OTB               50     20                                                       
              OMB               17     10                                                       
             ДДДДДДДДДДДДДДДДДДДДДДДДДДДДДДДДДДДДДДДДДДДДДДДДДДДДДДДДДДДДДДДДДДДДДДДДДДДДДДДДДДД
                              5144   1560    212     308     696    1216    1201    1155    1180

 15 B   11,62 KITNJAK          376     60             12     116     128     107      99      90
              O.BUKVA         2222    630     81     139     291     511     529     492     524
              O.GRAB           389    150     46      35              81      90      84      83
              BAGREM           680    300     23      58     174     255     240     209     182
              OTB                2                                                              
              OMB               26     10                                                       
             ДДДДДДДДДДДДДДДДДДДДДДДДДДДДДДДДДДДДДДДДДДДДДДДДДДДДДДДДДДДДДДДДДДДДДДДДДДДДДДДДДДД
                              3695   1150    150     244     581     975     966     884     879

 15 C    3,73 KITNJAK           99     20              4      22      26      25      10      12
              O.BUKVA          123     40              4      19      23      21      22      23
              O.GRAB           104     40     15      11              26      22      21      21
              BAGREM           289    170     58      20              78      88     100     114
              OTB                4                                                              
             ДДДДДДДДДДДДДДДДДДДДДДДДДДДДДДДДДДДДДДДДДДДДДДДДДДДДДДДДДДДДДДДДДДДДДДДДДДДДДДДДДДД
                               619    270     73      39      41     153     156     153     170

 16 A   31,69 KITNJAK         2248    430            130     489     619     629     493     538
              O.BUKVA         1230    350             63     222     285     307     281     292
              O.GRAB           742    350    116      29             145     144     143     143
              BAGREM          3843   1950    488     390     370    1248    1297    1095     971
              OTB                9     10                                                       
             ДДДДДДДДДДДДДДДДДДДДДДДДДДДДДДДДДДДДДДДДДДДДДДДДДДДДДДДДДДДДДДДДДДДДДДДДДДДДДДДДДДД
                              8072   3090    604     612    1081    2297    2377    2012    1944

 16 B   12,67 KITNJAK          136     30                                             13      68
              O.BUKVA           13     10                                                       
              O.GRAB            14     10                                                       
              BAGREM          1259    670    158      44     126     328     281     339     410
              OTB              323    100     11      20      45      76      77      74      67"Hrvatske зume", d.o.o.                                                         Stranica:      8
GJ:  Mali Kalnik - Orehovec  2011-2020                                          05.07.2011 08:39


                                 KONTROLNA LISTA ETATA - RAZNODOBNO



Odsjek Povrз. Vrsta        Zaliha Prirast  10-30   31-50     >50     I/1     I/2    II/1    II/2
ДДДДДДДДДДДДДДДДДДДДДДДДДДДДДДДДДДДДДДДДДДДДДДДДДДДДДДДДДДДДДДДДДДДДДДДДДДДДДДДДДДДДДДДДДДДДДДДД
              OMB                8     10                                                       
             ДДДДДДДДДДДДДДДДДДДДДДДДДДДДДДДДДДДДДДДДДДДДДДДДДДДДДДДДДДДДДДДДДДДДДДДДДДДДДДДДДДД
                              1753    830    169      64     171     404     358     426     545

 16 C    1,64 O.BUKVA           97     30              8               8      12      13      18
              O.GRAB            66     30      6       9              15      16      15      14
              BAGREM            21     20      7                       7       6       6       5
             ДДДДДДДДДДДДДДДДДДДДДДДДДДДДДДДДДДДДДДДДДДДДДДДДДДДДДДДДДДДДДДДДДДДДДДДДДДДДДДДДДДД
                               184     80     13      17              30      34      34      37

 17 A   39,34 KITNJAK         3417    660            196     787     983     975     869     798
              O.BUKVA         2585    700     79     118     590     787     716     629     620
              O.GRAB          1948    690    157     236             393     415     447     441
              BAGREM          2966   1480    393     315     358    1066    1013     970     931
              OTB              466    140             38      39      77      78      77      76
              OMB               93     40                                                       
             ДДДДДДДДДДДДДДДДДДДДДДДДДДДДДДДДДДДДДДДДДДДДДДДДДДДДДДДДДДДДДДДДДДДДДДДДДДДДДДДДДДД
                             11475   3710    629     903    1774    3306    3197    2992    2866

 17 B   18,81 KITNJAK         1147    260             77     158     235     251     206     185
              O.BUKVA          379    120             38              38      56      62      59
              O.GRAB           419    180     75      38             113     109     102      98
              BAGREM          2021   1130    386     190             576     716     626     577
              OTB              135     40             19              19      26      27      27
              OMB              241     90             39              39      50      49      51
             ДДДДДДДДДДДДДДДДДДДДДДДДДДДДДДДДДДДДДДДДДДДДДДДДДДДДДДДДДДДДДДДДДДДДДДДДДДДДДДДДДДД
                              4342   1820    461     401     158    1020    1208    1072     997

 18 A   18,68 KITNJAK         1333    250             75     243     318     325     336     334
              O.BUKVA          818    270     75      37      75     187     188     180     173
              O.GRAB          1156    460    133      76      52     261     260     263     233
              BAGREM          2179    990    286     310     246     842     718     667     620
              OTB              173     50                                     37      36      35
             ДДДДДДДДДДДДДДДДДДДДДДДДДДДДДДДДДДДДДДДДДДДДДДДДДДДДДДДДДДДДДДДДДДДДДДДДДДДДДДДДДДД
                              5659   2020    494     498     616    1608    1528    1482    1395

 18 B   10,33 KITNJAK          620    120             41     103     144     157     150     144
              O.BUKVA         1223    380     72      62     103     237     283     285     289
              O.GRAB           283    100     31      41              72      69      67      63
              BAGREM           553    210     32      38     161     231     196     188     186
              OTB                1                                                              
              OMB               10     10                                                       
             ДДДДДДДДДДДДДДДДДДДДДДДДДДДДДДДДДДДДДДДДДДДДДДДДДДДДДДДДДДДДДДДДДДДДДДДДДДДДДДДДДДД
                              2690    820    135     182     367     684     705     690     682

 18 C    5,64 KITNJAK          887    170             62     226     288     268     239     218
              O.BUKVA          848    270     61      42      85     188     223     206     191
              O.GRAB           155     60     24      11              35      33      31      32
              BAGREM            40     20      6       6              12      12      10      10
             ДДДДДДДДДДДДДДДДДДДДДДДДДДДДДДДДДДДДДДДДДДДДДДДДДДДДДДДДДДДДДДДДДДДДДДДДДДДДДДДДДДД
                              1930    520     91     121     311     523     536     486     451

 18 D    2,39 KITNJAK           97     10                     45      45      33      15        
              O.BUKVA          142     30                     45      45      49      21        
              O.GRAB           279     80      9      12      48      69      70      80      72
              BAGREM           167     80     10      26              36      52      50      56"Hrvatske зume", d.o.o.                                                         Stranica:      9
GJ:  Mali Kalnik - Orehovec  2011-2020                                          05.07.2011 08:39


                                 KONTROLNA LISTA ETATA - RAZNODOBNO



Odsjek Povrз. Vrsta        Zaliha Prirast  10-30   31-50     >50     I/1     I/2    II/1    II/2
ДДДДДДДДДДДДДДДДДДДДДДДДДДДДДДДДДДДДДДДДДДДДДДДДДДДДДДДДДДДДДДДДДДДДДДДДДДДДДДДДДДДДДДДДДДДДДДДД
              OTB                3                                                              
             ДДДДДДДДДДДДДДДДДДДДДДДДДДДДДДДДДДДДДДДДДДДДДДДДДДДДДДДДДДДДДДДДДДДДДДДДДДДДДДДДДДД
                               688    200     19      38     138     195     204     166     128

 18 E    2,70 O.GRAB             2                                                              
              BAGREM           403    260    110      11             121     108     130     136
              OMB                9                                                              
             ДДДДДДДДДДДДДДДДДДДДДДДДДДДДДДДДДДДДДДДДДДДДДДДДДДДДДДДДДДДДДДДДДДДДДДДДДДДДДДДДДДД
                               414    260    110      11             121     108     130     136

 19 A   27,06 LU¦NJAK          389     90                     27      27      62      66      76
              KITNJAK         2063    440            154     297     451     462     478     514
              O.BUKVA         1235    380     54      81     132     267     267     275     286
              O.GRAB          1827    790    283     135      76     494     468     456     390
              BAGREM           910    550    216      81             297     297     275     256
              OTB              199     70     27                      27      31      35      39
              OMB               21     10                                                       
             ДДДДДДДДДДДДДДДДДДДДДДДДДДДДДДДДДДДДДДДДДДДДДДДДДДДДДДДДДДДДДДДДДДДДДДДДДДДДДДДДДДД
                              6644   2330    580     451     532    1563    1587    1585    1561

 19 B   18,95 KITNJAK          728    120             19     190     209     184     169     161
              O.BUKVA         1641    410             57     341     398     394     382     387
              O.GRAB           430    150     19      19      57      95      96      93      87
              BAGREM          2428   1250    321     256     161     738     743     664     616
              OTB               71     30                                                       
             ДДДДДДДДДДДДДДДДДДДДДДДДДДДДДДДДДДДДДДДДДДДДДДДДДДДДДДДДДДДДДДДДДДДДДДДДДДДДДДДДДДД
                              5298   1960    340     351     749    1440    1417    1308    1251

 19 C    6,67 KITNJAK           75     20                     27      27      27      19      15
              CER               38     20                                                       
              O.BUKVA          105     30              7               7      16      17      17
              O.GRAB           327    130     40      40              80      79      77      77
              BAGREM           290    200     86                      86      77      83      88
              OTB              189     80     24      10              34      36      39      41
             ДДДДДДДДДДДДДДДДДДДДДДДДДДДДДДДДДДДДДДДДДДДДДДДДДДДДДДДДДДДДДДДДДДДДДДДДДДДДДДДДДДД
                              1024    480    150      57      27     234     235     235     238

 20 A   22,45 LU¦NJAK           75     20                                     12      12      12
              KITNJAK         3248    740            462     232     694     716     772     796
              CER              407    120     22      45              67      84      82      79
              O.BUKVA          275     80             22      59      81      54      52      50
              O.GRAB           817    400    135      45             180     179     172     166
              BAGREM          1544    730    157     112     177     446     611     566     524
              OTB              176     60             22              22      33      32      31
              OMB               36     10                                                       
             ДДДДДДДДДДДДДДДДДДДДДДДДДДДДДДДДДДДДДДДДДДДДДДДДДДДДДДДДДДДДДДДДДДДДДДДДДДДДДДДДДДД
                              6578   2160    314     708     468    1490    1689    1688    1658

 20 B   17,45 LU¦NJAK          540    100             17     122     139     135     128     109
              KITNJAK         2179    410             87     611     698     650     558     487
              CER               35     10                                                       
              O.BUKVA          895    290     52      52      70     174     225     213     203
              O.GRAB           828    340    117      65             182     174     166     159
              BAGREM           686    420    105      70             175     209     193     174
              OTB               27     10                                                       
"Hrvatske зume", d.o.o.                                                         Stranica:     10
GJ:  Mali Kalnik - Orehovec  2011-2020                                          05.07.2011 08:39


                                 KONTROLNA LISTA ETATA - RAZNODOBNO



Odsjek Povrз. Vrsta        Zaliha Prirast  10-30   31-50     >50     I/1     I/2    II/1    II/2
ДДДДДДДДДДДДДДДДДДДДДДДДДДДДДДДДДДДДДДДДДДДДДДДДДДДДДДДДДДДДДДДДДДДДДДДДДДДДДДДДДДДДДДДДДДДДДДДД
             ДДДДДДДДДДДДДДДДДДДДДДДДДДДДДДДДДДДДДДДДДДДДДДДДДДДДДДДДДДДДДДДДДДДДДДДДДДДДДДДДДДД
                              5190   1580    274     291     803    1368    1393    1258    1132

 20 C    4,16 O.GRAB            37     20                                                       
              BAGREM           993    600    211      83             294     298     298     298
              OTB                5                                                              
             ДДДДДДДДДДДДДДДДДДДДДДДДДДДДДДДДДДДДДДДДДДДДДДДДДДДДДДДДДДДДДДДДДДДДДДДДДДДДДДДДДДД
                              1035    620    211      83             294     298     298     298

 20 D    5,35 LU¦NJAK          148     30                     30      30      31      30      30
              KITNJAK           86     20              5               5       9       9      10
              CER               36     10                                                       
              O.GRAB           771    370    163      27             190     196     191     178
              BAGREM           164     60             21      70      91      58      50      47
              OTB                7                                                              
             ДДДДДДДДДДДДДДДДДДДДДДДДДДДДДДДДДДДДДДДДДДДДДДДДДДДДДДДДДДДДДДДДДДДДДДДДДДДДДДДДДДД
                              1212    490    163      53     100     316     294     280     265

 20 E    2,24 KITNJAK           33     10              2               2       3       4       5
              CER               23     10      2                       2       2       2       3
              O.GRAB           268     90     23      42              65      62      64      69
              BAGREM            51     30      7       7              14      18      18      17
              OTB                2                                                              
             ДДДДДДДДДДДДДДДДДДДДДДДДДДДДДДДДДДДДДДДДДДДДДДДДДДДДДДДДДДДДДДДДДДДДДДДДДДДДДДДДДДД
                               377    140     32      51              83      85      88      94

 21 A   28,60 KITNJAK         2486    540     29     143     429     601     606     578     549
              CER              116     30                                                       
              O.BUKVA          198     50                                     48      47      46
              O.GRAB          1991    770    214     158      80     452     463     494     506
              BAGREM          3004   1420    262     298     298     858    1123    1068    1017
              OTB              111     40                                                       
             ДДДДДДДДДДДДДДДДДДДДДДДДДДДДДДДДДДДДДДДДДДДДДДДДДДДДДДДДДДДДДДДДДДДДДДДДДДДДДДДДДДД
                              7906   2850    505     599     807    1911    2240    2187    2118

 22 A   14,59 LU¦NJAK           40     10                                                       
              KITNJAK         1684    330     29      58     421     508     482     446     410
              O.BUKVA          326     90             15      58      73      67      72      73
              O.GRAB           416    180     36      15      74     125      98      92      94
              BAGREM          1482    750    179     122     162     463     507     478     451
              OTB               84     40     15                      15      20      20      19
              OMB               17     10                                                       
             ДДДДДДДДДДДДДДДДДДДДДДДДДДДДДДДДДДДДДДДДДДДДДДДДДДДДДДДДДДДДДДДДДДДДДДДДДДДДДДДДДДД
                              4049   1410    259     210     715    1184    1174    1108    1047

 22 B   14,01 KITNJAK         1508    330     28     112     210     350     340     353     367
              O.BUKVA          250     80     14      28              42      49      53      58
              O.GRAB           980    410    149      84             233     227     245     251
              BAGREM           917    450     84     126             210     238     281     296
              OTB              135     40             16              16      20      20      20
              OMB                4                                                              
             ДДДДДДДДДДДДДДДДДДДДДДДДДДДДДДДДДДДДДДДДДДДДДДДДДДДДДДДДДДДДДДДДДДДДДДДДДДДДДДДДДДД
                              3794   1310    275     366     210     851     874     952     992

 22 C    8,52 KITNJAK          570    100             17     187     204     186     151     134
              O.GRAB           623    250     92      68             160     144     138     138"Hrvatske зume", d.o.o.                                                         Stranica:     11
GJ:  Mali Kalnik - Orehovec  2011-2020                                          05.07.2011 08:39


                                 KONTROLNA LISTA ETATA - RAZNODOBNO



Odsjek Povrз. Vrsta        Zaliha Prirast  10-30   31-50     >50     I/1     I/2    II/1    II/2
ДДДДДДДДДДДДДДДДДДДДДДДДДДДДДДДДДДДДДДДДДДДДДДДДДДДДДДДДДДДДДДДДДДДДДДДДДДДДДДДДДДДДДДДДДДДДДДДД
              BAGREM           768    380     90     121             211     276     275     273
              OTB               50     20      9                       9       9       9       9
              OMB              105     60     17                      17      22      22      22
             ДДДДДДДДДДДДДДДДДДДДДДДДДДДДДДДДДДДДДДДДДДДДДДДДДДДДДДДДДДДДДДДДДДДДДДДДДДДДДДДДДДД
                              2116    810    208     206     187     601     637     595     576

 22 D    9,20 KITNJAK           26     10                                                       
              O.BUKVA           15     10                                                       
              O.GRAB           579    240     92      48             140     148     135     131
              BAGREM          1141    620    168     139             307     325     352     366
              OTB               26     10                                                       
              OMB                6                                                              
             ДДДДДДДДДДДДДДДДДДДДДДДДДДДДДДДДДДДДДДДДДДДДДДДДДДДДДДДДДДДДДДДДДДДДДДДДДДДДДДДДДДД
                              1793    890    260     187             447     473     487     497

 23 A   30,22 KITNJAK         2916    550            181     604     785     755     693     689
              O.BUKVA          890    230             33     274     307     284     228     207
              O.GRAB          2961   1150    413     274      85     772     733     692     681
              BAGREM          1250    610    121     121     257     499     397     378     359
              OTB               96     30                                                       
              OMB               74     40                                                       
             ДДДДДДДДДДДДДДДДДДДДДДДДДДДДДДДДДДДДДДДДДДДДДДДДДДДДДДДДДДДДДДДДДДДДДДДДДДДДДДДДДДД
                              8187   2610    534     609    1220    2363    2169    1991    1936

 23 B    6,57 KITNJAK         1159    260     13      72     164     249     256     278     289
              O.BUKVA          144     50     16       7              23      29      29      28
              O.GRAB           223    100     33      13              46      48      50      52
              BAGREM           173    110     39       7              46      47      48      50
              OTB                1                                                              
             ДДДДДДДДДДДДДДДДДДДДДДДДДДДДДДДДДДДДДДДДДДДДДДДДДДДДДДДДДДДДДДДДДДДДДДДДДДДДДДДДДДД
                              1700    520    101      99     164     364     380     405     419

 23 C    7,99 KITNJAK          534    130     32      24      80     136     138     128     124
              O.BUKVA           58     20      8                       8       8       9      10
              O.GRAB           248    130     40      16              56      62      58      55
              BAGREM           879    490    155     121             276     289     303     318
              OTB               16     10                                                       
              OMB               48     20      8                       8       7       7       8
             ДДДДДДДДДДДДДДДДДДДДДДДДДДДДДДДДДДДДДДДДДДДДДДДДДДДДДДДДДДДДДДДДДДДДДДДДДДДДДДДДДДД
                              1783    800    243     161      80     484     504     505     515

 24 A   21,49 KITNJAK         2096    410             86     537     623     566     541     515
              O.BUKVA          950    290     64      43      86     193     219     209     200
              O.GRAB          1562    670    326      87             413     381     366     353
              BAGREM          1766    820    150     172     239     561     666     609     557
              OTB              195     70     21                      21      30      33      39
              OMB               70     30                                                       
             ДДДДДДДДДДДДДДДДДДДДДДДДДДДДДДДДДДДДДДДДДДДДДДДДДДДДДДДДДДДДДДДДДДДДДДДДДДДДДДДДДДД
                              6639   2290    561     388     862    1811    1862    1758    1664

 24 B    3,95 O.BUKVA           17     10                                                       
              O.GRAB           503    190     75      45             120     118     123     118
              BAGREM           525    220     20      59      83     162     162     172     162
              OTB               40     10      4                       4       5       6       7
"Hrvatske зume", d.o.o.                                                         Stranica:     12
GJ:  Mali Kalnik - Orehovec  2011-2020                                          05.07.2011 08:39


                                 KONTROLNA LISTA ETATA - RAZNODOBNO



Odsjek Povrз. Vrsta        Zaliha Prirast  10-30   31-50     >50     I/1     I/2    II/1    II/2
ДДДДДДДДДДДДДДДДДДДДДДДДДДДДДДДДДДДДДДДДДДДДДДДДДДДДДДДДДДДДДДДДДДДДДДДДДДДДДДДДДДДДДДДДДДДДДДДД
             ДДДДДДДДДДДДДДДДДДДДДДДДДДДДДДДДДДДДДДДДДДДДДДДДДДДДДДДДДДДДДДДДДДДДДДДДДДДДДДДДДДД
                              1085    430     99     104      83     286     285     301     287

 24 C    7,15 LU¦NJAK          760    140             29     215     244     234     192     189
              KITNJAK          389     70              7     143     150     128     104      91
              O.BUKVA          415    110      7      21      72     100     102      98      94
              O.GRAB           482    190     57      50             107     102     108     112
              BAGREM           215    120     36      14              50      57      62      66
              OTB               22     10                                                       
              OMB               68     30                                                       
             ДДДДДДДДДДДДДДДДДДДДДДДДДДДДДДДДДДДДДДДДДДДДДДДДДДДДДДДДДДДДДДДДДДДДДДДДДДДДДДДДДДД
                              2351    670    100     121     430     651     623     564     552

 24 D    2,75 KITNJAK           94     20              6      17      23      23      22      21
              O.GRAB           179     70     15      13      26      54      50      48      46
              BAGREM           142     70     21      19              40      47      49      52
              OTB               61     20      3       5               8       8       9       9
              OMB                2                                                              
             ДДДДДДДДДДДДДДДДДДДДДДДДДДДДДДДДДДДДДДДДДДДДДДДДДДДДДДДДДДДДДДДДДДДДДДДДДДДДДДДДДДД
                               478    180     39      43      43     125     128     128     128

 24 E    2,24 O.GRAB             3                                                              
              BAGREM           375    210     63      42             105     103     117     133
              OTB                6                                                              
             ДДДДДДДДДДДДДДДДДДДДДДДДДДДДДДДДДДДДДДДДДДДДДДДДДДДДДДДДДДДДДДДДДДДДДДДДДДДДДДДДДДД
                               384    210     63      42             105     103     117     133

 24 F    1,63 LU¦NJAK           40     10                                      4       5       6
              O.GRAB            13     10                                                       
              BAGREM            88     40     10       8              18      18      19      26
              OTB               10                                                              
              OMB               10     10                                                       
             ДДДДДДДДДДДДДДДДДДДДДДДДДДДДДДДДДДДДДДДДДДДДДДДДДДДДДДДДДДДДДДДДДДДДДДДДДДДДДДДДДДД
                               161     70     10       8              18      22      24      32

 25 A   40,34 KITNJAK         2750    620     48     191     403     642     660     633     633
              CER              333     70                     81      81      67      63      60
              O.BUKVA         2858    840    141     161     403     705     686     657     629
              O.GRAB          2530    990    282     202     314     798     633     607     582
              BAGREM          1536    700    121     197     236     554     538     492     492
              OTB              125     50                                                       
              OMB               19     10                                                       
             ДДДДДДДДДДДДДДДДДДДДДДДДДДДДДДДДДДДДДДДДДДДДДДДДДДДДДДДДДДДДДДДДДДДДДДДДДДДДДДДДДДД
                             10151   3280    592     751    1437    2780    2584    2452    2396

 25 B    6,14 LU¦NJAK          559    100              6     215     221     199     160     138
              KITNJAK          322     70             25      32      57      67      68      75
              O.BUKVA           56     20      6                       6       9      10      10
              O.GRAB           384    160     68      27              95      96      89      91
              BAGREM           121     80     30       7              37      35      34      34
              OTB                1                                                              
              OMB                1                                                              
             ДДДДДДДДДДДДДДДДДДДДДДДДДДДДДДДДДДДДДДДДДДДДДДДДДДДДДДДДДДДДДДДДДДДДДДДДДДДДДДДДДДД
                              1444    430    104      65     247     416     406     361     348

 25 C   10,75 LU¦NJAK          394     70                    129     129     118     110      99"Hrvatske зume", d.o.o.                                                         Stranica:     13
GJ:  Mali Kalnik - Orehovec  2011-2020                                          05.07.2011 08:39


                                 KONTROLNA LISTA ETATA - RAZNODOBNO



Odsjek Povrз. Vrsta        Zaliha Prirast  10-30   31-50     >50     I/1     I/2    II/1    II/2
ДДДДДДДДДДДДДДДДДДДДДДДДДДДДДДДДДДДДДДДДДДДДДДДДДДДДДДДДДДДДДДДДДДДДДДДДДДДДДДДДДДДДДДДДДДДДДДДД
              KITNJAK           57     10                                              6       9
              CER               29     10                                                       
              O.BUKVA          103     30             11              11      13      15      17
              O.GRAB          1646    650    269     100      60     429     473     467     428
              BAGREM           424    190     54      65             119     123     128     138
              OTB               37     20                                                       
              OMB              132     40             11      32      43      41      24      28
             ДДДДДДДДДДДДДДДДДДДДДДДДДДДДДДДДДДДДДДДДДДДДДДДДДДДДДДДДДДДДДДДДДДДДДДДДДДДДДДДДДДД
                              2822   1020    323     187     221     731     768     750     719

 26 A   28,03 LU¦NJAK          374     60                    112     112     116      95      83
              KITNJAK          869    180             63     140     203     224     204     202
              O.BUKVA          448    140             28      28      56      71      76      85
              O.GRAB          2228    910    294     204      97     595     591     578     543
              BAGREM          2427   1120    196     224     493     913     810     756     705
              OTB               18     10                                                       
              OMB                9     10                                                       
             ДДДДДДДДДДДДДДДДДДДДДДДДДДДДДДДДДДДДДДДДДДДДДДДДДДДДДДДДДДДДДДДДДДДДДДДДДДДДДДДДДДД
                              6373   2430    490     519     870    1879    1812    1709    1618

 26 B    9,80 LU¦NJAK          287     50             10      88      98      87      74      66
              KITNJAK           90     20                     29      29      28      22      20
              CER               31     10                                                       
              O.BUKVA           66     20      6       6              12      14      16      17
              O.GRAB           882    390    162      83             245     230     228     226
              BAGREM           430    210     55      67             122     111     124     137
              OTB                3                                                              
             ДДДДДДДДДДДДДДДДДДДДДДДДДДДДДДДДДДДДДДДДДДДДДДДДДДДДДДДДДДДДДДДДДДДДДДДДДДДДДДДДДДД
                              1789    700    223     166     117     506     470     464     466

 26 C    7,20 LU¦NJAK           38     10                                                       
              KITNJAK           20     10                                                       
              O.GRAB           521    210     72      31             103     105     114     117
              OTB              134     60     23       5              28      29      31      33
              OMB              203    100     26      22              48      46      45      48
             ДДДДДДДДДДДДДДДДДДДДДДДДДДДДДДДДДДДДДДДДДДДДДДДДДДДДДДДДДДДДДДДДДДДДДДДДДДДДДДДДДДД
                               916    390    121      58             179     180     190     198

 26 D    6,13 LU¦NJAK           63     20                                                       
              KITNJAK          654    140             65      71     136     144     156     157
              CER              110     40     12       6              18      25      23      21
              O.BUKVA           84     30      6                       6      11      13      15
              O.GRAB           114     60     24                      24      26      29      23
              BAGREM          1022    500    133     103      75     311     358     332     305
              OTB               12     10                                                       
             ДДДДДДДДДДДДДДДДДДДДДДДДДДДДДДДДДДДДДДДДДДДДДДДДДДДДДДДДДДДДДДДДДДДДДДДДДДДДДДДДДДД
                              2059    800    175     174     146     495     564     553     521

 26 E    1,98 KITNJAK          402     80      4      21      79     104     104      99      93
              O.GRAB            95     40     10      10              20      21      21      22
              BAGREM           152     80     34      16              50      54      53      49
              OTB                5                                                              
             ДДДДДДДДДДДДДДДДДДДДДДДДДДДДДДДДДДДДДДДДДДДДДДДДДДДДДДДДДДДДДДДДДДДДДДДДДДДДДДДДДДД
                               654    200     48      47      79     174     179     173     164

 26 F    1,98 LU¦NJAK          192     40              7      41      48      50      49      47"Hrvatske зume", d.o.o.                                                         Stranica:     14
GJ:  Mali Kalnik - Orehovec  2011-2020                                          05.07.2011 08:39


                                 KONTROLNA LISTA ETATA - RAZNODOBNO



Odsjek Povrз. Vrsta        Zaliha Prirast  10-30   31-50     >50     I/1     I/2    II/1    II/2
ДДДДДДДДДДДДДДДДДДДДДДДДДДДДДДДДДДДДДДДДДДДДДДДДДДДДДДДДДДДДДДДДДДДДДДДДДДДДДДДДДДДДДДДДДДДДДДДД
              O.BUKVA           52     20              6               6       8       9      10
              O.GRAB           114     50     16      12              28      28      28      27
              BAGREM            34     20     10                      10      10      11      12
              OTB                4                                                              
              OMB               11                                                              
             ДДДДДДДДДДДДДДДДДДДДДДДДДДДДДДДДДДДДДДДДДДДДДДДДДДДДДДДДДДДДДДДДДДДДДДДДДДДДДДДДДДД
                               407    130     26      25      41      92      96      97      96

 27 A   17,38 LU¦NJAK           52     10                                                       
              KITNJAK          688    150             52     104     156     163     167     177
              CER              613    150             35     104     139     140     142     149
              O.BUKVA           96     30                                                       
              O.GRAB          2317    880    284     212      49     545     550     525     523
              BAGREM           983    440     87     174             261     284     304     317
              OTB               75     20                                                       
              OMB               44     20                                                       
             ДДДДДДДДДДДДДДДДДДДДДДДДДДДДДДДДДДДДДДДДДДДДДДДДДДДДДДДДДДДДДДДДДДДДДДДДДДДДДДДДДДД
                              4868   1700    371     473     257    1101    1137    1138    1166

 27 B   10,91 LU¦NJAK          707    130             30     161     191     101      99      98
              CER              170     40             10      30      40      43      40      40
              O.BUKVA           18     10                                                       
              O.GRAB          1438    570    221     111             332     332     371     382
              BAGREM           639    270     64      77      57     198     209     203     198
              OTB               67     20                                                       
              OMB               13     10                                                       
             ДДДДДДДДДДДДДДДДДДДДДДДДДДДДДДДДДДДДДДДДДДДДДДДДДДДДДДДДДДДДДДДДДДДДДДДДДДДДДДДДДДД
                              3052   1050    285     228     248     761     685     713     718

 27 C    7,82 LU¦NJAK          102     20                                                     51
              KITNJAK           87     20                                                     44
              O.BUKVA          402    110             17      79      96      96      89      89
              O.GRAB           319    140     47      31              78      75      76      70
              BAGREM           764    460    161      82             243     231     221     211
              OTB               39     10                                                       
             ДДДДДДДДДДДДДДДДДДДДДДДДДДДДДДДДДДДДДДДДДДДДДДДДДДДДДДДДДДДДДДДДДДДДДДДДДДДДДДДДДДД
                              1713    760    208     130      79     417     402     386     465

 27 D    4,60 LU¦NJAK          101     20                     46      46      51                
              KITNJAK          562    120      5      49      69     123     131     136     142
              CER               41     10              5               5       6       7       7
              O.BUKVA           45     10              5               5       7       7       7
              O.GRAB           661    240     92      69      65     226     165     164     158
              BAGREM           235    110     23      32              55      68      60      60
              OTB               38     10                                                       
             ДДДДДДДДДДДДДДДДДДДДДДДДДДДДДДДДДДДДДДДДДДДДДДДДДДДДДДДДДДДДДДДДДДДДДДДДДДДДДДДДДДД
                              1683    520    120     160     180     460     428     374     374

 27 E    3,86 KITNJAK          887    180             61     157     218     224     221     217
              O.GRAB           342    130     39      36              75      78      81      87
              BAGREM            24     10      8                       8       6       6       7
              OTB               12     10                                                       
             ДДДДДДДДДДДДДДДДДДДДДДДДДДДДДДДДДДДДДДДДДДДДДДДДДДДДДДДДДДДДДДДДДДДДДДДДДДДДДДДДДДД
                              1265    330     47      97     157     301     308     308     311

 27 F    2,58 O.GRAB           239    100     40      11              51      49      51      54"Hrvatske зume", d.o.o.                                                         Stranica:     15
GJ:  Mali Kalnik - Orehovec  2011-2020                                          05.07.2011 08:39


                                 KONTROLNA LISTA ETATA - RAZNODOBNO



Odsjek Povrз. Vrsta        Zaliha Prirast  10-30   31-50     >50     I/1     I/2    II/1    II/2
ДДДДДДДДДДДДДДДДДДДДДДДДДДДДДДДДДДДДДДДДДДДДДДДДДДДДДДДДДДДДДДДДДДДДДДДДДДДДДДДДДДДДДДДДДДДДДДДД
              BAGREM            59     30     12                      12      15      16      16
              OTB              127     50     20       3              23      28      28      28
             ДДДДДДДДДДДДДДДДДДДДДДДДДДДДДДДДДДДДДДДДДДДДДДДДДДДДДДДДДДДДДДДДДДДДДДДДДДДДДДДДДДД
                               425    180     72      14              86      92      95      98

 27 G    1,42 O.GRAB            87     30     18                      18      18      18      19
              BAGREM            52     20      3              19      22      21      18      16
              OTB               55     20     12                      12      12      12      13
             ДДДДДДДДДДДДДДДДДДДДДДДДДДДДДДДДДДДДДДДДДДДДДДДДДДДДДДДДДДДДДДДДДДДДДДДДДДДДДДДДДДД
                               194     70     33              19      52      51      48      48

ДДДДДДДДДДДДДДДДДДДДДДДДДДДДДДДДДДДДДДДДДДДДДДДДДДДДДДДДДДДДДДДДДДДДДДДДДДДДДДДДДДДДДДДДДДДДДДДД
GJ:   1085,60               262905  90600  23879   17436   22414   63729   64103   62965   62450
