  "Hrvatske Гume", d.o.o.                                                                                            Stranica:       1
  GJ:  Mali Kalnik - Orehovec  2011-2020                                                                             Datum: 28.09.2011

                                                                                                                           Obrazac O-5
  VLASNIK:  Privatne Гume                 
                                          
  Namjena Гume:    gospodarske   
  Ureпajni razred: 111101   Raynodobna sjemenja;a lu\njaka                    Ophodnja:   0
  здддддддддддддбддддддддбддддддддддддддддддддддддддддддддддддддддддддддддддддддддддддддддддддбддддддддддддддддддддддбдддддддбддддддд©
  Ё             Ё        Ё                  D E B LJ I N S K I   R A Z R E D I                Ё                      Ё       Ё       Ё
  Ё             Ё        цддддддддддддддддддддддбддддддддддддддддддддддбдддддддддддддддддддддд╢      U K U P N O     ЁNormalaЁ Omjer Ё
  Ё Vrsta       ЁPovrГinaЁ      10 - 30 cm      Ё       31 - 50 cm     Ё        > 50 cm       цдддддддддддбдддддддддд╢       Ё smjeseЁ
  Ё drve├a      Ё        цдддддддддддбддддддддддедддддддддддбддддддддддедддддддддддбдддддддддд╢           Ё          Ёpo 1 haЁ       Ё
  Ё             Ё        Ё Drvna masaЁ  Prirast Ё Drvna masaЁ  Prirast Ё Drvna masaЁ  Prirast Ё Drvna masaЁ  Prirast Ё       Ё       Ё
  Ё             цддддддддедддддддддддеддддддддддедддддддддддеддддддддддедддддддддддеддддддддддедддддддддддеддддддддддедддддддеддддддд╢
  Ё             Ё   ha   Ё     m3    Ё    m3    Ё     m3    Ё     m3   Ё     m3    Ё     m3   Ё     m3    Ё     m3   Ё       Ё   %   Ё
  цдддддддддддддеддддддддедддддддддддеддддддддддедддддддддддеддддддддддедддддддддддеддддддддддедддддддддддеддддддддддедддддддеддддддд╢
  ЁLU╕NJAK      Ё        Ё         25Ё          Ё        911Ё       20 Ё       1498Ё        25Ё       2434Ё       45 Ё       Ё 28,54 Ё
  ЁKITNJAK      Ё        Ё         41Ё        2 Ё        318Ё        7 Ё        352Ё         5Ё        711Ё       14 Ё       Ё  8,34 Ё
  ЁCER          Ё        Ё           Ё          Ё        108Ё        3 Ё         62Ё         1Ё        170Ё        4 Ё       Ё  1,99 Ё
  ЁO.BUKVA      Ё        Ё        109Ё        4 Ё        278Ё        8 Ё        156Ё         4Ё        543Ё       16 Ё       Ё  6,37 Ё
  ЁO.GRAB       Ё        Ё       1633Ё       78 Ё       1039Ё       29 Ё           Ё          Ё       2672Ё      107 Ё       Ё 31,33 Ё
  ЁBAGREM       Ё        Ё        563Ё       33 Ё        565Ё       21 Ё         57Ё         2Ё       1185Ё       56 Ё       Ё 13,90 Ё
  ЁOTB          Ё        Ё         59Ё        2 Ё        102Ё        3 Ё           Ё          Ё        161Ё        5 Ё       Ё  1,89 Ё
  ЁOMB          Ё        Ё        379Ё       20 Ё        273Ё        8 Ё           Ё          Ё        652Ё       28 Ё       Ё  7,65 Ё
  цдддддддддддддеддддддддедддддддддддеддддддддддедддддддддддеддддддддддедддддддддддеддддддддддедддддддддддеддддддддддедддддддеддддддд╢
  ЁU k u p n o  Ё   31,96Ё       2809Ё      139 Ё       3594Ё       99 Ё       2125Ё        37Ё       8528Ё      275 Ё 262,68Ё100,00 Ё
  цдддддддддддддаддддддддедддддддддддеддддддддддедддддддддддеддддддддддедддддддддддеддддддддддедддддддддддеддддддддддедддддддеддддддд╢
  Ёm3 / 1 ha             Ё         88Ё     4,35 Ё        112Ё     3,10 Ё         66Ё      1,16Ё        267Ё     8,60 Ё       Ё       Ё
  цдддддддддддддбддддддддедддддддддддаддддддддддадддддддддддаддддддддддадддддддддддаддддддддддадддддддддддаддддддддддадддддддаддддддд╢
  ЁNeobraslo pr.Ё        Ё                                                                         275,00   31,96                    Ё
  юдддддддддддддаддддддддаддддддддддддддддддддддддддддддддддддддддддддддддддддддддддддддддддддддддддддддддддддддддддддддддддддддддддды
Odsjeci:  12 D ,  24 C ,  24 F ,  25 B ,  26 F ,  27 B                                                                           
  "Hrvatske Гume", d.o.o.                                                                                            Stranica:       1
  GJ:  Mali Kalnik - Orehovec  2011-2020                                                                             Datum: 28.09.2011

                                                                                                                           Obrazac O-5
  VLASNIK:  Privatne Гume                 
                                          
  Namjena Гume:    gospodarske   
  Ureпajni razred: 111102   Raynodobna sjemenja;a hrasta kitnjaka             Ophodnja:   0
  здддддддддддддбддддддддбддддддддддддддддддддддддддддддддддддддддддддддддддддддддддддддддддддбддддддддддддддддддддддбдддддддбддддддд©
  Ё             Ё        Ё                  D E B LJ I N S K I   R A Z R E D I                Ё                      Ё       Ё       Ё
  Ё             Ё        цддддддддддддддддддддддбддддддддддддддддддддддбдддддддддддддддддддддд╢      U K U P N O     ЁNormalaЁ Omjer Ё
  Ё Vrsta       ЁPovrГinaЁ      10 - 30 cm      Ё       31 - 50 cm     Ё        > 50 cm       цдддддддддддбдддддддддд╢       Ё smjeseЁ
  Ё drve├a      Ё        цдддддддддддбддддддддддедддддддддддбддддддддддедддддддддддбдддддддддд╢           Ё          Ёpo 1 haЁ       Ё
  Ё             Ё        Ё Drvna masaЁ  Prirast Ё Drvna masaЁ  Prirast Ё Drvna masaЁ  Prirast Ё Drvna masaЁ  Prirast Ё       Ё       Ё
  Ё             цддддддддедддддддддддеддддддддддедддддддддддеддддддддддедддддддддддеддддддддддедддддддддддеддддддддддедддддддеддддддд╢
  Ё             Ё   ha   Ё     m3    Ё    m3    Ё     m3    Ё     m3   Ё     m3    Ё     m3   Ё     m3    Ё     m3   Ё       Ё   %   Ё
  цдддддддддддддеддддддддедддддддддддеддддддддддедддддддддддеддддддддддедддддддддддеддддддддддедддддддддддеддддддддддедддддддеддддддд╢
  ЁLU╕NJAK      Ё        Ё        101Ё        3 Ё        619Ё       14 Ё        573Ё        11Ё       1293Ё       28 Ё       Ё  1,02 Ё
  ЁKITNJAK      Ё        Ё       3556Ё      129 Ё      24224Ё      527 Ё      17075Ё       278Ё      44855Ё      934 Ё       Ё 35,31 Ё
  ЁCER          Ё        Ё        223Ё        8 Ё        622Ё       17 Ё        197Ё         3Ё       1042Ё       28 Ё       Ё  0,82 Ё
  ЁO.BUKVA      Ё        Ё       4559Ё      192 Ё       7927Ё      217 Ё       4986Ё       109Ё      17472Ё      518 Ё       Ё 13,76 Ё
  ЁO.GRAB       Ё        Ё      14888Ё      728 Ё       7885Ё      231 Ё        855Ё        18Ё      23628Ё      977 Ё       Ё 18,60 Ё
  ЁBAGREM       Ё        Ё      17606Ё     1106 Ё      13972Ё      554 Ё       2704Ё        82Ё      34282Ё     1742 Ё       Ё 26,99 Ё
  ЁOTB          Ё        Ё       1553Ё       76 Ё       1533Ё       39 Ё        105Ё         2Ё       3191Ё      117 Ё       Ё  2,51 Ё
  ЁOMB          Ё        Ё        669Ё       35 Ё        537Ё       16 Ё           Ё          Ё       1206Ё       51 Ё       Ё  0,95 Ё
  ЁC.BOR        Ё        Ё           Ё          Ё           Ё          Ё         48Ё         1Ё         48Ё        1 Ё       Ё  0,04 Ё
  цдддддддддддддеддддддддедддддддддддеддддддддддедддддддддддеддддддддддедддддддддддеддддддддддедддддддддддеддддддддддедддддддеддддддд╢
  ЁU k u p n o  Ё  475,92Ё      43155Ё     2277 Ё      57319Ё     1615 Ё      26543Ё       504Ё     127017Ё     4396 Ё 246,15Ё100,00 Ё
  цдддддддддддддаддддддддедддддддддддеддддддддддедддддддддддеддддддддддедддддддддддеддддддддддедддддддддддеддддддддддедддддддеддддддд╢
  Ёm3 / 1 ha             Ё         91Ё     4,78 Ё        120Ё     3,39 Ё         56Ё      1,06Ё        267Ё     9,24 Ё       Ё       Ё
  цдддддддддддддбддддддддедддддддддддаддддддддддадддддддддддаддддддддддадддддддддддаддддддддддадддддддддддаддддддддддадддддддаддддддд╢
  ЁNeobraslo pr.Ё        Ё                                                                        4396,00  475,92                    Ё
  юдддддддддддддаддддддддаддддддддддддддддддддддддддддддддддддддддддддддддддддддддддддддддддддддддддддддддддддддддддддддддддддддддддды
Odsjeci:   2 C ,   4 B ,  11 A ,  11 C ,  12 B ,  12 C ,  13 A ,  14 A ,  14 C ,  16 A ,  17 A ,  17 B ,  18 A ,  19 A ,  20 A , 
         20 B ,  21 A ,  22 A ,  22 B ,  22 C ,  23 A ,  23 B ,  24 A ,  25 A ,  26 D ,  26 E ,  27 D ,  27 E                    
  "Hrvatske Гume", d.o.o.                                                                                            Stranica:       1
  GJ:  Mali Kalnik - Orehovec  2011-2020                                                                             Datum: 28.09.2011

                                                                                                                           Obrazac O-5
  VLASNIK:  Privatne Гume                 
                                          
  Namjena Гume:    gospodarske   
  Ureпajni razred: 111110   Raynodobna sjemenja;a bukve                       Ophodnja:   0
  здддддддддддддбддддддддбддддддддддддддддддддддддддддддддддддддддддддддддддддддддддддддддддддбддддддддддддддддддддддбдддддддбддддддд©
  Ё             Ё        Ё                  D E B LJ I N S K I   R A Z R E D I                Ё                      Ё       Ё       Ё
  Ё             Ё        цддддддддддддддддддддддбддддддддддддддддддддддбдддддддддддддддддддддд╢      U K U P N O     ЁNormalaЁ Omjer Ё
  Ё Vrsta       ЁPovrГinaЁ      10 - 30 cm      Ё       31 - 50 cm     Ё        > 50 cm       цдддддддддддбдддддддддд╢       Ё smjeseЁ
  Ё drve├a      Ё        цдддддддддддбддддддддддедддддддддддбддддддддддедддддддддддбдддддддддд╢           Ё          Ёpo 1 haЁ       Ё
  Ё             Ё        Ё Drvna masaЁ  Prirast Ё Drvna masaЁ  Prirast Ё Drvna masaЁ  Prirast Ё Drvna masaЁ  Prirast Ё       Ё       Ё
  Ё             цддддддддедддддддддддеддддддддддедддддддддддеддддддддддедддддддддддеддддддддддедддддддддддеддддддддддедддддддеддддддд╢
  Ё             Ё   ha   Ё     m3    Ё    m3    Ё     m3    Ё     m3   Ё     m3    Ё     m3   Ё     m3    Ё     m3   Ё       Ё   %   Ё
  цдддддддддддддеддддддддедддддддддддеддддддддддедддддддддддеддддддддддедддддддддддеддддддддддедддддддддддеддддддддддедддддддеддддддд╢
  ЁLU╕NJAK      Ё        Ё           Ё          Ё         68Ё        1 Ё           Ё          Ё         68Ё        1 Ё       Ё  0,19 Ё
  ЁKITNJAK      Ё        Ё        892Ё       29 Ё       3651Ё       77 Ё       2589Ё        40Ё       7132Ё      146 Ё       Ё 19,64 Ё
  ЁO.BUKVA      Ё        Ё       5468Ё      221 Ё       8268Ё      222 Ё       4585Ё       101Ё      18321Ё      544 Ё       Ё 50,45 Ё
  ЁO.GRAB       Ё        Ё       1896Ё       90 Ё       1277Ё       37 Ё        228Ё         5Ё       3401Ё      132 Ё       Ё  9,36 Ё
  ЁBAGREM       Ё        Ё       2838Ё      174 Ё       2932Ё      115 Ё        949Ё        26Ё       6719Ё      315 Ё       Ё 18,50 Ё
  ЁOTB          Ё        Ё        230Ё       11 Ё        268Ё        8 Ё           Ё          Ё        498Ё       19 Ё       Ё  1,37 Ё
  ЁOMB          Ё        Ё        127Ё        8 Ё         51Ё        2 Ё           Ё          Ё        178Ё       10 Ё       Ё  0,49 Ё
  цдддддддддддддеддддддддедддддддддддеддддддддддедддддддддддеддддддддддедддддддддддеддддддддддедддддддддддеддддддддддедддддддеддддддд╢
  ЁU k u p n o  Ё  134,22Ё      11451Ё      533 Ё      16515Ё      462 Ё       8351Ё       172Ё      36317Ё     1167 Ё 231,78Ё100,00 Ё
  цдддддддддддддаддддддддедддддддддддеддддддддддедддддддддддеддддддддддедддддддддддеддддддддддедддддддддддеддддддддддедддддддеддддддд╢
  Ёm3 / 1 ha             Ё         85Ё     3,97 Ё        123Ё     3,44 Ё         62Ё      1,28Ё        271Ё     8,69 Ё       Ё       Ё
  цдддддддддддддбддддддддедддддддддддаддддддддддадддддддддддаддддддддддадддддддддддаддддддддддадддддддддддаддддддддддадддддддаддддддд╢
  ЁNeobraslo pr.Ё        Ё                                                                        1167,00  134,22                    Ё
  юдддддддддддддаддддддддаддддддддддддддддддддддддддддддддддддддддддддддддддддддддддддддддддддддддддддддддддддддддддддддддддддддддддды
Odsjeci:   1 C ,   2 D ,   3 C ,   4 C ,   5 D ,  11 B ,  12 A ,  15 A ,  15 B ,  16 C ,  18 B ,  18 C ,  19 B                   
  "Hrvatske Гume", d.o.o.                                                                                            Stranica:       1
  GJ:  Mali Kalnik - Orehovec  2011-2020                                                                             Datum: 28.09.2011

                                                                                                                           Obrazac O-5
  VLASNIK:  Privatne Гume                 
                                          
  Namjena Гume:    gospodarske   
  Ureпajni razred: 111116   Raynodobna sjemenja;a obi;nog graba               Ophodnja:   0
  здддддддддддддбддддддддбддддддддддддддддддддддддддддддддддддддддддддддддддддддддддддддддддддбддддддддддддддддддддддбдддддддбддддддд©
  Ё             Ё        Ё                  D E B LJ I N S K I   R A Z R E D I                Ё                      Ё       Ё       Ё
  Ё             Ё        цддддддддддддддддддддддбддддддддддддддддддддддбдддддддддддддддддддддд╢      U K U P N O     ЁNormalaЁ Omjer Ё
  Ё Vrsta       ЁPovrГinaЁ      10 - 30 cm      Ё       31 - 50 cm     Ё        > 50 cm       цдддддддддддбдддддддддд╢       Ё smjeseЁ
  Ё drve├a      Ё        цдддддддддддбддддддддддедддддддддддбддддддддддедддддддддддбдддддддддд╢           Ё          Ёpo 1 haЁ       Ё
  Ё             Ё        Ё Drvna masaЁ  Prirast Ё Drvna masaЁ  Prirast Ё Drvna masaЁ  Prirast Ё Drvna masaЁ  Prirast Ё       Ё       Ё
  Ё             цддддддддедддддддддддеддддддддддедддддддддддеддддддддддедддддддддддеддддддддддедддддддддддеддддддддддедддддддеддддддд╢
  Ё             Ё   ha   Ё     m3    Ё    m3    Ё     m3    Ё     m3   Ё     m3    Ё     m3   Ё     m3    Ё     m3   Ё       Ё   %   Ё
  цдддддддддддддеддддддддедддддддддддеддддддддддедддддддддддеддддддддддедддддддддддеддддддддддедддддддддддеддддддддддедддддддеддддддд╢
  ЁLU╕NJAK      Ё        Ё         45Ё        1 Ё        276Ё        7 Ё        598Ё         9Ё        919Ё       17 Ё       Ё  5,25 Ё
  ЁKITNJAK      Ё        Ё        153Ё        7 Ё        721Ё       15 Ё        493Ё         8Ё       1367Ё       30 Ё       Ё  7,80 Ё
  ЁCER          Ё        Ё        117Ё        5 Ё        435Ё       12 Ё        218Ё         4Ё        770Ё       21 Ё       Ё  4,39 Ё
  ЁO.BUKVA      Ё        Ё        112Ё        5 Ё        264Ё        6 Ё        136Ё         3Ё        512Ё       14 Ё       Ё  2,92 Ё
  ЁO.GRAB       Ё        Ё       5260Ё      246 Ё       2743Ё       78 Ё        288Ё         7Ё       8291Ё      331 Ё       Ё 47,32 Ё
  ЁBAGREM       Ё        Ё       1496Ё       89 Ё       1719Ё       68 Ё        108Ё         3Ё       3323Ё      160 Ё       Ё 18,97 Ё
  ЁOTB          Ё        Ё        584Ё       25 Ё        255Ё        7 Ё        142Ё         2Ё        981Ё       34 Ё       Ё  5,60 Ё
  ЁOMB          Ё        Ё        361Ё       20 Ё        499Ё       16 Ё        125Ё         3Ё        985Ё       39 Ё       Ё  5,62 Ё
  ЁC.BOR        Ё        Ё         15Ё        1 Ё        292Ё        9 Ё         65Ё         2Ё        372Ё       12 Ё       Ё  2,12 Ё
  цдддддддддддддеддддддддедддддддддддеддддддддддедддддддддддеддддддддддедддддддддддеддддддддддедддддддддддеддддддддддедддддддеддддддд╢
  ЁU k u p n o  Ё   79,05Ё       8143Ё      399 Ё       7204Ё      218 Ё       2173Ё        41Ё      17520Ё      658 Ё 210,79Ё100,00 Ё
  цдддддддддддддаддддддддедддддддддддеддддддддддедддддддддддеддддддддддедддддддддддеддддддддддедддддддддддеддддддддддедддддддеддддддд╢
  Ёm3 / 1 ha             Ё        103Ё     5,05 Ё         91Ё     2,76 Ё         27Ё      0,52Ё        222Ё     8,32 Ё       Ё       Ё
  цдддддддддддддбддддддддедддддддддддаддддддддддадддддддддддаддддддддддадддддддддддаддддддддддадддддддддддаддддддддддадддддддаддддддд╢
  ЁNeobraslo pr.Ё        Ё                                                                         658,00   79,05                    Ё
  юдддддддддддддаддддддддаддддддддддддддддддддддддддддддддддддддддддддддддддддддддддддддддддддддддддддддддддддддддддддддддддддддддддды
Odsjeci:  13 B ,  18 D ,  19 C ,  20 D ,  20 E ,  24 D ,  25 C ,  26 B ,  26 C ,  27 A ,  27 F ,  27 G                           
  "Hrvatske Гume", d.o.o.                                                                                            Stranica:       1
  GJ:  Mali Kalnik - Orehovec  2011-2020                                                                             Datum: 28.09.2011

                                                                                                                           Obrazac O-5
  VLASNIK:  Privatne Гume                 
                                          
  Namjena Гume:    gospodarske   
  Ureпajni razred: 111127   Raynodobna sjemenja;a bagrema                     Ophodnja:   0
  здддддддддддддбддддддддбддддддддддддддддддддддддддддддддддддддддддддддддддддддддддддддддддддбддддддддддддддддддддддбдддддддбддддддд©
  Ё             Ё        Ё                  D E B LJ I N S K I   R A Z R E D I                Ё                      Ё       Ё       Ё
  Ё             Ё        цддддддддддддддддддддддбддддддддддддддддддддддбдддддддддддддддддддддд╢      U K U P N O     ЁNormalaЁ Omjer Ё
  Ё Vrsta       ЁPovrГinaЁ      10 - 30 cm      Ё       31 - 50 cm     Ё        > 50 cm       цдддддддддддбдддддддддд╢       Ё smjeseЁ
  Ё drve├a      Ё        цдддддддддддбддддддддддедддддддддддбддддддддддедддддддддддбдддддддддд╢           Ё          Ёpo 1 haЁ       Ё
  Ё             Ё        Ё Drvna masaЁ  Prirast Ё Drvna masaЁ  Prirast Ё Drvna masaЁ  Prirast Ё Drvna masaЁ  Prirast Ё       Ё       Ё
  Ё             цддддддддедддддддддддеддддддддддедддддддддддеддддддддддедддддддддддеддддддддддедддддддддддеддддддддддедддддддеддддддд╢
  Ё             Ё   ha   Ё     m3    Ё    m3    Ё     m3    Ё     m3   Ё     m3    Ё     m3   Ё     m3    Ё     m3   Ё       Ё   %   Ё
  цдддддддддддддеддддддддедддддддддддеддддддддддедддддддддддеддддддддддедддддддддддеддддддддддедддддддддддеддддддддддедддддддеддддддд╢
  ЁLU╕NJAK      Ё        Ё          6Ё          Ё        140Ё        3 Ё        330Ё         5Ё        476Ё        8 Ё       Ё  2,35 Ё
  ЁKITNJAK      Ё        Ё        352Ё       12 Ё       1036Ё       24 Ё        576Ё        10Ё       1964Ё       46 Ё       Ё  9,68 Ё
  ЁO.BUKVA      Ё        Ё        399Ё       19 Ё        485Ё       13 Ё        300Ё         7Ё       1184Ё       39 Ё       Ё  5,83 Ё
  ЁO.GRAB       Ё        Ё       3089Ё      152 Ё       1623Ё       47 Ё         97Ё         2Ё       4809Ё      201 Ё       Ё 23,70 Ё
  ЁBAGREM       Ё        Ё       6729Ё      430 Ё       3449Ё      139 Ё        824Ё        25Ё      11002Ё      594 Ё       Ё 54,22 Ё
  ЁOTB          Ё        Ё        304Ё       13 Ё        390Ё       11 Ё         82Ё         2Ё        776Ё       26 Ё       Ё  3,82 Ё
  ЁOMB          Ё        Ё         82Ё        4 Ё           Ё          Ё           Ё          Ё         82Ё        4 Ё       Ё  0,40 Ё
  цдддддддддддддеддддддддедддддддддддеддддддддддедддддддддддеддддддддддедддддддддддеддддддддддедддддддддддеддддддддддедддддддеддддддд╢
  ЁU k u p n o  Ё   97,52Ё      10961Ё      630 Ё       7123Ё      237 Ё       2209Ё        51Ё      20293Ё      918 Ё 217,88Ё100,00 Ё
  цдддддддддддддаддддддддедддддддддддеддддддддддедддддддддддеддддддддддедддддддддддеддддддддддедддддддддддеддддддддддедддддддеддддддд╢
  Ёm3 / 1 ha             Ё        112Ё     6,46 Ё         73Ё     2,43 Ё         23Ё      0,52Ё        208Ё     9,41 Ё       Ё       Ё
  цдддддддддддддбддддддддедддддддддддаддддддддддадддддддддддаддддддддддадддддддддддаддддддддддадддддддддддаддддддддддадддддддаддддддд╢
  ЁNeobraslo pr.Ё        Ё                                                                         918,00   97,52                    Ё
  юдддддддддддддаддддддддаддддддддддддддддддддддддддддддддддддддддддддддддддддддддддддддддддддддддддддддддддддддддддддддддддддддддддды
Odsjeci:  14 B ,  14 D ,  15 C ,  16 B ,  18 E ,  20 C ,  22 D ,  23 C ,  24 B ,  24 E ,  26 A ,  27 C                           
  "Hrvatske Гume", d.o.o.                                                                                            Stranica:       1
  GJ:  Mali Kalnik - Orehovec  2011-2020                                                                             Datum: 28.09.2011

                                                                                                                           Obrazac O-5
  VLASNIK:  Privatne Гume                 
                                          
  Namjena Гume:    gospodarske   
  Ureпajni razred: 1132     sikara                                            Ophodnja:    
  здддддддддддддбддддддддбддддддддддддддддддддддддддддддддддддддддддддддддддддддддддддддддддддбддддддддддддддддддддддбдддддддбддддддд©
  Ё             Ё        Ё                  D E B LJ I N S K I   R A Z R E D I                Ё                      Ё       Ё       Ё
  Ё             Ё        цддддддддддддддддддддддбддддддддддддддддддддддбдддддддддддддддддддддд╢      U K U P N O     ЁNormalaЁ Omjer Ё
  Ё Vrsta       ЁPovrГinaЁ      10 - 30 cm      Ё       31 - 50 cm     Ё        > 50 cm       цдддддддддддбдддддддддд╢       Ё smjeseЁ
  Ё drve├a      Ё        цдддддддддддбддддддддддедддддддддддбддддддддддедддддддддддбдддддддддд╢           Ё          Ёpo 1 haЁ       Ё
  Ё             Ё        Ё Drvna masaЁ  Prirast Ё Drvna masaЁ  Prirast Ё Drvna masaЁ  Prirast Ё Drvna masaЁ  Prirast Ё       Ё       Ё
  Ё             цддддддддедддддддддддеддддддддддедддддддддддеддддддддддедддддддддддеддддддддддедддддддддддеддддддддддедддддддеддддддд╢
  Ё             Ё   ha   Ё     m3    Ё    m3    Ё     m3    Ё     m3   Ё     m3    Ё     m3   Ё     m3    Ё     m3   Ё       Ё   %   Ё
  цдддддддддддддеддддддддедддддддддддеддддддддддедддддддддддеддддддддддедддддддддддеддддддддддедддддддддддеддддддддддедддддддеддддддд╢
  Ё             Ё        Ё           Ё          Ё           Ё          Ё           Ё          Ё           Ё          Ё       Ё       Ё
  цдддддддддддддеддддддддедддддддддддеддддддддддедддддддддддеддддддддддедддддддддддеддддддддддедддддддддддеддддддддддедддддддеддддддд╢
  ЁU k u p n o  Ё    1,57Ё           Ё          Ё           Ё          Ё           Ё          Ё           Ё          Ё       Ё       Ё
  цдддддддддддддаддддддддедддддддддддеддддддддддедддддддддддеддддддддддедддддддддддеддддддддддедддддддддддеддддддддддедддддддеддддддд╢
  Ёm3 / 1 ha             Ё           Ё          Ё           Ё          Ё           Ё          Ё           Ё          Ё       Ё       Ё
  цдддддддддддддбддддддддедддддддддддаддддддддддадддддддддддаддддддддддадддддддддддаддддддддддадддддддддддаддддддддддадддддддаддддддд╢
  ЁNeobraslo pr.Ё        Ё                                                                           0,00    1,57                    Ё
  юдддддддддддддаддддддддаддддддддддддддддддддддддддддддддддддддддддддддддддддддддддддддддддддддддддддддддддддддддддддддддддддддддддды
Odsjeci:  27 H                                                                                                                   
  "Hrvatske Гume", d.o.o.                                                                                            Stranica:       1
  GJ:  Mali Kalnik - Orehovec  2011-2020                                                                             Datum: 28.09.2011

                                                                                                                           Obrazac O-5
  VLASNIK:  Privatne Гume                 
                                          
  Namjena Гume:    zaГtitni      
  Ureпajni razred: 3C1102   raynodobna sjemanja;a kitnjaka posebne namjene    Ophodnja:    
  здддддддддддддбддддддддбддддддддддддддддддддддддддддддддддддддддддддддддддддддддддддддддддддбддддддддддддддддддддддбдддддддбддддддд©
  Ё             Ё        Ё                  D E B LJ I N S K I   R A Z R E D I                Ё                      Ё       Ё       Ё
  Ё             Ё        цддддддддддддддддддддддбддддддддддддддддддддддбдддддддддддддддддддддд╢      U K U P N O     ЁNormalaЁ Omjer Ё
  Ё Vrsta       ЁPovrГinaЁ      10 - 30 cm      Ё       31 - 50 cm     Ё        > 50 cm       цдддддддддддбдддддддддд╢       Ё smjeseЁ
  Ё drve├a      Ё        цдддддддддддбддддддддддедддддддддддбддддддддддедддддддддддбдддддддддд╢           Ё          Ёpo 1 haЁ       Ё
  Ё             Ё        Ё Drvna masaЁ  Prirast Ё Drvna masaЁ  Prirast Ё Drvna masaЁ  Prirast Ё Drvna masaЁ  Prirast Ё       Ё       Ё
  Ё             цддддддддедддддддддддеддддддддддедддддддддддеддддддддддедддддддддддеддддддддддедддддддддддеддддддддддедддддддеддддддд╢
  Ё             Ё   ha   Ё     m3    Ё    m3    Ё     m3    Ё     m3   Ё     m3    Ё     m3   Ё     m3    Ё     m3   Ё       Ё   %   Ё
  цдддддддддддддеддддддддедддддддддддеддддддддддедддддддддддеддддддддддедддддддддддеддддддддддедддддддддддеддддддддддедддддддеддддддд╢
  ЁKITNJAK      Ё        Ё       7968Ё      256 Ё      14656Ё      288 Ё       1438Ё        21Ё      24062Ё      565 Ё       Ё 60,07 Ё
  ЁO.BUKVA      Ё        Ё       6570Ё      266 Ё       2156Ё       56 Ё        498Ё         9Ё       9224Ё      331 Ё       Ё 23,03 Ё
  ЁO.GRAB       Ё        Ё       4433Ё      216 Ё        266Ё        7 Ё           Ё          Ё       4699Ё      223 Ё       Ё 11,73 Ё
  ЁBAGREM       Ё        Ё        743Ё       46 Ё         84Ё        3 Ё           Ё          Ё        827Ё       49 Ё       Ё  2,06 Ё
  ЁOTB          Ё        Ё        701Ё       36 Ё        336Ё       10 Ё        116Ё         2Ё       1153Ё       48 Ё       Ё  2,88 Ё
  ЁOMB          Ё        Ё         61Ё        5 Ё         16Ё          Ё           Ё          Ё         77Ё        5 Ё       Ё  0,19 Ё
  ЁC.BOR        Ё        Ё         15Ё        1 Ё           Ё          Ё           Ё          Ё         15Ё        1 Ё       Ё  0,04 Ё
  цдддддддддддддеддддддддедддддддддддеддддддддддедддддддддддеддддддддддедддддддддддеддддддддддедддддддддддеддддддддддедддддддеддддддд╢
  ЁU k u p n o  Ё  177,29Ё      20491Ё      826 Ё      17514Ё      364 Ё       2052Ё        32Ё      40057Ё     1222 Ё 196,63Ё100,00 Ё
  цдддддддддддддаддддддддедддддддддддеддддддддддедддддддддддеддддддддддедддддддддддеддддддддддедддддддддддеддддддддддедддддддеддддддд╢
  Ёm3 / 1 ha             Ё        116Ё     4,66 Ё         99Ё     2,05 Ё         12Ё      0,18Ё        226Ё     6,89 Ё       Ё       Ё
  цдддддддддддддбддддддддедддддддддддаддддддддддадддддддддддаддддддддддадддддддддддаддддддддддадддддддддддаддддддддддадддддддаддддддд╢
  ЁNeobraslo pr.Ё        Ё                                                                        1222,00  177,29                    Ё
  юдддддддддддддаддддддддаддддддддддддддддддддддддддддддддддддддддддддддддддддддддддддддддддддддддддддддддддддддддддддддддддддддддддды
Odsjeci:   1 B ,   2 B ,   3 B ,   4 A ,   4 D ,   5 A ,   6 A ,   7 A ,   9 B ,  10 A ,  10 C                                   
  "Hrvatske Гume", d.o.o.                                                                                            Stranica:       1
  GJ:  Mali Kalnik - Orehovec  2011-2020                                                                             Datum: 28.09.2011

                                                                                                                           Obrazac O-5
  VLASNIK:  Privatne Гume                 
                                          
  Namjena Гume:    zaГtitni      
  Ureпajni razred: 3C1110   raynodobna sjemenja;a bukve posebne namjene       Ophodnja:    
  здддддддддддддбддддддддбддддддддддддддддддддддддддддддддддддддддддддддддддддддддддддддддддддбддддддддддддддддддддддбдддддддбддддддд©
  Ё             Ё        Ё                  D E B LJ I N S K I   R A Z R E D I                Ё                      Ё       Ё       Ё
  Ё             Ё        цддддддддддддддддддддддбддддддддддддддддддддддбдддддддддддддддддддддд╢      U K U P N O     ЁNormalaЁ Omjer Ё
  Ё Vrsta       ЁPovrГinaЁ      10 - 30 cm      Ё       31 - 50 cm     Ё        > 50 cm       цдддддддддддбдддддддддд╢       Ё smjeseЁ
  Ё drve├a      Ё        цдддддддддддбддддддддддедддддддддддбддддддддддедддддддддддбдддддддддд╢           Ё          Ёpo 1 haЁ       Ё
  Ё             Ё        Ё Drvna masaЁ  Prirast Ё Drvna masaЁ  Prirast Ё Drvna masaЁ  Prirast Ё Drvna masaЁ  Prirast Ё       Ё       Ё
  Ё             цддддддддедддддддддддеддддддддддедддддддддддеддддддддддедддддддддддеддддддддддедддддддддддеддддддддддедддддддеддддддд╢
  Ё             Ё   ha   Ё     m3    Ё    m3    Ё     m3    Ё     m3   Ё     m3    Ё     m3   Ё     m3    Ё     m3   Ё       Ё   %   Ё
  цдддддддддддддеддддддддедддддддддддеддддддддддедддддддддддеддддддддддедддддддддддеддддддддддедддддддддддеддддддддддедддддддеддддддд╢
  ЁKITNJAK      Ё        Ё       1322Ё       41 Ё       1731Ё       33 Ё        318Ё         5Ё       3371Ё       79 Ё       Ё 21,43 Ё
  ЁCER          Ё        Ё           Ё          Ё         68Ё        1 Ё           Ё          Ё         68Ё        1 Ё       Ё  0,43 Ё
  ЁO.BUKVA      Ё        Ё       5465Ё      214 Ё       2860Ё       72 Ё        899Ё        19Ё       9224Ё      305 Ё       Ё 58,64 Ё
  ЁO.GRAB       Ё        Ё       1672Ё       78 Ё        244Ё        7 Ё           Ё          Ё       1916Ё       85 Ё       Ё 12,18 Ё
  ЁBAGREM       Ё        Ё        139Ё        7 Ё        208Ё        6 Ё        145Ё         4Ё        492Ё       17 Ё       Ё  3,13 Ё
  ЁOTB          Ё        Ё        253Ё       10 Ё        107Ё        4 Ё         38Ё         1Ё        398Ё       15 Ё       Ё  2,53 Ё
  ЁOMB          Ё        Ё        200Ё       11 Ё         60Ё        2 Ё           Ё          Ё        260Ё       13 Ё       Ё  1,65 Ё
  цдддддддддддддеддддддддедддддддддддеддддддддддедддддддддддеддддддддддедддддддддддеддддддддддедддддддддддеддддддддддедддддддеддддддд╢
  ЁU k u p n o  Ё   78,14Ё       9051Ё      361 Ё       5278Ё      125 Ё       1400Ё        29Ё      15729Ё      515 Ё 204,02Ё100,00 Ё
  цдддддддддддддаддддддддедддддддддддеддддддддддедддддддддддеддддддддддедддддддддддеддддддддддедддддддддддеддддддддддедддддддеддддддд╢
  Ёm3 / 1 ha             Ё        116Ё     4,62 Ё         68Ё     1,60 Ё         18Ё      0,37Ё        201Ё     6,59 Ё       Ё       Ё
  цдддддддддддддбддддддддедддддддддддаддддддддддадддддддддддаддддддддддадддддддддддаддддддддддадддддддддддаддддддддддадддддддаддддддд╢
  ЁNeobraslo pr.Ё        Ё                                                                         515,00   78,14                    Ё
  юдддддддддддддаддддддддаддддддддддддддддддддддддддддддддддддддддддддддддддддддддддддддддддддддддддддддддддддддддддддддддддддддддддды
Odsjeci:   1 A ,   2 A ,   3 A ,   4 E ,   4 F ,   5 B ,   5 C ,   6 B                                                           
  "Hrvatske Гume", d.o.o.                                                                                            Stranica:       1
  GJ:  Mali Kalnik - Orehovec  2011-2020                                                                             Datum: 28.09.2011

                                                                                                                           Obrazac O-5
  VLASNIK:  Privatne Гume                 
                                          
  Namjena Гume:    zaГtitni      
  Ureпajni razred: 3C1127   raynodobna sjemenja;a bagrema posebne namjene     Ophodnja:   0
  здддддддддддддбддддддддбддддддддддддддддддддддддддддддддддддддддддддддддддддддддддддддддддддбддддддддддддддддддддддбдддддддбддддддд©
  Ё             Ё        Ё                  D E B LJ I N S K I   R A Z R E D I                Ё                      Ё       Ё       Ё
  Ё             Ё        цддддддддддддддддддддддбддддддддддддддддддддддбдддддддддддддддддддддд╢      U K U P N O     ЁNormalaЁ Omjer Ё
  Ё Vrsta       ЁPovrГinaЁ      10 - 30 cm      Ё       31 - 50 cm     Ё        > 50 cm       цдддддддддддбдддддддддд╢       Ё smjeseЁ
  Ё drve├a      Ё        цдддддддддддбддддддддддедддддддддддбддддддддддедддддддддддбдддддддддд╢           Ё          Ёpo 1 haЁ       Ё
  Ё             Ё        Ё Drvna masaЁ  Prirast Ё Drvna masaЁ  Prirast Ё Drvna masaЁ  Prirast Ё Drvna masaЁ  Prirast Ё       Ё       Ё
  Ё             цддддддддедддддддддддеддддддддддедддддддддддеддддддддддедддддддддддеддддддддддедддддддддддеддддддддддедддддддеддддддд╢
  Ё             Ё   ha   Ё     m3    Ё    m3    Ё     m3    Ё     m3   Ё     m3    Ё     m3   Ё     m3    Ё     m3   Ё       Ё   %   Ё
  цдддддддддддддеддддддддедддддддддддеддддддддддедддддддддддеддддддддддедддддддддддеддддддддддедддддддддддеддддддддддедддддддеддддддд╢
  ЁKITNJAK      Ё        Ё        179Ё        7 Ё        114Ё        2 Ё           Ё          Ё        293Ё        9 Ё       Ё 31,78 Ё
  ЁBAGREM       Ё        Ё        479Ё       33 Ё         88Ё        3 Ё           Ё          Ё        567Ё       36 Ё       Ё 61,50 Ё
  ЁOTB          Ё        Ё         62Ё        4 Ё           Ё          Ё           Ё          Ё         62Ё        4 Ё       Ё  6,72 Ё
  цдддддддддддддеддддддддедддддддддддеддддддддддедддддддддддеддддддддддедддддддддддеддддддддддедддддддддддеддддддддддедддддддеддддддд╢
  ЁU k u p n o  Ё    9,46Ё        720Ё       44 Ё        202Ё        5 Ё           Ё          Ё        922Ё       49 Ё 133,00Ё100,00 Ё
  цдддддддддддддаддддддддедддддддддддеддддддддддедддддддддддеддддддддддедддддддддддеддддддддддедддддддддддеддддддддддедддддддеддддддд╢
  Ёm3 / 1 ha             Ё         76Ё     4,65 Ё         21Ё     0,53 Ё           Ё          Ё         97Ё     5,18 Ё       Ё       Ё
  цдддддддддддддбддддддддедддддддддддаддддддддддадддддддддддаддддддддддадддддддддддаддддддддддадддддддддддаддддддддддадддддддаддддддд╢
  ЁNeobraslo pr.Ё        Ё                                                                          49,00    9,46                    Ё
  юдддддддддддддаддддддддаддддддддддддддддддддддддддддддддддддддддддддддддддддддддддддддддддддддддддддддддддддддддддддддддддддддддддды
Odsjeci:  10 B                                                                                                                   
  "Hrvatske Гume", d.o.o.                                                                                            Stranica:       1
  GJ:  Mali Kalnik - Orehovec  2011-2020                                                                             Datum: 28.09.2011

                                                                                                                           Obrazac O-5
  VLASNIK:  Privatne Гume                 
                                          
  Namjena Гume:    zaГtitni      
  Ureпajni razred: 3C3110   raynodobna panja;a bukve posebne namjene          Ophodnja:   0
  здддддддддддддбддддддддбддддддддддддддддддддддддддддддддддддддддддддддддддддддддддддддддддддбддддддддддддддддддддддбдддддддбддддддд©
  Ё             Ё        Ё                  D E B LJ I N S K I   R A Z R E D I                Ё                      Ё       Ё       Ё
  Ё             Ё        цддддддддддддддддддддддбддддддддддддддддддддддбдддддддддддддддддддддд╢      U K U P N O     ЁNormalaЁ Omjer Ё
  Ё Vrsta       ЁPovrГinaЁ      10 - 30 cm      Ё       31 - 50 cm     Ё        > 50 cm       цдддддддддддбдддддддддд╢       Ё smjeseЁ
  Ё drve├a      Ё        цдддддддддддбддддддддддедддддддддддбддддддддддедддддддддддбдддддддддд╢           Ё          Ёpo 1 haЁ       Ё
  Ё             Ё        Ё Drvna masaЁ  Prirast Ё Drvna masaЁ  Prirast Ё Drvna masaЁ  Prirast Ё Drvna masaЁ  Prirast Ё       Ё       Ё
  Ё             цддддддддедддддддддддеддддддддддедддддддддддеддддддддддедддддддддддеддддддддддедддддддддддеддддддддддедддддддеддддддд╢
  Ё             Ё   ha   Ё     m3    Ё    m3    Ё     m3    Ё     m3   Ё     m3    Ё     m3   Ё     m3    Ё     m3   Ё       Ё   %   Ё
  цдддддддддддддеддддддддедддддддддддеддддддддддедддддддддддеддддддддддедддддддддддеддддддддддедддддддддддеддддддддддедддддддеддддддд╢
  ЁKITNJAK      Ё        Ё        160Ё        5 Ё        816Ё       16 Ё           Ё          Ё        976Ё       21 Ё       Ё 16,71 Ё
  ЁO.BUKVA      Ё        Ё       2373Ё       94 Ё        577Ё       16 Ё           Ё          Ё       2950Ё      110 Ё       Ё 50,50 Ё
  ЁO.GRAB       Ё        Ё        740Ё       39 Ё        182Ё        5 Ё           Ё          Ё        922Ё       44 Ё       Ё 15,78 Ё
  ЁOTB          Ё        Ё        402Ё       19 Ё        156Ё        4 Ё        108Ё         2Ё        666Ё       25 Ё       Ё 11,40 Ё
  ЁOMB          Ё        Ё        214Ё       11 Ё         23Ё        1 Ё           Ё          Ё        237Ё       12 Ё       Ё  4,06 Ё
  ЁSMREKA       Ё        Ё         91Ё        9 Ё           Ё          Ё           Ё          Ё         91Ё        9 Ё       Ё  1,56 Ё
  цдддддддддддддеддддддддедддддддддддеддддддддддедддддддддддеддддддддддедддддддддддеддддддддддедддддддддддеддддддддддедддддддеддддддд╢
  ЁU k u p n o  Ё   39,82Ё       3980Ё      177 Ё       1754Ё       42 Ё        108Ё         2Ё       5842Ё      221 Ё 208,03Ё100,00 Ё
  цдддддддддддддаддддддддедддддддддддеддддддддддедддддддддддеддддддддддедддддддддддеддддддддддедддддддддддеддддддддддедддддддеддддддд╢
  Ёm3 / 1 ha             Ё        100Ё     4,45 Ё         44Ё     1,05 Ё          3Ё      0,05Ё        147Ё     5,55 Ё       Ё       Ё
  цдддддддддддддбддддддддедддддддддддаддддддддддадддддддддддаддддддддддадддддддддддаддддддддддадддддддддддаддддддддддадддддддаддддддд╢
  ЁNeobraslo pr.Ё        Ё                                                                         221,00   39,82                    Ё
  юдддддддддддддаддддддддаддддддддддддддддддддддддддддддддддддддддддддддддддддддддддддддддддддддддддддддддддддддддддддддддддддддддддды
Odsjeci:   8 A ,   8 B ,   9 A                                                                                                   
"Hrvatske Гume", d.o.o.                                                                                            Stranica:       1
GJ:  Mali Kalnik - Orehovec  2011-2020                                                                             Datum: 28.09.2011

                                                           REKAPITULACIJA                                                Obrazac O-5
VLASNIK:  Privatne Гume                 
N.ФUME:   gospodarske                   

здддддддддддддбддддддддбддддддддддддддддддддддддддддддддддддддддддддддддддддддддддддддддддддбддддддддддддддддддддддбдддддддбддддддд©
Ё             Ё        Ё                  D E B LJ I N S K I   R A Z R E D I                Ё                      Ё       Ё       Ё
Ё             Ё        цддддддддддддддддддддддбддддддддддддддддддддддбдддддддддддддддддддддд╢      U K U P N O     ЁNormalaЁ Omjer Ё
Ё Vrsta       ЁPovrГinaЁ      10 - 30 cm      Ё       31 - 50 cm     Ё        > 50 cm       цдддддддддддбдддддддддд╢       Ё smjeseЁ
Ё drve├a      Ё        цдддддддддддбддддддддддедддддддддддбддддддддддедддддддддддбдддддддддд╢           Ё          Ёpo 1 haЁ       Ё
Ё             Ё        Ё Drvna masaЁ  Prirast Ё Drvna masaЁ  Prirast Ё Drvna masaЁ  Prirast Ё Drvna masaЁ  Prirast Ё       Ё       Ё
Ё             цддддддддедддддддддддеддддддддддедддддддддддеддддддддддедддддддддддеддддддддддедддддддддддеддддддддддедддддддеддддддд╢
Ё             Ё   ha   Ё     m3    Ё    m3    Ё     m3    Ё     m3   Ё     m3    Ё     m3   Ё     m3    Ё     m3   Ё       Ё   %   Ё
цдддддддддддддеддддддддедддддддддддеддддддддддедддддддддддеддддддддддедддддддддддеддддддддддедддддддддддеддддддддддедддддддеддддддд╢
Ё             Ё        Ё           Ё          Ё           Ё          Ё           Ё          Ё           Ё          Ё       Ё       Ё
ЁLU╕NJAK      Ё        Ё        177Ё        4 Ё       2014Ё       45 Ё       2999Ё       50 Ё       5190Ё       99 Ё       Ё  2,48 Ё
ЁKITNJAK      Ё        Ё       4994Ё      179 Ё      29950Ё      650 Ё      21085Ё      341 Ё      56029Ё     1170 Ё       Ё 26,72 Ё
ЁCER          Ё        Ё        340Ё       13 Ё       1165Ё       32 Ё        477Ё        8 Ё       1982Ё       53 Ё       Ё  0,95 Ё
ЁO.BUKVA      Ё        Ё      10647Ё      441 Ё      17222Ё      466 Ё      10163Ё      224 Ё      38032Ё     1131 Ё       Ё 18,14 Ё
ЁO.GRAB       Ё        Ё      26766Ё     1294 Ё      14567Ё      422 Ё       1468Ё       32 Ё      42801Ё     1748 Ё       Ё 20,41 Ё
ЁBAGREM       Ё        Ё      29232Ё     1832 Ё      22637Ё      897 Ё       4642Ё      138 Ё      56511Ё     2867 Ё       Ё 26,95 Ё
ЁOTB          Ё        Ё       2730Ё      127 Ё       2548Ё       68 Ё        329Ё        6 Ё       5607Ё      201 Ё       Ё  2,67 Ё
ЁOMB          Ё        Ё       1618Ё       87 Ё       1360Ё       42 Ё        125Ё        3 Ё       3103Ё      132 Ё       Ё  1,48 Ё
ЁC.BOR        Ё        Ё         15Ё        1 Ё        292Ё        9 Ё        113Ё        3 Ё        420Ё       13 Ё       Ё  0,20 Ё
цдддддддддддддеддддддддедддддддддддеддддддддддедддддддддддеддддддддддедддддддддддеддддддддддедддддддддддеддддддддддедддддддеддддддд╢
ЁU k u p n o  Ё  820,24Ё      76519Ё     3978 Ё      91755Ё     2631 Ё      41401Ё      805 Ё     209675Ё     7414 Ё 237,20Ё100,00 Ё
цдддддддддддддаддддддддедддддддддддеддддддддддедддддддддддеддддддддддедддддддддддеддддддддддедддддддддддеддддддддддедддддддеддддддд╢
Ёm3 / 1 ha             Ё         93Ё     4,85 Ё        112Ё     3,21 Ё         50Ё     0,98 Ё        256Ё     9,04 Ё       Ё       Ё
цдддддддддддддбддддддддедддддддддддаддддддддддадддддддддддаддддддддддадддддддддддаддддддддддадддддддддддаддддддддддадддддддаддддддд╢
ЁNeobraslo pr.Ё        Ё                                                                                                           Ё
юдддддддддддддаддддддддаддддддддддддддддддддддддддддддддддддддддддддддддддддддддддддддддддддддддддддддддддддддддддддддддддддддддддды
"Hrvatske Гume", d.o.o.                                                                                            Stranica:       2
GJ:  Mali Kalnik - Orehovec  2011-2020                                                                             Datum: 28.09.2011

                                                           REKAPITULACIJA                                                Obrazac O-5
VLASNIK:  Privatne Гume                 
N.ФUME:   zaГtitni krajolik             

здддддддддддддбддддддддбддддддддддддддддддддддддддддддддддддддддддддддддддддддддддддддддддддбддддддддддддддддддддддбдддддддбддддддд©
Ё             Ё        Ё                  D E B LJ I N S K I   R A Z R E D I                Ё                      Ё       Ё       Ё
Ё             Ё        цддддддддддддддддддддддбддддддддддддддддддддддбдддддддддддддддддддддд╢      U K U P N O     ЁNormalaЁ Omjer Ё
Ё Vrsta       ЁPovrГinaЁ      10 - 30 cm      Ё       31 - 50 cm     Ё        > 50 cm       цдддддддддддбдддддддддд╢       Ё smjeseЁ
Ё drve├a      Ё        цдддддддддддбддддддддддедддддддддддбддддддддддедддддддддддбдддддддддд╢           Ё          Ёpo 1 haЁ       Ё
Ё             Ё        Ё Drvna masaЁ  Prirast Ё Drvna masaЁ  Prirast Ё Drvna masaЁ  Prirast Ё Drvna masaЁ  Prirast Ё       Ё       Ё
Ё             цддддддддедддддддддддеддддддддддедддддддддддеддддддддддедддддддддддеддддддддддедддддддддддеддддддддддедддддддеддддддд╢
Ё             Ё   ha   Ё     m3    Ё    m3    Ё     m3    Ё     m3   Ё     m3    Ё     m3   Ё     m3    Ё     m3   Ё       Ё   %   Ё
цдддддддддддддеддддддддедддддддддддеддддддддддедддддддддддеддддддддддедддддддддддеддддддддддедддддддддддеддддддддддедддддддеддддддд╢
ЁKITNJAK      Ё        Ё       9629Ё      309 Ё      17317Ё      339 Ё       1756Ё       26 Ё      28702Ё      674 Ё       Ё 45,89 Ё
ЁCER          Ё        Ё           Ё          Ё         68Ё        1 Ё           Ё          Ё         68Ё        1 Ё       Ё  0,11 Ё
ЁO.BUKVA      Ё        Ё      14408Ё      574 Ё       5593Ё      144 Ё       1397Ё       28 Ё      21398Ё      746 Ё       Ё 34,21 Ё
ЁO.GRAB       Ё        Ё       6845Ё      333 Ё        692Ё       19 Ё           Ё          Ё       7537Ё      352 Ё       Ё 12,05 Ё
ЁBAGREM       Ё        Ё       1361Ё       86 Ё        380Ё       12 Ё        145Ё        4 Ё       1886Ё      102 Ё       Ё  3,02 Ё
ЁOTB          Ё        Ё       1418Ё       69 Ё        599Ё       18 Ё        262Ё        5 Ё       2279Ё       92 Ё       Ё  3,64 Ё
ЁOMB          Ё        Ё        475Ё       27 Ё         99Ё        3 Ё           Ё          Ё        574Ё       30 Ё       Ё  0,92 Ё
ЁSMREKA       Ё        Ё         91Ё        9 Ё           Ё          Ё           Ё          Ё         91Ё        9 Ё       Ё  0,15 Ё
ЁC.BOR        Ё        Ё         15Ё        1 Ё           Ё          Ё           Ё          Ё         15Ё        1 Ё       Ё  0,02 Ё
цдддддддддддддеддддддддедддддддддддеддддддддддедддддддддддеддддддддддедддддддддддеддддддддддедддддддддддеддддддддддедддддддеддддддд╢
ЁU k u p n o  Ё  304,71Ё      34242Ё     1408 Ё      24748Ё      536 Ё       3560Ё       63 Ё      62550Ё     2007 Ё 198,04Ё100,00 Ё
цдддддддддддддаддддддддедддддддддддеддддддддддедддддддддддеддддддддддедддддддддддеддддддддддедддддддддддеддддддддддедддддддеддддддд╢
Ёm3 / 1 ha             Ё        112Ё     4,62 Ё         81Ё     1,76 Ё         12Ё     0,21 Ё        205Ё     6,59 Ё       Ё       Ё
цдддддддддддддбддддддддедддддддддддаддддддддддадддддддддддаддддддддддадддддддддддаддддддддддадддддддддддаддддддддддадддддддаддддддд╢
ЁNeobraslo pr.Ё        Ё                                                                                                           Ё
юдддддддддддддаддддддддаддддддддддддддддддддддддддддддддддддддддддддддддддддддддддддддддддддддддддддддддддддддддддддддддддддддддддды
"Hrvatske Гume", d.o.o.                                                                                            Stranica:       1
GJ:  Mali Kalnik - Orehovec  2011-2020                                                                             Datum: 28.09.2011

                                                           REKAPITULACIJA                                                Obrazac O-5
Namjena Гume: GOSPODARSKE         

здддддддддддддбддддддддбддддддддддддддддддддддддддддддддддддддддддддддддддддддддддддддддддддбддддддддддддддддддддддбдддддддбддддддд©
Ё             Ё        Ё                  D E B LJ I N S K I   R A Z R E D I                Ё                      Ё       Ё       Ё
Ё             Ё        цддддддддддддддддддддддбддддддддддддддддддддддбдддддддддддддддддддддд╢      U K U P N O     ЁNormalaЁ Omjer Ё
Ё Vrsta       ЁPovrГinaЁ      10 - 30 cm      Ё       31 - 50 cm     Ё        > 50 cm       цдддддддддддбдддддддддд╢       Ё smjeseЁ
Ё drve├a      Ё        цдддддддддддбддддддддддедддддддддддбддддддддддедддддддддддбдддддддддд╢           Ё          Ёpo 1 haЁ       Ё
Ё             Ё        Ё Drvna masaЁ  Prirast Ё Drvna masaЁ  Prirast Ё Drvna masaЁ  Prirast Ё Drvna masaЁ  Prirast Ё       Ё       Ё
Ё             цддддддддедддддддддддеддддддддддедддддддддддеддддддддддедддддддддддеддддддддддедддддддддддеддддддддддедддддддеддддддд╢
Ё             Ё   ha   Ё     m3    Ё    m3    Ё     m3    Ё     m3   Ё     m3    Ё     m3   Ё     m3    Ё     m3   Ё       Ё   %   Ё
цдддддддддддддеддддддддедддддддддддеддддддддддедддддддддддеддддддддддедддддддддддеддддддддддедддддддддддеддддддддддедддддддеддддддд╢
Ё             Ё        Ё           Ё          Ё           Ё          Ё           Ё          Ё           Ё          Ё       Ё       Ё
ЁLU╕NJAK      Ё        Ё        177Ё        4 Ё       2014Ё       45 Ё       2999Ё       50 Ё       5190Ё       99 Ё       Ё  2,48 Ё
ЁKITNJAK      Ё        Ё       4994Ё      179 Ё      29950Ё      650 Ё      21085Ё      341 Ё      56029Ё     1170 Ё       Ё 26,72 Ё
ЁCER          Ё        Ё        340Ё       13 Ё       1165Ё       32 Ё        477Ё        8 Ё       1982Ё       53 Ё       Ё  0,95 Ё
ЁO.BUKVA      Ё        Ё      10647Ё      441 Ё      17222Ё      466 Ё      10163Ё      224 Ё      38032Ё     1131 Ё       Ё 18,14 Ё
ЁO.GRAB       Ё        Ё      26766Ё     1294 Ё      14567Ё      422 Ё       1468Ё       32 Ё      42801Ё     1748 Ё       Ё 20,41 Ё
ЁBAGREM       Ё        Ё      29232Ё     1832 Ё      22637Ё      897 Ё       4642Ё      138 Ё      56511Ё     2867 Ё       Ё 26,95 Ё
ЁOTB          Ё        Ё       2730Ё      127 Ё       2548Ё       68 Ё        329Ё        6 Ё       5607Ё      201 Ё       Ё  2,67 Ё
ЁOMB          Ё        Ё       1618Ё       87 Ё       1360Ё       42 Ё        125Ё        3 Ё       3103Ё      132 Ё       Ё  1,48 Ё
ЁC.BOR        Ё        Ё         15Ё        1 Ё        292Ё        9 Ё        113Ё        3 Ё        420Ё       13 Ё       Ё  0,20 Ё
цдддддддддддддеддддддддедддддддддддеддддддддддедддддддддддеддддддддддедддддддддддеддддддддддедддддддддддеддддддддддедддддддеддддддд╢
ЁU k u p n o  Ё  820,24Ё      76519Ё     3978 Ё      91755Ё     2631 Ё      41401Ё      805 Ё     209675Ё     7414 Ё 237,20Ё100,00 Ё
цдддддддддддддаддддддддедддддддддддеддддддддддедддддддддддеддддддддддедддддддддддеддддддддддедддддддддддеддддддддддедддддддеддддддд╢
Ёm3 / 1 ha             Ё         93Ё     4,85 Ё        112Ё     3,21 Ё         50Ё     0,98 Ё        256Ё     9,04 Ё       Ё       Ё
цдддддддддддддбддддддддедддддддддддаддддддддддадддддддддддаддддддддддадддддддддддаддддддддддадддддддддддаддддддддддадддддддаддддддд╢
ЁNeobraslo pr.Ё        Ё                                                                                                           Ё
юдддддддддддддаддддддддаддддддддддддддддддддддддддддддддддддддддддддддддддддддддддддддддддддддддддддддддддддддддддддддддддддддддддды
"Hrvatske Гume", d.o.o.                                                                                            Stranica:       2
GJ:  Mali Kalnik - Orehovec  2011-2020                                                                             Datum: 28.09.2011

                                                           REKAPITULACIJA                                                Obrazac O-5
Namjena Гume: POSEBNE NAMJENE     

здддддддддддддбддддддддбддддддддддддддддддддддддддддддддддддддддддддддддддддддддддддддддддддбддддддддддддддддддддддбдддддддбддддддд©
Ё             Ё        Ё                  D E B LJ I N S K I   R A Z R E D I                Ё                      Ё       Ё       Ё
Ё             Ё        цддддддддддддддддддддддбддддддддддддддддддддддбдддддддддддддддддддддд╢      U K U P N O     ЁNormalaЁ Omjer Ё
Ё Vrsta       ЁPovrГinaЁ      10 - 30 cm      Ё       31 - 50 cm     Ё        > 50 cm       цдддддддддддбдддддддддд╢       Ё smjeseЁ
Ё drve├a      Ё        цдддддддддддбддддддддддедддддддддддбддддддддддедддддддддддбдддддддддд╢           Ё          Ёpo 1 haЁ       Ё
Ё             Ё        Ё Drvna masaЁ  Prirast Ё Drvna masaЁ  Prirast Ё Drvna masaЁ  Prirast Ё Drvna masaЁ  Prirast Ё       Ё       Ё
Ё             цддддддддедддддддддддеддддддддддедддддддддддеддддддддддедддддддддддеддддддддддедддддддддддеддддддддддедддддддеддддддд╢
Ё             Ё   ha   Ё     m3    Ё    m3    Ё     m3    Ё     m3   Ё     m3    Ё     m3   Ё     m3    Ё     m3   Ё       Ё   %   Ё
цдддддддддддддеддддддддедддддддддддеддддддддддедддддддддддеддддддддддедддддддддддеддддддддддедддддддддддеддддддддддедддддддеддддддд╢
ЁKITNJAK      Ё        Ё       9629Ё      309 Ё      17317Ё      339 Ё       1756Ё       26 Ё      28702Ё      674 Ё       Ё 45,89 Ё
ЁCER          Ё        Ё           Ё          Ё         68Ё        1 Ё           Ё          Ё         68Ё        1 Ё       Ё  0,11 Ё
ЁO.BUKVA      Ё        Ё      14408Ё      574 Ё       5593Ё      144 Ё       1397Ё       28 Ё      21398Ё      746 Ё       Ё 34,21 Ё
ЁO.GRAB       Ё        Ё       6845Ё      333 Ё        692Ё       19 Ё           Ё          Ё       7537Ё      352 Ё       Ё 12,05 Ё
ЁBAGREM       Ё        Ё       1361Ё       86 Ё        380Ё       12 Ё        145Ё        4 Ё       1886Ё      102 Ё       Ё  3,02 Ё
ЁOTB          Ё        Ё       1418Ё       69 Ё        599Ё       18 Ё        262Ё        5 Ё       2279Ё       92 Ё       Ё  3,64 Ё
ЁOMB          Ё        Ё        475Ё       27 Ё         99Ё        3 Ё           Ё          Ё        574Ё       30 Ё       Ё  0,92 Ё
ЁSMREKA       Ё        Ё         91Ё        9 Ё           Ё          Ё           Ё          Ё         91Ё        9 Ё       Ё  0,15 Ё
ЁC.BOR        Ё        Ё         15Ё        1 Ё           Ё          Ё           Ё          Ё         15Ё        1 Ё       Ё  0,02 Ё
цдддддддддддддеддддддддедддддддддддеддддддддддедддддддддддеддддддддддедддддддддддеддддддддддедддддддддддеддддддддддедддддддеддддддд╢
ЁU k u p n o  Ё  304,71Ё      34242Ё     1408 Ё      24748Ё      536 Ё       3560Ё       63 Ё      62550Ё     2007 Ё 198,04Ё100,00 Ё
цдддддддддддддаддддддддедддддддддддеддддддддддедддддддддддеддддддддддедддддддддддеддддддддддедддддддддддеддддддддддедддддддеддддддд╢
Ёm3 / 1 ha             Ё        112Ё     4,62 Ё         81Ё     1,76 Ё         12Ё     0,21 Ё        205Ё     6,59 Ё       Ё       Ё
цдддддддддддддбддддддддедддддддддддаддддддддддадддддддддддаддддддддддадддддддддддаддддддддддадддддддддддаддддддддддадддддддаддддддд╢
ЁNeobraslo pr.Ё        Ё                                                                                                           Ё
юдддддддддддддаддддддддаддддддддддддддддддддддддддддддддддддддддддддддддддддддддддддддддддддддддддддддддддддддддддддддддддддддддддды
"Hrvatske Гume", d.o.o.                                                                                            Stranica:       1
GJ:  Mali Kalnik - Orehovec  2011-2020                                                                             Datum: 28.09.2011

                                                                                                                         Obrazac O-5


здддддддддддддбддддддддбддддддддддддддддддддддддддддддддддддддддддддддддддддддддддддддддддддбддддддддддддддддддддддбдддддддбддддддд©
Ё             Ё        Ё                  D E B LJ I N S K I   R A Z R E D I                Ё                      Ё       Ё       Ё
Ё             Ё        цддддддддддддддддддддддбддддддддддддддддддддддбдддддддддддддддддддддд╢      U K U P N O     ЁNormalaЁ Omjer Ё
Ё Vrsta       ЁPovrГinaЁ      10 - 30 cm      Ё       31 - 50 cm     Ё        > 50 cm       цдддддддддддбдддддддддд╢       Ё smjeseЁ
Ё drve├a      Ё        цдддддддддддбддддддддддедддддддддддбддддддддддедддддддддддбдддддддддд╢           Ё          Ёpo 1 haЁ       Ё
Ё             Ё        Ё Drvna masaЁ  Prirast Ё Drvna masaЁ  Prirast Ё Drvna masaЁ  Prirast Ё Drvna masaЁ  Prirast Ё       Ё       Ё
Ё             цддддддддедддддддддддеддддддддддедддддддддддеддддддддддедддддддддддеддддддддддедддддддддддеддддддддддедддддддеддддддд╢
Ё             Ё   ha   Ё     m3    Ё    m3    Ё     m3    Ё     m3   Ё     m3    Ё     m3   Ё     m3    Ё     m3   Ё       Ё   %   Ё
цдддддддддддддеддддддддедддддддддддеддддддддддедддддддддддеддддддддддедддддддддддеддддддддддедддддддддддеддддддддддедддддддеддддддд╢
Ё             Ё        Ё           Ё          Ё           Ё          Ё           Ё          Ё           Ё          Ё       Ё       Ё
ЁLU╕NJAK      Ё        Ё        177Ё         4Ё       2014Ё        45Ё       2999Ё        50Ё       5190Ё        99Ё       Ё  1,91 Ё
ЁKITNJAK      Ё        Ё      14623Ё       488Ё      47267Ё       989Ё      22841Ё       367Ё      84731Ё      1844Ё       Ё 31,13 Ё
ЁCER          Ё        Ё        340Ё        13Ё       1233Ё        33Ё        477Ё         8Ё       2050Ё        54Ё       Ё  0,75 Ё
ЁO.BUKVA      Ё        Ё      25055Ё      1015Ё      22815Ё       610Ё      11560Ё       252Ё      59430Ё      1877Ё       Ё 21,83 Ё
ЁO.GRAB       Ё        Ё      33611Ё      1627Ё      15259Ё       441Ё       1468Ё        32Ё      50338Ё      2100Ё       Ё 18,49 Ё
ЁBAGREM       Ё        Ё      30593Ё      1918Ё      23017Ё       909Ё       4787Ё       142Ё      58397Ё      2969Ё       Ё 21,45 Ё
ЁOTB          Ё        Ё       4148Ё       196Ё       3147Ё        86Ё        591Ё        11Ё       7886Ё       293Ё       Ё  2,90 Ё
ЁOMB          Ё        Ё       2093Ё       114Ё       1459Ё        45Ё        125Ё         3Ё       3677Ё       162Ё       Ё  1,35 Ё
ЁSMREKA       Ё        Ё         91Ё         9Ё           Ё          Ё           Ё          Ё         91Ё         9Ё       Ё  0,03 Ё
ЁC.BOR        Ё        Ё         30Ё         2Ё        292Ё         9Ё        113Ё         3Ё        435Ё        14Ё       Ё  0,16 Ё
цдддддддддддддеддддддддедддддддддддеддддддддддедддддддддддеддддддддддедддддддддддеддддддддддедддддддддддеддддддддддедддддддеддддддд╢
ЁU k u p n o  Ё 1124,95Ё     110761Ё      5386Ё     116503Ё      3167Ё      44961Ё       868Ё     272225Ё      9421Ё 226,59Ё100,00 Ё
цдддддддддддддаддддддддедддддддддддеддддддддддедддддддддддеддддддддддедддддддддддеддддддддддедддддддддддеддддддддддедддддддеддддддд╢
Ёm3 / 1 ha             Ё         98Ё      4,79Ё        104Ё      2,82Ё         40Ё      0,77Ё        242Ё      8,37Ё       Ё       Ё
цдддддддддддддбддддддддедддддддддддаддддддддддадддддддддддаддддддддддадддддддддддаддддддддддадддддддддддаддддддддддадддддддаддддддд╢
ЁNeobraslo pr.Ё        Ё                                                                                                           Ё
юдддддддддддддаддддддддаддддддддддддддддддддддддддддддддддддддддддддддддддддддддддддддддддддддддддддддддддддддддддддддддддддддддддды
