"Hrvatske Гume", d.o.o.                                                        Stranica:       1
GJ:  Mali Kalnik - Orehovec  2011-2020                                         Datum: 04.07.2011

VLASNIK:                                                                             Obrazac O-8
BONITET:  I                             

URR: 111127   Raynodobna sjemenja;a bagrema                    Oph.:   0 Namjena: gospodarske   
здддддддддддддддддддддддддддддддддддддддддддддддддддддддддддддддддддддддддддддддддддддддддддддд©
Ё                     O P ▐ A   O S N O V A   S J E ╛ A  ( RAZNODOBNE ФUME )                   Ё
цддддддддддддддддбдддддддддддддддддддддддддддддддддддддддддддддддддддддддддбддддддддддддддддддд╢
Ё                Ё            Gospodarsko razdoblje 2011 - 2030            Ё                   Ё
Ё Vrste          цдддддддддддддддддддддддддддддддддддддбддддддддддддддддддд╢ Gospodarsko razd. Ё
Ё                Ё             Polurazdoblje           Ё   Polurazdoblje   Ё                   Ё
Ё drve├a         Ё              2011 - 2020            Ё    2021 - 2030    Ё    2031 - 2050    Ё
Ё                цдддддддддбдддддддддбдддддддбдддддддддедддддддддбдддддддддедддддддддбддддддддд╢
Ё                Ё         Ё  Drvna  Ё10-god Ё         Ё         Ё         Ё         Ё         Ё
Ё                Ё PovrГinaЁ  masa   ЁprirastЁ   Etat  Ё PovrГinaЁ   Etat  Ё PovrГinaЁ  Etat   Ё
Ё                цдддддддддедддддддддадддддддадддддддддедддддддддедддддддддедддддддддеддддддддд╢
Ё                Ё    ha   Ё             m3            Ё    ha   Ё    m3   Ё    ha   Ё   m3    Ё
цддддддддддддддддедддддддддедддддддддбдддддддбдддддддддедддддддддедддддддддедддддддддеддддддддд╢
ЁLU╕NJAK         Ё         Ё      476Ё     80Ё      112Ё         Ё      116Ё         Ё      229Ё
ЁKITNJAK         Ё         Ё     1826Ё    410Ё      365Ё         Ё      387Ё         Ё      828Ё
ЁO.BUKVA         Ё         Ё     1085Ё    350Ё      183Ё         Ё      196Ё         Ё      403Ё
ЁO.GRAB          Ё         Ё     4584Ё   1910Ё     1152Ё         Ё     1143Ё         Ё     2181Ё
ЁBAGREM          Ё         Ё    10317Ё   5540Ё     3169Ё         Ё     3028Ё         Ё     6270Ё
ЁOTB             Ё         Ё      750Ё    240Ё      110Ё         Ё      125Ё         Ё      237Ё
ЁOMB             Ё         Ё       80Ё     40Ё        8Ё         Ё        7Ё         Ё       15Ё
цддддддддддддддддедддддддддедддддддддедддддддедддддддддедддддддддедддддддддедддддддддеддддддддд╢
ЁU k u p n o     Ё    92,24Ё    19118Ё   8570Ё     5099Ё    92,24Ё     5002Ё   184,48Ё    10163Ё
юддддддддддддддддадддддддддадддддддддадддддддадддддддддадддддддддадддддддддадддддддддаддддддддды
I/1 :  14B   15C   16B   18E   20C   22D   23C   24B   24E   26A   27C                          
I/2 :  14B   15C   16B   18E   20C   22D   23C   24B   24E   26A   27C                          
II  :  14B   15C   16B   18E   20C   22D   23C   24B   24E   26A   27C                          
"Hrvatske Гume", d.o.o.                                                        Stranica:       1
GJ:  Mali Kalnik - Orehovec  2011-2020                                         Datum: 04.07.2011

VLASNIK:                                                                             Obrazac O-8
BONITET:  III                           

URR: 111101   Raynodobna sjemenja;a lu\njaka                   Oph.:   0 Namjena: gospodarske   
здддддддддддддддддддддддддддддддддддддддддддддддддддддддддддддддддддддддддддддддддддддддддддддд©
Ё                     O P ▐ A   O S N O V A   S J E ╛ A  ( RAZNODOBNE ФUME )                   Ё
цддддддддддддддддбдддддддддддддддддддддддддддддддддддддддддддддддддддддддддбддддддддддддддддддд╢
Ё                Ё            Gospodarsko razdoblje 2011 - 2030            Ё                   Ё
Ё Vrste          цдддддддддддддддддддддддддддддддддддддбддддддддддддддддддд╢ Gospodarsko razd. Ё
Ё                Ё             Polurazdoblje           Ё   Polurazdoblje   Ё                   Ё
Ё drve├a         Ё              2011 - 2020            Ё    2021 - 2030    Ё    2031 - 2050    Ё
Ё                цдддддддддбдддддддддбдддддддбдддддддддедддддддддбдддддддддедддддддддбддддддддд╢
Ё                Ё         Ё  Drvna  Ё10-god Ё         Ё         Ё         Ё         Ё         Ё
Ё                Ё PovrГinaЁ  masa   ЁprirastЁ   Etat  Ё PovrГinaЁ   Etat  Ё PovrГinaЁ  Etat   Ё
Ё                цдддддддддедддддддддадддддддадддддддддедддддддддедддддддддедддддддддеддддддддд╢
Ё                Ё    ha   Ё             m3            Ё    ha   Ё    m3   Ё    ha   Ё   m3    Ё
цддддддддддддддддедддддддддедддддддддбдддддддбдддддддддедддддддддедддддддддедддддддддеддддддддд╢
ЁLU╕NJAK         Ё         Ё     2434Ё    450Ё      721Ё         Ё      607Ё         Ё     1126Ё
ЁKITNJAK         Ё         Ё      711Ё    140Ё      207Ё         Ё      195Ё         Ё      338Ё
ЁCER             Ё         Ё      170Ё     40Ё       40Ё         Ё       43Ё         Ё       80Ё
ЁO.BUKVA         Ё         Ё      543Ё    160Ё      112Ё         Ё      119Ё         Ё      231Ё
ЁO.GRAB          Ё         Ё     2672Ё   1070Ё      620Ё         Ё      603Ё         Ё     1295Ё
ЁBAGREM          Ё         Ё     1185Ё    560Ё      333Ё         Ё      358Ё         Ё      721Ё
ЁOTB             Ё         Ё      161Ё     50Ё        9Ё         Ё       10Ё         Ё       19Ё
ЁOMB             Ё         Ё      652Ё    280Ё      166Ё         Ё      156Ё         Ё      495Ё
цддддддддддддддддедддддддддедддддддддедддддддедддддддддедддддддддедддддддддедддддддддеддддддддд╢
ЁU k u p n o     Ё    31,96Ё     8528Ё   2750Ё     2208Ё    31,96Ё     2091Ё    63,92Ё     4305Ё
юддддддддддддддддадддддддддадддддддддадддддддадддддддддадддддддддадддддддддадддддддддаддддддддды
I/1 :  12D   24C   24F   25B   26F   27B                                                        
I/2 :  12D   24C   24F   25B   26F   27B                                                        
II  :  12D   24C   24F   25B   26F   27B                                                        
"Hrvatske Гume", d.o.o.                                                        Stranica:       1
GJ:  Mali Kalnik - Orehovec  2011-2020                                         Datum: 04.07.2011

VLASNIK:                                                                             Obrazac O-8
BONITET:  III                           

URR: 111102   Raynodobna sjemenja;a hrasta kitnjaka            Oph.:   0 Namjena: gospodarske   
здддддддддддддддддддддддддддддддддддддддддддддддддддддддддддддддддддддддддддддддддддддддддддддд©
Ё                     O P ▐ A   O S N O V A   S J E ╛ A  ( RAZNODOBNE ФUME )                   Ё
цддддддддддддддддбдддддддддддддддддддддддддддддддддддддддддддддддддддддддддбддддддддддддддддддд╢
Ё                Ё            Gospodarsko razdoblje 2011 - 2030            Ё                   Ё
Ё Vrste          цдддддддддддддддддддддддддддддддддддддбддддддддддддддддддд╢ Gospodarsko razd. Ё
Ё                Ё             Polurazdoblje           Ё   Polurazdoblje   Ё                   Ё
Ё drve├a         Ё              2011 - 2020            Ё    2021 - 2030    Ё    2031 - 2050    Ё
Ё                цдддддддддбдддддддддбдддддддбдддддддддедддддддддбдддддддддедддддддддбддддддддд╢
Ё                Ё         Ё  Drvna  Ё10-god Ё         Ё         Ё         Ё         Ё         Ё
Ё                Ё PovrГinaЁ  masa   ЁprirastЁ   Etat  Ё PovrГinaЁ   Etat  Ё PovrГinaЁ  Etat   Ё
Ё                цдддддддддедддддддддадддддддадддддддддедддддддддедддддддддедддддддддеддддддддд╢
Ё                Ё    ha   Ё             m3            Ё    ha   Ё    m3   Ё    ha   Ё   m3    Ё
цддддддддддддддддедддддддддедддддддддбдддддддбдддддддддедддддддддедддддддддедддддддддеддддддддд╢
ЁLU╕NJAK         Ё         Ё     1293Ё    280Ё      212Ё         Ё      260Ё         Ё      403Ё
ЁKITNJAK         Ё         Ё    40663Ё   8450Ё    10396Ё         Ё    10246Ё         Ё    19238Ё
ЁCER             Ё         Ё     1042Ё    280Ё      171Ё         Ё      182Ё         Ё      342Ё
ЁO.BUKVA         Ё         Ё    15231Ё   4480Ё     3714Ё         Ё     3744Ё         Ё     6894Ё
ЁO.GRAB          Ё         Ё    23003Ё   9480Ё     5833Ё         Ё     5401Ё         Ё    10546Ё
ЁBAGREM          Ё         Ё    31038Ё  15670Ё     9714Ё         Ё    10437Ё         Ё    19042Ё
ЁOTB             Ё         Ё     2561Ё    910Ё      261Ё         Ё      339Ё         Ё      719Ё
ЁOMB             Ё         Ё     1091Ё    460Ё      102Ё         Ё      128Ё         Ё      282Ё
ЁC.BOR           Ё         Ё       48Ё     10Ё       48Ё         Ё         Ё         Ё         Ё
цддддддддддддддддедддддддддедддддддддедддддддедддддддддедддддддддедддддддддедддддддддеддддддддд╢
ЁU k u p n o     Ё   422,90Ё   115970Ё  40020Ё    30451Ё   422,90Ё    30737Ё   845,80Ё    57466Ё
юддддддддддддддддадддддддддадддддддддадддддддадддддддддадддддддддадддддддддадддддддддаддддддддды
I/1 :  11C   12B   12C   13A   14A   14C   16A   17A   17B   18A   19A   20A   20B   21A        
       22A   22B   22C   23A   23B   24A   25A   26D   26E   27D   27E                          
I/2 :  11C   12B   12C   13A   14A   14C   16A   17A   17B   18A   19A   20A   20B   21A        
       22A   22B   22C   23A   23B   24A   25A   26D   26E   27D   27E                          
II  :  11C   12B   12C   13A   14A   14C   16A   17A   17B   18A   19A   20A   20B   21A        
       22A   22B   22C   23A   23B   24A   25A   26D   26E   27D   27E                          
"Hrvatske Гume", d.o.o.                                                        Stranica:       1
GJ:  Mali Kalnik - Orehovec  2011-2020                                         Datum: 04.07.2011

VLASNIK:                                                                             Obrazac O-8
BONITET:  III                           

URR: 111116   Raynodobna sjemenja;a obi;nog graba              Oph.:   0 Namjena: gospodarske   
здддддддддддддддддддддддддддддддддддддддддддддддддддддддддддддддддддддддддддддддддддддддддддддд©
Ё                     O P ▐ A   O S N O V A   S J E ╛ A  ( RAZNODOBNE ФUME )                   Ё
цддддддддддддддддбдддддддддддддддддддддддддддддддддддддддддддддддддддддддддбддддддддддддддддддд╢
Ё                Ё            Gospodarsko razdoblje 2011 - 2030            Ё                   Ё
Ё Vrste          цдддддддддддддддддддддддддддддддддддддбддддддддддддддддддд╢ Gospodarsko razd. Ё
Ё                Ё             Polurazdoblje           Ё   Polurazdoblje   Ё                   Ё
Ё drve├a         Ё              2011 - 2020            Ё    2021 - 2030    Ё    2031 - 2050    Ё
Ё                цдддддддддбдддддддддбдддддддбдддддддддедддддддддбдддддддддедддддддддбддддддддд╢
Ё                Ё         Ё  Drvna  Ё10-god Ё         Ё         Ё         Ё         Ё         Ё
Ё                Ё PovrГinaЁ  masa   ЁprirastЁ   Etat  Ё PovrГinaЁ   Etat  Ё PovrГinaЁ  Etat   Ё
Ё                цдддддддддедддддддддадддддддадддддддддедддддддддедддддддддедддддддддеддддддддд╢
Ё                Ё    ha   Ё             m3            Ё    ha   Ё    m3   Ё    ha   Ё   m3    Ё
цддддддддддддддддедддддддддедддддддддбдддддддбдддддддддедддддддддедддддддддедддддддддеддддддддд╢
ЁLU╕NJAK         Ё         Ё      919Ё    170Ё      257Ё         Ё      236Ё         Ё      409Ё
ЁKITNJAK         Ё         Ё     1367Ё    300Ё      298Ё         Ё      305Ё         Ё      570Ё
ЁCER             Ё         Ё      770Ё    210Ё      141Ё         Ё      142Ё         Ё      296Ё
ЁO.BUKVA         Ё         Ё      512Ё    140Ё       75Ё         Ё       92Ё         Ё      120Ё
ЁO.GRAB          Ё         Ё     8291Ё   3310Ё     2033Ё         Ё     2060Ё         Ё     4029Ё
ЁBAGREM          Ё         Ё     3323Ё   1600Ё      950Ё         Ё      956Ё         Ё     2012Ё
ЁOTB             Ё         Ё      981Ё    340Ё      180Ё         Ё      168Ё         Ё      370Ё
ЁOMB             Ё         Ё      985Ё    390Ё      249Ё         Ё      241Ё         Ё      420Ё
ЁC.BOR           Ё         Ё      372Ё    120Ё      166Ё         Ё      149Ё         Ё      186Ё
цддддддддддддддддедддддддддедддддддддедддддддедддддддддедддддддддедддддддддедддддддддеддддддддд╢
ЁU k u p n o     Ё    79,05Ё    17520Ё   6580Ё     4349Ё    79,05Ё     4349Ё   158,10Ё     8412Ё
юддддддддддддддддадддддддддадддддддддадддддддадддддддддадддддддддадддддддддадддддддддаддддддддды
I/1 :  13B   18D   19C   20D   20E   24D   25C   26B   26C   27A   27F   27G                    
I/2 :  13B   18D   19C   20D   20E   24D   25C   26B   26C   27A   27F   27G                    
II  :  13B   18D   19C   20D   20E   24D   25C   26B   26C   27A   27F   27G                    
"Hrvatske Гume", d.o.o.                                                        Stranica:       1
GJ:  Mali Kalnik - Orehovec  2011-2020                                         Datum: 04.07.2011

VLASNIK:                                                                             Obrazac O-8
BONITET:  III                           

URR: 111127   Raynodobna sjemenja;a bagrema                    Oph.:   0 Namjena: gospodarske   
здддддддддддддддддддддддддддддддддддддддддддддддддддддддддддддддддддддддддддддддддддддддддддддд©
Ё                     O P ▐ A   O S N O V A   S J E ╛ A  ( RAZNODOBNE ФUME )                   Ё
цддддддддддддддддбдддддддддддддддддддддддддддддддддддддддддддддддддддддддддбддддддддддддддддддд╢
Ё                Ё            Gospodarsko razdoblje 2011 - 2030            Ё                   Ё
Ё Vrste          цдддддддддддддддддддддддддддддддддддддбддддддддддддддддддд╢ Gospodarsko razd. Ё
Ё                Ё             Polurazdoblje           Ё   Polurazdoblje   Ё                   Ё
Ё drve├a         Ё              2011 - 2020            Ё    2021 - 2030    Ё    2031 - 2050    Ё
Ё                цдддддддддбдддддддддбдддддддбдддддддддедддддддддбдддддддддедддддддддбддддддддд╢
Ё                Ё         Ё  Drvna  Ё10-god Ё         Ё         Ё         Ё         Ё         Ё
Ё                Ё PovrГinaЁ  masa   ЁprirastЁ   Etat  Ё PovrГinaЁ   Etat  Ё PovrГinaЁ  Etat   Ё
Ё                цдддддддддедддддддддадддддддадддддддддедддддддддедддддддддедддддддддеддддддддд╢
Ё                Ё    ha   Ё             m3            Ё    ha   Ё    m3   Ё    ha   Ё   m3    Ё
цддддддддддддддддедддддддддедддддддддбдддддддбдддддддддедддддддддедддддддддедддддддддеддддддддд╢
ЁKITNJAK         Ё         Ё      138Ё     50Ё       21Ё         Ё       29Ё         Ё       57Ё
ЁO.BUKVA         Ё         Ё       99Ё     40Ё       16Ё         Ё       18Ё         Ё       40Ё
ЁO.GRAB          Ё         Ё      225Ё     90Ё       48Ё         Ё       45Ё         Ё      100Ё
ЁBAGREM          Ё         Ё      685Ё    400Ё      194Ё         Ё      193Ё         Ё      350Ё
ЁOTB             Ё         Ё       26Ё     20Ё        5Ё         Ё        5Ё         Ё       10Ё
ЁOMB             Ё         Ё        2Ё       Ё         Ё         Ё         Ё         Ё         Ё
цддддддддддддддддедддддддддедддддддддедддддддедддддддддедддддддддедддддддддедддддддддеддддддддд╢
ЁU k u p n o     Ё     5,28Ё     1175Ё    600Ё      284Ё     5,28Ё      290Ё    10,56Ё      557Ё
юддддддддддддддддадддддддддадддддддддадддддддадддддддддадддддддддадддддддддадддддддддаддддддддды
I/1 :  14D                                                                                      
I/2 :  14D                                                                                      
II  :  14D                                                                                      
"Hrvatske Гume", d.o.o.                                                        Stranica:       1
GJ:  Mali Kalnik - Orehovec  2011-2020                                         Datum: 04.07.2011

VLASNIK:                                                                             Obrazac O-8
BONITET:  III                           

URR: 3C1127   raynodobna sjemenja;a bagrema posebne namjene    Oph.:   0 Namjena: zaГtitni      
здддддддддддддддддддддддддддддддддддддддддддддддддддддддддддддддддддддддддддддддддддддддддддддд©
Ё                     O P ▐ A   O S N O V A   S J E ╛ A  ( RAZNODOBNE ФUME )                   Ё
цддддддддддддддддбдддддддддддддддддддддддддддддддддддддддддддддддддддддддддбддддддддддддддддддд╢
Ё                Ё            Gospodarsko razdoblje 2011 - 2030            Ё                   Ё
Ё Vrste          цдддддддддддддддддддддддддддддддддддддбддддддддддддддддддд╢ Gospodarsko razd. Ё
Ё                Ё             Polurazdoblje           Ё   Polurazdoblje   Ё                   Ё
Ё drve├a         Ё              2011 - 2020            Ё    2021 - 2030    Ё    2031 - 2050    Ё
Ё                цдддддддддбдддддддддбдддддддбдддддддддедддддддддбдддддддддедддддддддбддддддддд╢
Ё                Ё         Ё  Drvna  Ё10-god Ё         Ё         Ё         Ё         Ё         Ё
Ё                Ё PovrГinaЁ  masa   ЁprirastЁ   Etat  Ё PovrГinaЁ   Etat  Ё PovrГinaЁ  Etat   Ё
Ё                цдддддддддедддддддддадддддддадддддддддедддддддддедддддддддедддддддддеддддддддд╢
Ё                Ё    ha   Ё             m3            Ё    ha   Ё    m3   Ё    ha   Ё   m3    Ё
цддддддддддддддддедддддддддедддддддддбдддддддбдддддддддедддддддддедддддддддедддддддддеддддддддд╢
ЁKITNJAK         Ё         Ё      293Ё     90Ё       37Ё         Ё       35Ё         Ё       74Ё
ЁBAGREM          Ё         Ё      567Ё    360Ё      104Ё         Ё       91Ё         Ё      176Ё
ЁOTB             Ё         Ё       62Ё     40Ё        9Ё         Ё        9Ё         Ё       20Ё
цддддддддддддддддедддддддддедддддддддедддддддедддддддддедддддддддедддддддддедддддддддеддддддддд╢
ЁU k u p n o     Ё     9,46Ё      922Ё    490Ё      150Ё     9,46Ё      135Ё    18,92Ё      270Ё
юддддддддддддддддадддддддддадддддддддадддддддадддддддддадддддддддадддддддддадддддддддаддддддддды
I/1 :  10B                                                                                      
I/2 :  10B                                                                                      
II  :  10B                                                                                      
"Hrvatske Гume", d.o.o.                                                        Stranica:       1
GJ:  Mali Kalnik - Orehovec  2011-2020                                         Datum: 04.07.2011

VLASNIK:                                                                             Obrazac O-8
BONITET:  IV                            

URR: 111102   Raynodobna sjemenja;a hrasta kitnjaka            Oph.:   0 Namjena: gospodarske   
здддддддддддддддддддддддддддддддддддддддддддддддддддддддддддддддддддддддддддддддддддддддддддддд©
Ё                     O P ▐ A   O S N O V A   S J E ╛ A  ( RAZNODOBNE ФUME )                   Ё
цддддддддддддддддбдддддддддддддддддддддддддддддддддддддддддддддддддддддддддбддддддддддддддддддд╢
Ё                Ё            Gospodarsko razdoblje 2011 - 2030            Ё                   Ё
Ё Vrste          цдддддддддддддддддддддддддддддддддддддбддддддддддддддддддд╢ Gospodarsko razd. Ё
Ё                Ё             Polurazdoblje           Ё   Polurazdoblje   Ё                   Ё
Ё drve├a         Ё              2011 - 2020            Ё    2021 - 2030    Ё    2031 - 2050    Ё
Ё                цдддддддддбдддддддддбдддддддбдддддддддедддддддддбдддддддддедддддддддбддддддддд╢
Ё                Ё         Ё  Drvna  Ё10-god Ё         Ё         Ё         Ё         Ё         Ё
Ё                Ё PovrГinaЁ  masa   ЁprirastЁ   Etat  Ё PovrГinaЁ   Etat  Ё PovrГinaЁ  Etat   Ё
Ё                цдддддддддедддддддддадддддддадддддддддедддддддддедддддддддедддддддддеддддддддд╢
Ё                Ё    ha   Ё             m3            Ё    ha   Ё    m3   Ё    ha   Ё   m3    Ё
цддддддддддддддддедддддддддедддддддддбдддддддбдддддддддедддддддддедддддддддедддддддддеддддддддд╢
ЁKITNJAK         Ё         Ё     1842Ё    410Ё      311Ё         Ё      337Ё         Ё      797Ё
ЁO.BUKVA         Ё         Ё      911Ё    300Ё      171Ё         Ё      183Ё         Ё      370Ё
ЁO.GRAB          Ё         Ё      276Ё    100Ё       53Ё         Ё       51Ё         Ё      115Ё
ЁBAGREM          Ё         Ё       51Ё     30Ё       11Ё         Ё       11Ё         Ё       25Ё
ЁOTB             Ё         Ё      143Ё     60Ё       19Ё         Ё       23Ё         Ё       50Ё
ЁOMB             Ё         Ё       16Ё       Ё         Ё         Ё         Ё         Ё         Ё
цддддддддддддддддедддддддддедддддддддедддддддедддддддддедддддддддедддддддддедддддддддеддддддддд╢
ЁU k u p n o     Ё    16,96Ё     3239Ё    900Ё      565Ё    16,96Ё      605Ё    33,92Ё     1357Ё
юддддддддддддддддадддддддддадддддддддадддддддадддддддддадддддддддадддддддддадддддддддаддддддддды
I/1 :   2C    4B                                                                                
I/2 :   2C    4B                                                                                
II  :   2C    4B                                                                                
"Hrvatske Гume", d.o.o.                                                        Stranica:       1
GJ:  Mali Kalnik - Orehovec  2011-2020                                         Datum: 04.07.2011

VLASNIK:                                                                             Obrazac O-8
BONITET:  IV                            

URR: 111110   Raynodobna sjemenja;a bukve                      Oph.:   0 Namjena: gospodarske   
здддддддддддддддддддддддддддддддддддддддддддддддддддддддддддддддддддддддддддддддддддддддддддддд©
Ё                     O P ▐ A   O S N O V A   S J E ╛ A  ( RAZNODOBNE ФUME )                   Ё
цддддддддддддддддбдддддддддддддддддддддддддддддддддддддддддддддддддддддддддбддддддддддддддддддд╢
Ё                Ё            Gospodarsko razdoblje 2011 - 2030            Ё                   Ё
Ё Vrste          цдддддддддддддддддддддддддддддддддддддбддддддддддддддддддд╢ Gospodarsko razd. Ё
Ё                Ё             Polurazdoblje           Ё   Polurazdoblje   Ё                   Ё
Ё drve├a         Ё              2011 - 2020            Ё    2021 - 2030    Ё    2031 - 2050    Ё
Ё                цдддддддддбдддддддддбдддддддбдддддддддедддддддддбдддддддддедддддддддбддддддддд╢
Ё                Ё         Ё  Drvna  Ё10-god Ё         Ё         Ё         Ё         Ё         Ё
Ё                Ё PovrГinaЁ  masa   ЁprirastЁ   Etat  Ё PovrГinaЁ   Etat  Ё PovrГinaЁ  Etat   Ё
Ё                цдддддддддедддддддддадддддддадддддддддедддддддддедддддддддедддддддддеддддддддд╢
Ё                Ё    ha   Ё             m3            Ё    ha   Ё    m3   Ё    ha   Ё   m3    Ё
цддддддддддддддддедддддддддедддддддддбдддддддбдддддддддедддддддддедддддддддедддддддддеддддддддд╢
ЁLU╕NJAK         Ё         Ё       68Ё     10Ё         Ё         Ё         Ё         Ё         Ё
ЁKITNJAK         Ё         Ё     7132Ё   1460Ё     1769Ё         Ё     1727Ё         Ё     3354Ё
ЁO.BUKVA         Ё         Ё    18321Ё   5440Ё     4196Ё         Ё     4302Ё         Ё     8446Ё
ЁO.GRAB          Ё         Ё     3401Ё   1320Ё      720Ё         Ё      737Ё         Ё     1453Ё
ЁBAGREM          Ё         Ё     6719Ё   3150Ё     2027Ё         Ё     1962Ё         Ё     3582Ё
ЁOTB             Ё         Ё      498Ё    190Ё       46Ё         Ё       54Ё         Ё      126Ё
ЁOMB             Ё         Ё      178Ё    100Ё         Ё         Ё         Ё         Ё         Ё
цддддддддддддддддедддддддддедддддддддедддддддедддддддддедддддддддедддддддддедддддддддеддддддддд╢
ЁU k u p n o     Ё   134,22Ё    36317Ё  11670Ё     8758Ё   134,22Ё     8782Ё   268,44Ё    16961Ё
юддддддддддддддддадддддддддадддддддддадддддддадддддддддадддддддддадддддддддадддддддддаддддддддды
I/1 :   1C    2D    3C    4C    5D   11B   12A   15A   15B   16C   18B   18C   19B              
I/2 :   1C    2D    3C    4C    5D   11B   12A   15A   15B   16C   18B   18C   19B              
II  :   1C    2D    3C    4C    5D   11B   12A   15A   15B   16C   18B   18C   19B              
"Hrvatske Гume", d.o.o.                                                        Stranica:       1
GJ:  Mali Kalnik - Orehovec  2011-2020                                         Datum: 04.07.2011

VLASNIK:                                                                             Obrazac O-8
BONITET:  IV                            

URR: 3C1102   raynodobna sjemanja;a kitnjaka posebne namjene   Oph.:     Namjena: zaГtitni      
здддддддддддддддддддддддддддддддддддддддддддддддддддддддддддддддддддддддддддддддддддддддддддддд©
Ё                     O P ▐ A   O S N O V A   S J E ╛ A  ( RAZNODOBNE ФUME )                   Ё
цддддддддддддддддбдддддддддддддддддддддддддддддддддддддддддддддддддддддддддбддддддддддддддддддд╢
Ё                Ё            Gospodarsko razdoblje 2011 - 2030            Ё                   Ё
Ё Vrste          цдддддддддддддддддддддддддддддддддддддбддддддддддддддддддд╢ Gospodarsko razd. Ё
Ё                Ё             Polurazdoblje           Ё   Polurazdoblje   Ё                   Ё
Ё drve├a         Ё              2011 - 2020            Ё    2021 - 2030    Ё    2031 - 2050    Ё
Ё                цдддддддддбдддддддддбдддддддбдддддддддедддддддддбдддддддддедддддддддбддддддддд╢
Ё                Ё         Ё  Drvna  Ё10-god Ё         Ё         Ё         Ё         Ё         Ё
Ё                Ё PovrГinaЁ  masa   ЁprirastЁ   Etat  Ё PovrГinaЁ   Etat  Ё PovrГinaЁ  Etat   Ё
Ё                цдддддддддедддддддддадддддддадддддддддедддддддддедддддддддедддддддддеддддддддд╢
Ё                Ё    ha   Ё             m3            Ё    ha   Ё    m3   Ё    ha   Ё   m3    Ё
цддддддддддддддддедддддддддедддддддддбдддддддбдддддддддедддддддддедддддддддедддддддддеддддддддд╢
ЁKITNJAK         Ё         Ё    23993Ё   5620Ё     4457Ё         Ё     4619Ё         Ё    10266Ё
ЁO.BUKVA         Ё         Ё     9224Ё   3310Ё     1976Ё         Ё     1995Ё         Ё     3943Ё
ЁO.GRAB          Ё         Ё     4695Ё   2230Ё      920Ё         Ё      916Ё         Ё     1823Ё
ЁBAGREM          Ё         Ё      795Ё    460Ё      126Ё         Ё      151Ё         Ё      294Ё
ЁOTB             Ё         Ё     1144Ё    470Ё      117Ё         Ё      190Ё         Ё      374Ё
ЁOMB             Ё         Ё       77Ё     50Ё         Ё         Ё       36Ё         Ё       48Ё
ЁC.BOR           Ё         Ё       15Ё     10Ё         Ё         Ё         Ё         Ё         Ё
цддддддддддддддддедддддддддедддддддддедддддддедддддддддедддддддддедддддддддедддддддддеддддддддд╢
ЁU k u p n o     Ё   175,57Ё    39943Ё  12150Ё     7596Ё   175,57Ё     7907Ё   351,14Ё    16748Ё
юддддддддддддддддадддддддддадддддддддадддддддадддддддддадддддддддадддддддддадддддддддаддддддддды
I/1 :   1B    2B    3B    4A    5A    6A    7A    9B   10A   10C                                
I/2 :   1B    2B    3B    4A    5A    6A    7A    9B   10A   10C                                
II  :   1B    2B    3B    4A    5A    6A    7A    9B   10A   10C                                
"Hrvatske Гume", d.o.o.                                                        Stranica:       1
GJ:  Mali Kalnik - Orehovec  2011-2020                                         Datum: 04.07.2011

VLASNIK:                                                                             Obrazac O-8
BONITET:  IV                            

URR: 3C1110   raynodobna sjemenja;a bukve posebne namjene      Oph.:     Namjena: zaГtitni      
здддддддддддддддддддддддддддддддддддддддддддддддддддддддддддддддддддддддддддддддддддддддддддддд©
Ё                     O P ▐ A   O S N O V A   S J E ╛ A  ( RAZNODOBNE ФUME )                   Ё
цддддддддддддддддбдддддддддддддддддддддддддддддддддддддддддддддддддддддддддбддддддддддддддддддд╢
Ё                Ё            Gospodarsko razdoblje 2011 - 2030            Ё                   Ё
Ё Vrste          цдддддддддддддддддддддддддддддддддддддбддддддддддддддддддд╢ Gospodarsko razd. Ё
Ё                Ё             Polurazdoblje           Ё   Polurazdoblje   Ё                   Ё
Ё drve├a         Ё              2011 - 2020            Ё    2021 - 2030    Ё    2031 - 2050    Ё
Ё                цдддддддддбдддддддддбдддддддбдддддддддедддддддддбдддддддддедддддддддбддддддддд╢
Ё                Ё         Ё  Drvna  Ё10-god Ё         Ё         Ё         Ё         Ё         Ё
Ё                Ё PovrГinaЁ  masa   ЁprirastЁ   Etat  Ё PovrГinaЁ   Etat  Ё PovrГinaЁ  Etat   Ё
Ё                цдддддддддедддддддддадддддддадддддддддедддддддддедддддддддедддддддддеддддддддд╢
Ё                Ё    ha   Ё             m3            Ё    ha   Ё    m3   Ё    ha   Ё   m3    Ё
цддддддддддддддддедддддддддедддддддддбдддддддбдддддддддедддддддддедддддддддедддддддддеддддддддд╢
ЁKITNJAK         Ё         Ё     2377Ё    540Ё      454Ё         Ё      478Ё         Ё      952Ё
ЁCER             Ё         Ё       68Ё     10Ё        6Ё         Ё       11Ё         Ё       26Ё
ЁO.BUKVA         Ё         Ё     6815Ё   2210Ё     1422Ё         Ё     1314Ё         Ё     2934Ё
ЁO.GRAB          Ё         Ё     1748Ё    780Ё      345Ё         Ё      315Ё         Ё      706Ё
ЁBAGREM          Ё         Ё      109Ё     50Ё         Ё         Ё         Ё         Ё         Ё
ЁOTB             Ё         Ё      346Ё    130Ё       32Ё         Ё       38Ё         Ё       83Ё
ЁOMB             Ё         Ё       97Ё     60Ё        9Ё         Ё       10Ё         Ё       22Ё
цддддддддддддддддедддддддддедддддддддедддддддедддддддддедддддддддедддддддддедддддддддеддддддддд╢
ЁU k u p n o     Ё    63,42Ё    11560Ё   3780Ё     2268Ё    63,42Ё     2166Ё   126,84Ё     4723Ё
юддддддддддддддддадддддддддадддддддддадддддддадддддддддадддддддддадддддддддадддддддддаддддддддды
I/1 :   2A    3A    4E    4F    5B    5C    6B                                                  
I/2 :   2A    3A    4E    4F    5B    5C    6B                                                  
II  :   2A    3A    4E    4F    5B    5C    6B                                                  
"Hrvatske Гume", d.o.o.                                                        Stranica:       1
GJ:  Mali Kalnik - Orehovec  2011-2020                                         Datum: 04.07.2011

VLASNIK:                                                                             Obrazac O-8
BONITET:  IV                            

URR: 3C3110   raynodobna panja;a bukve posebne namjene         Oph.:   0 Namjena: zaГtitni      
здддддддддддддддддддддддддддддддддддддддддддддддддддддддддддддддддддддддддддддддддддддддддддддд©
Ё                     O P ▐ A   O S N O V A   S J E ╛ A  ( RAZNODOBNE ФUME )                   Ё
цддддддддддддддддбдддддддддддддддддддддддддддддддддддддддддддддддддддддддддбддддддддддддддддддд╢
Ё                Ё            Gospodarsko razdoblje 2011 - 2030            Ё                   Ё
Ё Vrste          цдддддддддддддддддддддддддддддддддддддбддддддддддддддддддд╢ Gospodarsko razd. Ё
Ё                Ё             Polurazdoblje           Ё   Polurazdoblje   Ё                   Ё
Ё drve├a         Ё              2011 - 2020            Ё    2021 - 2030    Ё    2031 - 2050    Ё
Ё                цдддддддддбдддддддддбдддддддбдддддддддедддддддддбдддддддддедддддддддбддддддддд╢
Ё                Ё         Ё  Drvna  Ё10-god Ё         Ё         Ё         Ё         Ё         Ё
Ё                Ё PovrГinaЁ  masa   ЁprirastЁ   Etat  Ё PovrГinaЁ   Etat  Ё PovrГinaЁ  Etat   Ё
Ё                цдддддддддедддддддддадддддддадддддддддедддддддддедддддддддедддддддддеддддддддд╢
Ё                Ё    ha   Ё             m3            Ё    ha   Ё    m3   Ё    ha   Ё   m3    Ё
цддддддддддддддддедддддддддедддддддддбдддддддбдддддддддедддддддддедддддддддедддддддддеддддддддд╢
ЁKITNJAK         Ё         Ё      828Ё    180Ё       50Ё         Ё      120Ё         Ё      398Ё
ЁO.BUKVA         Ё         Ё     2815Ё   1040Ё      592Ё         Ё      571Ё         Ё     1305Ё
ЁO.GRAB          Ё         Ё      893Ё    420Ё      190Ё         Ё      173Ё         Ё      361Ё
ЁOTB             Ё         Ё      655Ё    240Ё      160Ё         Ё      148Ё         Ё      266Ё
ЁOMB             Ё         Ё      237Ё    120Ё       45Ё         Ё       43Ё         Ё      114Ё
ЁSMREKA          Ё         Ё         Ё       Ё         Ё         Ё         Ё         Ё         Ё
цддддддддддддддддедддддддддедддддддддедддддддедддддддддедддддддддедддддддддедддддддддеддддддддд╢
ЁU k u p n o     Ё    31,22Ё     5428Ё   2000Ё     1037Ё    31,22Ё     1055Ё    79,64Ё     2444Ё
юддддддддддддддддадддддддддадддддддддадддддддадддддддддадддддддддадддддддддадддддддддаддддддддды
I/1 :   8A    9A                                                                                
I/2 :   8A    9A                                                                                
II  :   8A    8B    9A                                                                          
"Hrvatske Гume", d.o.o.                                                        Stranica:       1
GJ:  Mali Kalnik - Orehovec  2011-2020                                         Datum: 04.07.2011

VLASNIK:  Privatne Гume                                                              Obrazac O-8
BONITET:  IV                            

URR: 3C1110   raynodobna sjemenja;a bukve posebne namjene      Oph.:     Namjena: zaГtitni      
здддддддддддддддддддддддддддддддддддддддддддддддддддддддддддддддддддддддддддддддддддддддддддддд©
Ё                     O P ▐ A   O S N O V A   S J E ╛ A  ( RAZNODOBNE ФUME )                   Ё
цддддддддддддддддбдддддддддддддддддддддддддддддддддддддддддддддддддддддддддбддддддддддддддддддд╢
Ё                Ё            Gospodarsko razdoblje 2011 - 2030            Ё                   Ё
Ё Vrste          цдддддддддддддддддддддддддддддддддддддбддддддддддддддддддд╢ Gospodarsko razd. Ё
Ё                Ё             Polurazdoblje           Ё   Polurazdoblje   Ё                   Ё
Ё drve├a         Ё              2011 - 2020            Ё    2021 - 2030    Ё    2031 - 2050    Ё
Ё                цдддддддддбдддддддддбдддддддбдддддддддедддддддддбдддддддддедддддддддбддддддддд╢
Ё                Ё         Ё  Drvna  Ё10-god Ё         Ё         Ё         Ё         Ё         Ё
Ё                Ё PovrГinaЁ  masa   ЁprirastЁ   Etat  Ё PovrГinaЁ   Etat  Ё PovrГinaЁ  Etat   Ё
Ё                цдддддддддедддддддддадддддддадддддддддедддддддддедддддддддедддддддддеддддддддд╢
Ё                Ё    ha   Ё             m3            Ё    ha   Ё    m3   Ё    ha   Ё   m3    Ё
цддддддддддддддддедддддддддедддддддддбдддддддбдддддддддедддддддддедддддддддедддддддддеддддддддд╢
ЁKITNJAK         Ё         Ё      994Ё    250Ё      209Ё         Ё      219Ё         Ё      458Ё
ЁO.BUKVA         Ё         Ё     2409Ё    840Ё      578Ё         Ё      554Ё         Ё     1180Ё
ЁO.GRAB          Ё         Ё      168Ё     70Ё       32Ё         Ё       34Ё         Ё       72Ё
ЁBAGREM          Ё         Ё      383Ё    120Ё      116Ё         Ё      144Ё         Ё      229Ё
ЁOTB             Ё         Ё       52Ё     20Ё         Ё         Ё         Ё         Ё         Ё
ЁOMB             Ё         Ё      163Ё     70Ё       29Ё         Ё       33Ё         Ё       70Ё
цддддддддддддддддедддддддддедддддддддедддддддедддддддддедддддддддедддддддддедддддддддеддддддддд╢
ЁU k u p n o     Ё    14,72Ё     4169Ё   1370Ё      964Ё    14,72Ё      984Ё    29,44Ё     2009Ё
юддддддддддддддддадддддддддадддддддддадддддддадддддддддадддддддддадддддддддадддддддддаддддддддды
I/1 :   1A                                                                                      
I/2 :   1A                                                                                      
II  :   1A                                                                                      
"Hrvatske Гume", d.o.o.                                                        Stranica:       1
GJ:  Mali Kalnik - Orehovec  2011-2020                                         Datum: 04.07.2011

                                                                                     Obrazac O-8
                                         REKAPITULACIJA

VLASNIK:                                
BONITET:  I                             

здддддддддддддддддддддддддддддддддддддддддддддддддддддддддддддддддддддддддддддддддддддддддддддд©
Ё                     O P ▐ A   O S N O V A   S J E ╛ A  ( RAZNODOBNE ФUME )                   Ё
цддддддддддддддддбдддддддддддддддддддддддддддддддддддддддддддддддддддддддддбддддддддддддддддддд╢
Ё                Ё            Gospodarsko razdoblje 2011 - 2030            Ё                   Ё
Ё Vrste          цдддддддддддддддддддддддддддддддддддддбддддддддддддддддддд╢ Gospodarsko razd. Ё
Ё                Ё             Polurazdoblje           Ё   Polurazdoblje   Ё                   Ё
Ё drve├a         Ё              2011 - 2020            Ё    2021 - 2030    Ё    2031 - 2050    Ё
Ё                цдддддддддбдддддддддбдддддддбдддддддддедддддддддбдддддддддедддддддддбддддддддд╢
Ё                Ё         Ё  Drvna  Ё10-god Ё         Ё         Ё         Ё         Ё         Ё
Ё                Ё PovrГinaЁ  masa   ЁprirastЁ   Etat  Ё PovrГinaЁ   Etat  Ё PovrГinaЁ  Etat   Ё
Ё                цдддддддддедддддддддадддддддадддддддддедддддддддедддддддддедддддддддеддддддддд╢
Ё                Ё    ha   Ё             m3            Ё    ha   Ё    m3   Ё    ha   Ё   m3    Ё
цддддддддддддддддедддддддддедддддддддбдддддддбдддддддддедддддддддедддддддддедддддддддеддддддддд╢
ЁLU╕NJAK         Ё         Ё      476Ё     80Ё      112Ё         Ё      116Ё         Ё      229Ё
ЁKITNJAK         Ё         Ё     1826Ё    410Ё      365Ё         Ё      387Ё         Ё      828Ё
ЁO.BUKVA         Ё         Ё     1085Ё    350Ё      183Ё         Ё      196Ё         Ё      403Ё
ЁO.GRAB          Ё         Ё     4584Ё   1910Ё     1152Ё         Ё     1143Ё         Ё     2181Ё
ЁBAGREM          Ё         Ё    10317Ё   5540Ё     3169Ё         Ё     3028Ё         Ё     6270Ё
ЁOTB             Ё         Ё      750Ё    240Ё      110Ё         Ё      125Ё         Ё      237Ё
ЁOMB             Ё         Ё       80Ё     40Ё        8Ё         Ё        7Ё         Ё       15Ё
цддддддддддддддддедддддддддедддддддддедддддддедддддддддедддддддддедддддддддедддддддддеддддддддд╢
ЁU k u p n o     Ё    92,24Ё    19118Ё   8570Ё     5099Ё    92,24Ё     5002Ё   184,48Ё    10163Ё
юддддддддддддддддадддддддддадддддддддадддддддадддддддддадддддддддадддддддддадддддддддаддддддддды
"Hrvatske Гume", d.o.o.                                                        Stranica:       2
GJ:  Mali Kalnik - Orehovec  2011-2020                                         Datum: 04.07.2011

                                                                                     Obrazac O-8
                                         REKAPITULACIJA

VLASNIK:                                
BONITET:  III                           

здддддддддддддддддддддддддддддддддддддддддддддддддддддддддддддддддддддддддддддддддддддддддддддд©
Ё                     O P ▐ A   O S N O V A   S J E ╛ A  ( RAZNODOBNE ФUME )                   Ё
цддддддддддддддддбдддддддддддддддддддддддддддддддддддддддддддддддддддддддддбддддддддддддддддддд╢
Ё                Ё            Gospodarsko razdoblje 2011 - 2030            Ё                   Ё
Ё Vrste          цдддддддддддддддддддддддддддддддддддддбддддддддддддддддддд╢ Gospodarsko razd. Ё
Ё                Ё             Polurazdoblje           Ё   Polurazdoblje   Ё                   Ё
Ё drve├a         Ё              2011 - 2020            Ё    2021 - 2030    Ё    2031 - 2050    Ё
Ё                цдддддддддбдддддддддбдддддддбдддддддддедддддддддбдддддддддедддддддддбддддддддд╢
Ё                Ё         Ё  Drvna  Ё10-god Ё         Ё         Ё         Ё         Ё         Ё
Ё                Ё PovrГinaЁ  masa   ЁprirastЁ   Etat  Ё PovrГinaЁ   Etat  Ё PovrГinaЁ  Etat   Ё
Ё                цдддддддддедддддддддадддддддадддддддддедддддддддедддддддддедддддддддеддддддддд╢
Ё                Ё    ha   Ё             m3            Ё    ha   Ё    m3   Ё    ha   Ё   m3    Ё
цддддддддддддддддедддддддддедддддддддбдддддддбдддддддддедддддддддедддддддддедддддддддеддддддддд╢
ЁLU╕NJAK         Ё         Ё     4646Ё    900Ё     1190Ё         Ё     1103Ё         Ё     1938Ё
ЁKITNJAK         Ё         Ё    43172Ё   9030Ё    10959Ё         Ё    10810Ё         Ё    20277Ё
ЁCER             Ё         Ё     1982Ё    530Ё      352Ё         Ё      367Ё         Ё      718Ё
ЁO.BUKVA         Ё         Ё    16385Ё   4820Ё     3917Ё         Ё     3973Ё         Ё     7285Ё
ЁO.GRAB          Ё         Ё    34191Ё  13950Ё     8534Ё         Ё     8109Ё         Ё    15970Ё
ЁBAGREM          Ё         Ё    36798Ё  18590Ё    11295Ё         Ё    12035Ё         Ё    22301Ё
ЁOTB             Ё         Ё     3791Ё   1360Ё      464Ё         Ё      531Ё         Ё     1138Ё
ЁOMB             Ё         Ё     2730Ё   1130Ё      517Ё         Ё      525Ё         Ё     1197Ё
ЁC.BOR           Ё         Ё      420Ё    130Ё      214Ё         Ё      149Ё         Ё      186Ё
цддддддддддддддддедддддддддедддддддддедддддддедддддддддедддддддддедддддддддедддддддддеддддддддд╢
ЁU k u p n o     Ё   548,65Ё   144115Ё  50440Ё    37442Ё   548,65Ё    37602Ё  1097,30Ё    71010Ё
юддддддддддддддддадддддддддадддддддддадддддддадддддддддадддддддддадддддддддадддддддддаддддддддды
"Hrvatske Гume", d.o.o.                                                        Stranica:       3
GJ:  Mali Kalnik - Orehovec  2011-2020                                         Datum: 04.07.2011

                                                                                     Obrazac O-8
                                         REKAPITULACIJA

VLASNIK:                                
BONITET:  IV                            

здддддддддддддддддддддддддддддддддддддддддддддддддддддддддддддддддддддддддддддддддддддддддддддд©
Ё                     O P ▐ A   O S N O V A   S J E ╛ A  ( RAZNODOBNE ФUME )                   Ё
цддддддддддддддддбдддддддддддддддддддддддддддддддддддддддддддддддддддддддддбддддддддддддддддддд╢
Ё                Ё            Gospodarsko razdoblje 2011 - 2030            Ё                   Ё
Ё Vrste          цдддддддддддддддддддддддддддддддддддддбддддддддддддддддддд╢ Gospodarsko razd. Ё
Ё                Ё             Polurazdoblje           Ё   Polurazdoblje   Ё                   Ё
Ё drve├a         Ё              2011 - 2020            Ё    2021 - 2030    Ё    2031 - 2050    Ё
Ё                цдддддддддбдддддддддбдддддддбдддддддддедддддддддбдддддддддедддддддддбддддддддд╢
Ё                Ё         Ё  Drvna  Ё10-god Ё         Ё         Ё         Ё         Ё         Ё
Ё                Ё PovrГinaЁ  masa   ЁprirastЁ   Etat  Ё PovrГinaЁ   Etat  Ё PovrГinaЁ  Etat   Ё
Ё                цдддддддддедддддддддадддддддадддддддддедддддддддедддддддддедддддддддеддддддддд╢
Ё                Ё    ha   Ё             m3            Ё    ha   Ё    m3   Ё    ha   Ё   m3    Ё
цддддддддддддддддедддддддддедддддддддбдддддддбдддддддддедддддддддедддддддддедддддддддеддддддддд╢
ЁLU╕NJAK         Ё         Ё       68Ё     10Ё         Ё         Ё         Ё         Ё         Ё
ЁKITNJAK         Ё         Ё    36172Ё   8210Ё     7041Ё         Ё     7281Ё         Ё    15767Ё
ЁCER             Ё         Ё       68Ё     10Ё        6Ё         Ё       11Ё         Ё       26Ё
ЁO.BUKVA         Ё         Ё    38086Ё  12300Ё     8357Ё         Ё     8365Ё         Ё    16998Ё
ЁO.GRAB          Ё         Ё    11013Ё   4850Ё     2228Ё         Ё     2192Ё         Ё     4458Ё
ЁBAGREM          Ё         Ё     7674Ё   3690Ё     2164Ё         Ё     2124Ё         Ё     3901Ё
ЁOTB             Ё         Ё     2786Ё   1090Ё      374Ё         Ё      453Ё         Ё      899Ё
ЁOMB             Ё         Ё      605Ё    330Ё       54Ё         Ё       89Ё         Ё      184Ё
ЁSMREKA          Ё         Ё         Ё       Ё         Ё         Ё         Ё         Ё         Ё
ЁC.BOR           Ё         Ё       15Ё     10Ё         Ё         Ё         Ё         Ё         Ё
цддддддддддддддддедддддддддедддддддддедддддддедддддддддедддддддддедддддддддедддддддддеддддддддд╢
ЁU k u p n o     Ё   421,39Ё    96487Ё  30500Ё    20224Ё   421,39Ё    20515Ё   859,98Ё    42233Ё
юддддддддддддддддадддддддддадддддддддадддддддадддддддддадддддддддадддддддддадддддддддаддддддддды
"Hrvatske Гume", d.o.o.                                                        Stranica:       4
GJ:  Mali Kalnik - Orehovec  2011-2020                                         Datum: 04.07.2011

                                                                                     Obrazac O-8
                                         REKAPITULACIJA

VLASNIK:  Privatne Гume                 
BONITET:  IV                            

здддддддддддддддддддддддддддддддддддддддддддддддддддддддддддддддддддддддддддддддддддддддддддддд©
Ё                     O P ▐ A   O S N O V A   S J E ╛ A  ( RAZNODOBNE ФUME )                   Ё
цддддддддддддддддбдддддддддддддддддддддддддддддддддддддддддддддддддддддддддбддддддддддддддддддд╢
Ё                Ё            Gospodarsko razdoblje 2011 - 2030            Ё                   Ё
Ё Vrste          цдддддддддддддддддддддддддддддддддддддбддддддддддддддддддд╢ Gospodarsko razd. Ё
Ё                Ё             Polurazdoblje           Ё   Polurazdoblje   Ё                   Ё
Ё drve├a         Ё              2011 - 2020            Ё    2021 - 2030    Ё    2031 - 2050    Ё
Ё                цдддддддддбдддддддддбдддддддбдддддддддедддддддддбдддддддддедддддддддбддддддддд╢
Ё                Ё         Ё  Drvna  Ё10-god Ё         Ё         Ё         Ё         Ё         Ё
Ё                Ё PovrГinaЁ  masa   ЁprirastЁ   Etat  Ё PovrГinaЁ   Etat  Ё PovrГinaЁ  Etat   Ё
Ё                цдддддддддедддддддддадддддддадддддддддедддддддддедддддддддедддддддддеддддддддд╢
Ё                Ё    ha   Ё             m3            Ё    ha   Ё    m3   Ё    ha   Ё   m3    Ё
цддддддддддддддддедддддддддедддддддддбдддддддбдддддддддедддддддддедддддддддедддддддддеддддддддд╢
ЁKITNJAK         Ё         Ё      994Ё    250Ё      209Ё         Ё      219Ё         Ё      458Ё
ЁO.BUKVA         Ё         Ё     2409Ё    840Ё      578Ё         Ё      554Ё         Ё     1180Ё
ЁO.GRAB          Ё         Ё      168Ё     70Ё       32Ё         Ё       34Ё         Ё       72Ё
ЁBAGREM          Ё         Ё      383Ё    120Ё      116Ё         Ё      144Ё         Ё      229Ё
ЁOTB             Ё         Ё       52Ё     20Ё         Ё         Ё         Ё         Ё         Ё
ЁOMB             Ё         Ё      163Ё     70Ё       29Ё         Ё       33Ё         Ё       70Ё
цддддддддддддддддедддддддддедддддддддедддддддедддддддддедддддддддедддддддддедддддддддеддддддддд╢
ЁU k u p n o     Ё    14,72Ё     4169Ё   1370Ё      964Ё    14,72Ё      984Ё    29,44Ё     2009Ё
юддддддддддддддддадддддддддадддддддддадддддддадддддддддадддддддддадддддддддадддддддддаддддддддды
"Hrvatske Гume", d.o.o.                                                        Stranica:       1
GJ:  Mali Kalnik - Orehovec  2011-2020                                         Datum: 04.07.2011

                                                                                     Obrazac O-8
                                         REKAPITULACIJA

здддддддддддддддддддддддддддддддддддддддддддддддддддддддддддддддддддддддддддддддддддддддддддддд©
Ё                     O P ▐ A   O S N O V A   S J E ╛ A  ( RAZNODOBNE ФUME )                   Ё
цддддддддддддддддбдддддддддддддддддддддддддддддддддддддддддддддддддддддддддбддддддддддддддддддд╢
Ё                Ё            Gospodarsko razdoblje 2011 - 2030            Ё                   Ё
Ё Vrste          цдддддддддддддддддддддддддддддддддддддбддддддддддддддддддд╢ Gospodarsko razd. Ё
Ё                Ё             Polurazdoblje           Ё   Polurazdoblje   Ё                   Ё
Ё drve├a         Ё              2011 - 2020            Ё    2021 - 2030    Ё    2031 - 2050    Ё
Ё                цдддддддддбдддддддддбдддддддбдддддддддедддддддддбдддддддддедддддддддбддддддддд╢
Ё                Ё         Ё  Drvna  Ё10-god Ё         Ё         Ё         Ё         Ё         Ё
Ё                Ё PovrГinaЁ  masa   ЁprirastЁ   Etat  Ё PovrГinaЁ   Etat  Ё PovrГinaЁ  Etat   Ё
Ё                цдддддддддедддддддддадддддддадддддддддедддддддддедддддддддедддддддддеддддддддд╢
Ё                Ё    ha   Ё             m3            Ё    ha   Ё    m3   Ё    ha   Ё   m3    Ё
цддддддддддддддддедддддддддедддддддддбдддддддбдддддддддедддддддддедддддддддедддддддддеддддддддд╢
ЁLU╕NJAK         Ё         Ё     5190Ё    990Ё     1302Ё         Ё     1219Ё         Ё     2167Ё
ЁKITNJAK         Ё         Ё    82164Ё  17900Ё    18574Ё         Ё    18697Ё         Ё    37330Ё
ЁCER             Ё         Ё     2050Ё    540Ё      358Ё         Ё      378Ё         Ё      744Ё
ЁO.BUKVA         Ё         Ё    57965Ё  18310Ё    13035Ё         Ё    13088Ё         Ё    25866Ё
ЁO.GRAB          Ё         Ё    49956Ё  20780Ё    11946Ё         Ё    11478Ё         Ё    22681Ё
ЁBAGREM          Ё         Ё    55172Ё  27940Ё    16744Ё         Ё    17331Ё         Ё    32701Ё
ЁOTB             Ё         Ё     7379Ё   2710Ё      948Ё         Ё     1109Ё         Ё     2274Ё
ЁOMB             Ё         Ё     3578Ё   1570Ё      608Ё         Ё      654Ё         Ё     1466Ё
ЁSMREKA          Ё         Ё         Ё       Ё         Ё         Ё         Ё         Ё         Ё
ЁC.BOR           Ё         Ё      435Ё    140Ё      214Ё         Ё      149Ё         Ё      186Ё
цддддддддддддддддедддддддддедддддддддедддддддедддддддддедддддддддедддддддддедддддддддеддддддддд╢
ЁU k u p n o     Ё  1077,00Ё   263889Ё  90880Ё    63729Ё  1077,00Ё    64103Ё  2171,20Ё   125415Ё
юддддддддддддддддадддддддддадддддддддадддддддадддддддддадддддддддадддддддддадддддддддаддддддддды
